[0.011s] Invoking command in '/root/ros2_ws/build/realsense_msgs': /usr/local/bin/cmake /root/ros2_ws/src/ros2_intel_realsense/realsense_msgs -DAMENT_CMAKE_SYMLINK_INSTALL=1 -DCMAKE_INSTALL_PREFIX=/root/ros2_ws/install/realsense_msgs
[0.108s] -- The C compiler identification is GNU 7.5.0
[0.185s] -- The CXX compiler identification is GNU 7.5.0
[0.199s] -- Check for working C compiler: /usr/bin/cc
[0.240s] -- Check for working C compiler: /usr/bin/cc -- works
[0.243s] -- Detecting C compiler ABI info
[0.283s] -- Detecting C compiler ABI info - done
[0.322s] -- Detecting C compile features
[0.444s] -- Detecting C compile features - done
[0.452s] -- Check for working CXX compiler: /usr/bin/c++
[0.498s] -- Check for working CXX compiler: /usr/bin/c++ -- works
[0.501s] -- Detecting CXX compiler ABI info
[0.548s] -- Detecting CXX compiler ABI info - done
[0.586s] -- Detecting CXX compile features
[0.808s] -- Detecting CXX compile features - done
[0.816s] CMake Error at CMakeLists.txt:18 (find_package):
[0.816s]   By not providing "Findament_cmake.cmake" in CMAKE_MODULE_PATH this project
[0.816s]   has asked CMake to find a package configuration file provided by
[0.816s]   "ament_cmake", but CMake did not find one.
[0.816s] 
[0.816s]   Could not find a package configuration file provided by "ament_cmake" with
[0.816s]   any of the following names:
[0.816s] 
[0.816s]     ament_cmakeConfig.cmake
[0.816s]     ament_cmake-config.cmake
[0.817s] 
[0.817s]   Add the installation prefix of "ament_cmake" to CMAKE_PREFIX_PATH or set
[0.817s]   "ament_cmake_DIR" to a directory containing one of the above files.  If
[0.817s]   "ament_cmake" provides a separate development package or SDK, be sure it
[0.817s]   has been installed.
[0.817s] 
[0.817s] 
[0.817s] -- Configuring incomplete, errors occurred!
[0.817s] See also "/root/ros2_ws/build/realsense_msgs/CMakeFiles/CMakeOutput.log".
[0.819s] Invoked command in '/root/ros2_ws/build/realsense_msgs' returned '1': /usr/local/bin/cmake /root/ros2_ws/src/ros2_intel_realsense/realsense_msgs -DAMENT_CMAKE_SYMLINK_INSTALL=1 -DCMAKE_INSTALL_PREFIX=/root/ros2_ws/install/realsense_msgs
