[0.014s] Invoking command in '/root/ros2_ws/build/realsense_msgs': CMAKE_PREFIX_PATH=/opt/ros/dashing /usr/local/bin/cmake --build /root/ros2_ws/build/realsense_msgs -- -j16 -l16
[0.033s] [  3%] Built target realsense_msgs__cpp
[0.035s] [ 13%] Built target realsense_msgs__rosidl_generator_c
[0.042s] [ 24%] Built target realsense_msgs__rosidl_typesupport_introspection_cpp
[0.043s] [ 34%] Built target realsense_msgs__rosidl_typesupport_introspection_c
[0.044s] [ 44%] Built target realsense_msgs__rosidl_typesupport_fastrtps_cpp
[0.054s] [ 55%] Built target realsense_msgs__rosidl_typesupport_cpp
[0.055s] [ 65%] Built target realsense_msgs__rosidl_typesupport_fastrtps_c
[0.065s] [ 75%] Built target realsense_msgs__rosidl_typesupport_c
[0.071s] [ 75%] Built target realsense_msgs
[0.078s] [ 79%] Built target realsense_msgs__py
[0.088s] [ 86%] Built target realsense_msgs__python
[0.099s] [ 93%] Built target realsense_msgs__rosidl_typesupport_c__pyext
[0.099s] [100%] Built target realsense_msgs__rosidl_typesupport_fastrtps_c__pyext
[0.102s] Invoked command in '/root/ros2_ws/build/realsense_msgs' returned '0': CMAKE_PREFIX_PATH=/opt/ros/dashing /usr/local/bin/cmake --build /root/ros2_ws/build/realsense_msgs -- -j16 -l16
[0.135s] Invoking command in '/root/ros2_ws/build/realsense_msgs': CMAKE_PREFIX_PATH=/opt/ros/dashing /usr/local/bin/cmake --build /root/ros2_ws/build/realsense_msgs --target install -- -j16 -l16
[0.154s] [  3%] Built target realsense_msgs__cpp
[0.155s] [ 13%] Built target realsense_msgs__rosidl_generator_c
[0.161s] [ 24%] Built target realsense_msgs__rosidl_typesupport_introspection_cpp
[0.162s] [ 34%] Built target realsense_msgs__rosidl_typesupport_introspection_c
[0.163s] [ 44%] Built target realsense_msgs__rosidl_typesupport_fastrtps_cpp
[0.173s] [ 55%] Built target realsense_msgs__rosidl_typesupport_cpp
[0.173s] [ 65%] Built target realsense_msgs__rosidl_typesupport_fastrtps_c
[0.183s] [ 75%] Built target realsense_msgs__rosidl_typesupport_c
[0.189s] [ 75%] Built target realsense_msgs
[0.196s] [ 79%] Built target realsense_msgs__py
[0.206s] [ 86%] Built target realsense_msgs__python
[0.216s] [ 96%] Built target realsense_msgs__rosidl_typesupport_c__pyext
[0.216s] [100%] Built target realsense_msgs__rosidl_typesupport_fastrtps_c__pyext
[0.221s] [36mInstall the project...[0m
[0.225s] -- Install configuration: ""
[0.225s] -- Execute custom install script
[0.226s] -- Up-to-date symlink: /root/ros2_ws/install/realsense_msgs/share/ament_index/resource_index/rosidl_interfaces/realsense_msgs
[0.227s] -- Up-to-date symlink: /root/ros2_ws/install/realsense_msgs/lib/librealsense_msgs__rosidl_typesupport_c.so
[0.227s] -- Up-to-date symlink: /root/ros2_ws/install/realsense_msgs/share/realsense_msgs/environment/library_path.sh
[0.228s] -- Up-to-date symlink: /root/ros2_ws/install/realsense_msgs/lib/librealsense_msgs__rosidl_typesupport_cpp.so
[0.229s] -- Up-to-date symlink: /root/ros2_ws/install/realsense_msgs/include/realsense_msgs/msg/imu_info__rosidl_typesupport_fastrtps_c.h
[0.229s] -- Up-to-date symlink: /root/ros2_ws/install/realsense_msgs/include/realsense_msgs/msg/rosidl_typesupport_fastrtps_c__visibility_control.h
[0.230s] -- Up-to-date symlink: /root/ros2_ws/install/realsense_msgs/lib/librealsense_msgs__rosidl_typesupport_fastrtps_c.so
[0.231s] -- Up-to-date symlink: /root/ros2_ws/install/realsense_msgs/include/realsense_msgs/msg/imu_info.h
[0.231s] -- Up-to-date symlink: /root/ros2_ws/install/realsense_msgs/include/realsense_msgs/msg/imu_info__functions.h
[0.232s] -- Up-to-date symlink: /root/ros2_ws/install/realsense_msgs/include/realsense_msgs/msg/imu_info__struct.h
[0.232s] -- Up-to-date symlink: /root/ros2_ws/install/realsense_msgs/include/realsense_msgs/msg/imu_info__type_support.h
[0.232s] -- Up-to-date symlink: /root/ros2_ws/install/realsense_msgs/include/realsense_msgs/msg/rosidl_generator_c__visibility_control.h
[0.233s] -- Up-to-date symlink: /root/ros2_ws/install/realsense_msgs/lib/librealsense_msgs__rosidl_generator_c.so
[0.234s] -- Up-to-date symlink: /root/ros2_ws/install/realsense_msgs/include/realsense_msgs/msg/imu_info__rosidl_typesupport_fastrtps_cpp.hpp
[0.235s] -- Up-to-date symlink: /root/ros2_ws/install/realsense_msgs/include/realsense_msgs/msg/rosidl_typesupport_fastrtps_cpp__visibility_control.h
[0.236s] -- Up-to-date symlink: /root/ros2_ws/install/realsense_msgs/lib/librealsense_msgs__rosidl_typesupport_fastrtps_cpp.so
[0.237s] -- Up-to-date symlink: /root/ros2_ws/install/realsense_msgs/include/realsense_msgs/msg/imu_info.hpp
[0.237s] -- Up-to-date symlink: /root/ros2_ws/install/realsense_msgs/include/realsense_msgs/msg/imu_info__struct.hpp
[0.237s] -- Up-to-date symlink: /root/ros2_ws/install/realsense_msgs/include/realsense_msgs/msg/imu_info__traits.hpp
[0.238s] -- Up-to-date symlink: /root/ros2_ws/install/realsense_msgs/include/realsense_msgs/msg/imu_info__rosidl_typesupport_introspection_c.h
[0.238s] -- Up-to-date symlink: /root/ros2_ws/install/realsense_msgs/include/realsense_msgs/msg/rosidl_typesupport_introspection_c__visibility_control.h
[0.239s] -- Up-to-date symlink: /root/ros2_ws/install/realsense_msgs/lib/librealsense_msgs__rosidl_typesupport_introspection_c.so
[0.240s] -- Up-to-date symlink: /root/ros2_ws/install/realsense_msgs/include/realsense_msgs/msg/imu_info__rosidl_typesupport_introspection_cpp.hpp
[0.241s] -- Up-to-date symlink: /root/ros2_ws/install/realsense_msgs/lib/librealsense_msgs__rosidl_typesupport_introspection_cpp.so
[0.241s] -- Up-to-date symlink: /root/ros2_ws/install/realsense_msgs/share/realsense_msgs/environment/pythonpath.sh
[0.242s] -- Up-to-date symlink: /root/ros2_ws/install/realsense_msgs/lib/python3.6/site-packages/realsense_msgs/__init__.py
[0.244s] -- Up-to-date symlink: /root/ros2_ws/install/realsense_msgs/lib/python3.6/site-packages/realsense_msgs/msg/__init__.py
[0.244s] -- Up-to-date symlink: /root/ros2_ws/install/realsense_msgs/lib/python3.6/site-packages/realsense_msgs/msg/_imu_info.py
[0.245s] -- Up-to-date symlink: /root/ros2_ws/install/realsense_msgs/lib/python3.6/site-packages/realsense_msgs/realsense_msgs_s__rosidl_typesupport_c.cpython-36m-x86_64-linux-gnu.so
[0.245s] -- Up-to-date symlink: /root/ros2_ws/install/realsense_msgs/lib/python3.6/site-packages/realsense_msgs/realsense_msgs_s__rosidl_typesupport_fastrtps_c.cpython-36m-x86_64-linux-gnu.so
[0.246s] -- Up-to-date symlink: /root/ros2_ws/install/realsense_msgs/lib/librealsense_msgs__python.so
[0.247s] -- Up-to-date symlink: /root/ros2_ws/install/realsense_msgs/share/realsense_msgs/msg/IMUInfo.idl
[0.247s] -- Up-to-date symlink: /root/ros2_ws/install/realsense_msgs/share/realsense_msgs/msg/IMUInfo.msg
[0.248s] -- Up-to-date symlink: /root/ros2_ws/install/realsense_msgs/share/ament_index/resource_index/package_run_dependencies/realsense_msgs
[0.248s] -- Up-to-date symlink: /root/ros2_ws/install/realsense_msgs/share/ament_index/resource_index/parent_prefix_path/realsense_msgs
[0.249s] -- Up-to-date symlink: /root/ros2_ws/install/realsense_msgs/share/realsense_msgs/environment/ament_prefix_path.sh
[0.250s] -- Up-to-date symlink: /root/ros2_ws/install/realsense_msgs/share/realsense_msgs/environment/path.sh
[0.250s] -- Up-to-date symlink: /root/ros2_ws/install/realsense_msgs/share/realsense_msgs/local_setup.bash
[0.251s] -- Up-to-date symlink: /root/ros2_ws/install/realsense_msgs/share/realsense_msgs/local_setup.sh
[0.251s] -- Up-to-date symlink: /root/ros2_ws/install/realsense_msgs/share/realsense_msgs/local_setup.zsh
[0.252s] -- Up-to-date symlink: /root/ros2_ws/install/realsense_msgs/share/ament_index/resource_index/packages/realsense_msgs
[0.252s] -- Up-to-date symlink: /root/ros2_ws/install/realsense_msgs/share/realsense_msgs/cmake/rosidl_cmake-extras.cmake
[0.253s] -- Up-to-date symlink: /root/ros2_ws/install/realsense_msgs/share/realsense_msgs/cmake/ament_cmake_export_dependencies-extras.cmake
[0.253s] -- Up-to-date symlink: /root/ros2_ws/install/realsense_msgs/share/realsense_msgs/cmake/ament_cmake_export_libraries-extras.cmake
[0.254s] -- Up-to-date symlink: /root/ros2_ws/install/realsense_msgs/share/realsense_msgs/cmake/ament_cmake_export_include_directories-extras.cmake
[0.254s] -- Up-to-date symlink: /root/ros2_ws/install/realsense_msgs/share/realsense_msgs/cmake/realsense_msgsConfig.cmake
[0.255s] -- Up-to-date symlink: /root/ros2_ws/install/realsense_msgs/share/realsense_msgs/cmake/realsense_msgsConfig-version.cmake
[0.255s] -- Up-to-date symlink: /root/ros2_ws/install/realsense_msgs/share/realsense_msgs/package.xml
[0.279s] Invoked command in '/root/ros2_ws/build/realsense_msgs' returned '0': CMAKE_PREFIX_PATH=/opt/ros/dashing /usr/local/bin/cmake --build /root/ros2_ws/build/realsense_msgs --target install -- -j16 -l16
