[  2%] Built target grasp_msgs__cpp
[ 13%] Built target grasp_msgs__rosidl_generator_c
[ 24%] Built target grasp_msgs__rosidl_typesupport_introspection_cpp
[ 35%] Built target grasp_msgs__rosidl_typesupport_fastrtps_cpp
[ 46%] Built target grasp_msgs__rosidl_typesupport_introspection_c
[ 57%] Built target grasp_msgs__rosidl_typesupport_cpp
[ 68%] Built target grasp_msgs__rosidl_typesupport_fastrtps_c
[ 80%] Built target grasp_msgs__rosidl_typesupport_c
[ 80%] Built target grasp_msgs
[ 82%] Built target grasp_msgs__py
[ 91%] Built target grasp_msgs__python
[ 95%] Built target grasp_msgs__rosidl_typesupport_c__pyext
[100%] Built target grasp_msgs__rosidl_typesupport_fastrtps_c__pyext
[  2%] Built target grasp_msgs__cpp
[ 13%] Built target grasp_msgs__rosidl_generator_c
[ 24%] Built target grasp_msgs__rosidl_typesupport_introspection_cpp
[ 35%] Built target grasp_msgs__rosidl_typesupport_fastrtps_cpp
[ 46%] Built target grasp_msgs__rosidl_typesupport_introspection_c
[ 57%] Built target grasp_msgs__rosidl_typesupport_cpp
[ 68%] Built target grasp_msgs__rosidl_typesupport_fastrtps_c
[ 80%] Built target grasp_msgs__rosidl_typesupport_c
[ 80%] Built target grasp_msgs
[ 82%] Built target grasp_msgs__py
[ 91%] Built target grasp_msgs__python
[ 95%] Built target grasp_msgs__rosidl_typesupport_fastrtps_c__pyext
[100%] Built target grasp_msgs__rosidl_typesupport_c__pyext
[36mInstall the project...[0m
-- Install configuration: ""
-- Execute custom install script
-- Up-to-date symlink: /root/ros2_ws/install/grasp_msgs/share/ament_index/resource_index/rosidl_interfaces/grasp_msgs
-- Up-to-date symlink: /root/ros2_ws/install/grasp_msgs/lib/libgrasp_msgs__rosidl_typesupport_c.so
-- Up-to-date symlink: /root/ros2_ws/install/grasp_msgs/share/grasp_msgs/environment/library_path.sh
-- Up-to-date symlink: /root/ros2_ws/install/grasp_msgs/lib/libgrasp_msgs__rosidl_typesupport_cpp.so
-- Up-to-date symlink: /root/ros2_ws/install/grasp_msgs/include/grasp_msgs/msg/grasp_config__rosidl_typesupport_fastrtps_c.h
-- Up-to-date symlink: /root/ros2_ws/install/grasp_msgs/include/grasp_msgs/msg/grasp_config_list__rosidl_typesupport_fastrtps_c.h
-- Up-to-date symlink: /root/ros2_ws/install/grasp_msgs/include/grasp_msgs/msg/rosidl_typesupport_fastrtps_c__visibility_control.h
-- Up-to-date symlink: /root/ros2_ws/install/grasp_msgs/include/grasp_msgs/msg/samples_msg__rosidl_typesupport_fastrtps_c.h
-- Up-to-date symlink: /root/ros2_ws/install/grasp_msgs/lib/libgrasp_msgs__rosidl_typesupport_fastrtps_c.so
-- Up-to-date symlink: /root/ros2_ws/install/grasp_msgs/include/grasp_msgs/msg/grasp_config.h
-- Up-to-date symlink: /root/ros2_ws/install/grasp_msgs/include/grasp_msgs/msg/grasp_config__functions.h
-- Up-to-date symlink: /root/ros2_ws/install/grasp_msgs/include/grasp_msgs/msg/grasp_config__struct.h
-- Up-to-date symlink: /root/ros2_ws/install/grasp_msgs/include/grasp_msgs/msg/grasp_config__type_support.h
-- Up-to-date symlink: /root/ros2_ws/install/grasp_msgs/include/grasp_msgs/msg/grasp_config_list.h
-- Up-to-date symlink: /root/ros2_ws/install/grasp_msgs/include/grasp_msgs/msg/grasp_config_list__functions.h
-- Up-to-date symlink: /root/ros2_ws/install/grasp_msgs/include/grasp_msgs/msg/grasp_config_list__struct.h
-- Up-to-date symlink: /root/ros2_ws/install/grasp_msgs/include/grasp_msgs/msg/grasp_config_list__type_support.h
-- Up-to-date symlink: /root/ros2_ws/install/grasp_msgs/include/grasp_msgs/msg/rosidl_generator_c__visibility_control.h
-- Up-to-date symlink: /root/ros2_ws/install/grasp_msgs/include/grasp_msgs/msg/samples_msg.h
-- Up-to-date symlink: /root/ros2_ws/install/grasp_msgs/include/grasp_msgs/msg/samples_msg__functions.h
-- Up-to-date symlink: /root/ros2_ws/install/grasp_msgs/include/grasp_msgs/msg/samples_msg__struct.h
-- Up-to-date symlink: /root/ros2_ws/install/grasp_msgs/include/grasp_msgs/msg/samples_msg__type_support.h
-- Up-to-date symlink: /root/ros2_ws/install/grasp_msgs/lib/libgrasp_msgs__rosidl_generator_c.so
-- Up-to-date symlink: /root/ros2_ws/install/grasp_msgs/include/grasp_msgs/msg/grasp_config__rosidl_typesupport_fastrtps_cpp.hpp
-- Up-to-date symlink: /root/ros2_ws/install/grasp_msgs/include/grasp_msgs/msg/grasp_config_list__rosidl_typesupport_fastrtps_cpp.hpp
-- Up-to-date symlink: /root/ros2_ws/install/grasp_msgs/include/grasp_msgs/msg/rosidl_typesupport_fastrtps_cpp__visibility_control.h
-- Up-to-date symlink: /root/ros2_ws/install/grasp_msgs/include/grasp_msgs/msg/samples_msg__rosidl_typesupport_fastrtps_cpp.hpp
-- Up-to-date symlink: /root/ros2_ws/install/grasp_msgs/lib/libgrasp_msgs__rosidl_typesupport_fastrtps_cpp.so
-- Up-to-date symlink: /root/ros2_ws/install/grasp_msgs/include/grasp_msgs/msg/grasp_config.hpp
-- Up-to-date symlink: /root/ros2_ws/install/grasp_msgs/include/grasp_msgs/msg/grasp_config__struct.hpp
-- Up-to-date symlink: /root/ros2_ws/install/grasp_msgs/include/grasp_msgs/msg/grasp_config__traits.hpp
-- Up-to-date symlink: /root/ros2_ws/install/grasp_msgs/include/grasp_msgs/msg/grasp_config_list.hpp
-- Up-to-date symlink: /root/ros2_ws/install/grasp_msgs/include/grasp_msgs/msg/grasp_config_list__struct.hpp
-- Up-to-date symlink: /root/ros2_ws/install/grasp_msgs/include/grasp_msgs/msg/grasp_config_list__traits.hpp
-- Up-to-date symlink: /root/ros2_ws/install/grasp_msgs/include/grasp_msgs/msg/samples_msg.hpp
-- Up-to-date symlink: /root/ros2_ws/install/grasp_msgs/include/grasp_msgs/msg/samples_msg__struct.hpp
-- Up-to-date symlink: /root/ros2_ws/install/grasp_msgs/include/grasp_msgs/msg/samples_msg__traits.hpp
-- Up-to-date symlink: /root/ros2_ws/install/grasp_msgs/include/grasp_msgs/msg/grasp_config__rosidl_typesupport_introspection_c.h
-- Up-to-date symlink: /root/ros2_ws/install/grasp_msgs/include/grasp_msgs/msg/grasp_config_list__rosidl_typesupport_introspection_c.h
-- Up-to-date symlink: /root/ros2_ws/install/grasp_msgs/include/grasp_msgs/msg/rosidl_typesupport_introspection_c__visibility_control.h
-- Up-to-date symlink: /root/ros2_ws/install/grasp_msgs/include/grasp_msgs/msg/samples_msg__rosidl_typesupport_introspection_c.h
-- Up-to-date symlink: /root/ros2_ws/install/grasp_msgs/lib/libgrasp_msgs__rosidl_typesupport_introspection_c.so
-- Up-to-date symlink: /root/ros2_ws/install/grasp_msgs/include/grasp_msgs/msg/grasp_config__rosidl_typesupport_introspection_cpp.hpp
-- Up-to-date symlink: /root/ros2_ws/install/grasp_msgs/include/grasp_msgs/msg/grasp_config_list__rosidl_typesupport_introspection_cpp.hpp
-- Up-to-date symlink: /root/ros2_ws/install/grasp_msgs/include/grasp_msgs/msg/samples_msg__rosidl_typesupport_introspection_cpp.hpp
-- Up-to-date symlink: /root/ros2_ws/install/grasp_msgs/lib/libgrasp_msgs__rosidl_typesupport_introspection_cpp.so
-- Up-to-date symlink: /root/ros2_ws/install/grasp_msgs/share/grasp_msgs/environment/pythonpath.sh
-- Up-to-date symlink: /root/ros2_ws/install/grasp_msgs/lib/python3.6/site-packages/grasp_msgs/__init__.py
-- Up-to-date symlink: /root/ros2_ws/install/grasp_msgs/lib/python3.6/site-packages/grasp_msgs/msg/__init__.py
-- Up-to-date symlink: /root/ros2_ws/install/grasp_msgs/lib/python3.6/site-packages/grasp_msgs/msg/_grasp_config.py
-- Up-to-date symlink: /root/ros2_ws/install/grasp_msgs/lib/python3.6/site-packages/grasp_msgs/msg/_grasp_config_list.py
-- Up-to-date symlink: /root/ros2_ws/install/grasp_msgs/lib/python3.6/site-packages/grasp_msgs/msg/_samples_msg.py
-- Up-to-date symlink: /root/ros2_ws/install/grasp_msgs/lib/python3.6/site-packages/grasp_msgs/grasp_msgs_s__rosidl_typesupport_c.cpython-36m-x86_64-linux-gnu.so
-- Up-to-date symlink: /root/ros2_ws/install/grasp_msgs/lib/python3.6/site-packages/grasp_msgs/grasp_msgs_s__rosidl_typesupport_fastrtps_c.cpython-36m-x86_64-linux-gnu.so
-- Up-to-date symlink: /root/ros2_ws/install/grasp_msgs/lib/libgrasp_msgs__python.so
-- Up-to-date symlink: /root/ros2_ws/install/grasp_msgs/share/grasp_msgs/msg/GraspConfig.idl
-- Up-to-date symlink: /root/ros2_ws/install/grasp_msgs/share/grasp_msgs/msg/GraspConfigList.idl
-- Up-to-date symlink: /root/ros2_ws/install/grasp_msgs/share/grasp_msgs/msg/SamplesMsg.idl
-- Up-to-date symlink: /root/ros2_ws/install/grasp_msgs/share/grasp_msgs/msg/GraspConfig.msg
-- Up-to-date symlink: /root/ros2_ws/install/grasp_msgs/share/grasp_msgs/msg/GraspConfigList.msg
-- Up-to-date symlink: /root/ros2_ws/install/grasp_msgs/share/grasp_msgs/msg/SamplesMsg.msg
-- Up-to-date symlink: /root/ros2_ws/install/grasp_msgs/share/ament_index/resource_index/package_run_dependencies/grasp_msgs
-- Up-to-date symlink: /root/ros2_ws/install/grasp_msgs/share/ament_index/resource_index/parent_prefix_path/grasp_msgs
-- Up-to-date symlink: /root/ros2_ws/install/grasp_msgs/share/grasp_msgs/environment/ament_prefix_path.sh
-- Up-to-date symlink: /root/ros2_ws/install/grasp_msgs/share/grasp_msgs/environment/path.sh
-- Up-to-date symlink: /root/ros2_ws/install/grasp_msgs/share/grasp_msgs/local_setup.bash
-- Up-to-date symlink: /root/ros2_ws/install/grasp_msgs/share/grasp_msgs/local_setup.sh
-- Up-to-date symlink: /root/ros2_ws/install/grasp_msgs/share/grasp_msgs/local_setup.zsh
-- Up-to-date symlink: /root/ros2_ws/install/grasp_msgs/share/ament_index/resource_index/packages/grasp_msgs
-- Up-to-date symlink: /root/ros2_ws/install/grasp_msgs/share/grasp_msgs/cmake/rosidl_cmake-extras.cmake
-- Up-to-date symlink: /root/ros2_ws/install/grasp_msgs/share/grasp_msgs/cmake/ament_cmake_export_dependencies-extras.cmake
-- Up-to-date symlink: /root/ros2_ws/install/grasp_msgs/share/grasp_msgs/cmake/ament_cmake_export_libraries-extras.cmake
-- Up-to-date symlink: /root/ros2_ws/install/grasp_msgs/share/grasp_msgs/cmake/ament_cmake_export_include_directories-extras.cmake
-- Up-to-date symlink: /root/ros2_ws/install/grasp_msgs/share/grasp_msgs/cmake/grasp_msgsConfig.cmake
-- Up-to-date symlink: /root/ros2_ws/install/grasp_msgs/share/grasp_msgs/cmake/grasp_msgsConfig-version.cmake
-- Up-to-date symlink: /root/ros2_ws/install/grasp_msgs/share/grasp_msgs/package.xml
