[0.015s] Invoking command in '/root/ros2_ws/build/realsense_ros': AMENT_PREFIX_PATH=/root/ros2_ws/install/realsense_msgs:${AMENT_PREFIX_PATH} CMAKE_PREFIX_PATH=/root/ros2_ws/install/realsense_msgs:/opt/ros/dashing LD_LIBRARY_PATH=/root/ros2_ws/install/realsense_msgs/lib:${LD_LIBRARY_PATH} PYTHONPATH=/root/ros2_ws/install/realsense_msgs/lib/python3.6/site-packages:${PYTHONPATH} /usr/local/bin/cmake --build /root/ros2_ws/build/realsense_ros -- -j16 -l16
[0.034s] [ 16%] Built target gtest_main
[0.034s] [ 33%] Built target gtest
[0.048s] [ 83%] Built target realsense_ros
[0.064s] [100%] Built target camera_core
[0.067s] Invoked command in '/root/ros2_ws/build/realsense_ros' returned '0': AMENT_PREFIX_PATH=/root/ros2_ws/install/realsense_msgs:${AMENT_PREFIX_PATH} CMAKE_PREFIX_PATH=/root/ros2_ws/install/realsense_msgs:/opt/ros/dashing LD_LIBRARY_PATH=/root/ros2_ws/install/realsense_msgs/lib:${LD_LIBRARY_PATH} PYTHONPATH=/root/ros2_ws/install/realsense_msgs/lib/python3.6/site-packages:${PYTHONPATH} /usr/local/bin/cmake --build /root/ros2_ws/build/realsense_ros -- -j16 -l16
[0.086s] Invoking command in '/root/ros2_ws/build/realsense_ros': AMENT_PREFIX_PATH=/root/ros2_ws/install/realsense_msgs:${AMENT_PREFIX_PATH} CMAKE_PREFIX_PATH=/root/ros2_ws/install/realsense_msgs:/opt/ros/dashing LD_LIBRARY_PATH=/root/ros2_ws/install/realsense_msgs/lib:${LD_LIBRARY_PATH} PYTHONPATH=/root/ros2_ws/install/realsense_msgs/lib/python3.6/site-packages:${PYTHONPATH} /usr/local/bin/cmake --build /root/ros2_ws/build/realsense_ros --target install -- -j16 -l16
[0.105s] [ 16%] Built target gtest
[0.106s] [ 33%] Built target gtest_main
[0.119s] [ 83%] Built target realsense_ros
[0.135s] [100%] Built target camera_core
[0.139s] [36mInstall the project...[0m
[0.142s] -- Install configuration: ""
[0.143s] -- Execute custom install script
[0.144s] -- Up-to-date symlink: /root/ros2_ws/install/realsense_ros/lib/librealsense_ros.so
[0.146s] -- Up-to-date symlink: /root/ros2_ws/install/realsense_ros/include/realsense/rs_base.hpp
[0.146s] -- Up-to-date symlink: /root/ros2_ws/install/realsense_ros/include/realsense/rs_constants.hpp
[0.147s] -- Up-to-date symlink: /root/ros2_ws/install/realsense_ros/include/realsense/rs_d435.hpp
[0.147s] -- Up-to-date symlink: /root/ros2_ws/install/realsense_ros/include/realsense/rs_d435i.hpp
[0.147s] -- Up-to-date symlink: /root/ros2_ws/install/realsense_ros/include/realsense/rs_factory.hpp
[0.148s] -- Up-to-date symlink: /root/ros2_ws/install/realsense_ros/include/realsense/rs_t265.hpp
[0.149s] -- Up-to-date symlink: /root/ros2_ws/install/realsense_ros/share/realsense_ros/environment/library_path.sh
[0.149s] -- Up-to-date symlink: /root/ros2_ws/install/realsense_ros/share/ament_index/resource_index/package_run_dependencies/realsense_ros
[0.149s] -- Up-to-date symlink: /root/ros2_ws/install/realsense_ros/share/ament_index/resource_index/parent_prefix_path/realsense_ros
[0.150s] -- Up-to-date symlink: /root/ros2_ws/install/realsense_ros/share/realsense_ros/environment/ament_prefix_path.sh
[0.151s] -- Up-to-date symlink: /root/ros2_ws/install/realsense_ros/share/realsense_ros/environment/path.sh
[0.151s] -- Up-to-date symlink: /root/ros2_ws/install/realsense_ros/share/realsense_ros/local_setup.bash
[0.152s] -- Up-to-date symlink: /root/ros2_ws/install/realsense_ros/share/realsense_ros/local_setup.sh
[0.152s] -- Up-to-date symlink: /root/ros2_ws/install/realsense_ros/share/realsense_ros/local_setup.zsh
[0.153s] -- Up-to-date symlink: /root/ros2_ws/install/realsense_ros/share/ament_index/resource_index/packages/realsense_ros
[0.153s] -- Up-to-date symlink: /root/ros2_ws/install/realsense_ros/share/ament_index/resource_index/rclcpp_components/realsense_ros
[0.154s] -- Up-to-date symlink: /root/ros2_ws/install/realsense_ros/share/realsense_ros/cmake/ament_cmake_export_include_directories-extras.cmake
[0.154s] -- Up-to-date symlink: /root/ros2_ws/install/realsense_ros/share/realsense_ros/cmake/ament_cmake_export_libraries-extras.cmake
[0.155s] -- Up-to-date symlink: /root/ros2_ws/install/realsense_ros/share/realsense_ros/cmake/realsense_rosConfig.cmake
[0.155s] -- Up-to-date symlink: /root/ros2_ws/install/realsense_ros/share/realsense_ros/cmake/realsense_rosConfig-version.cmake
[0.155s] -- Up-to-date symlink: /root/ros2_ws/install/realsense_ros/share/realsense_ros/package.xml
[0.158s] Invoked command in '/root/ros2_ws/build/realsense_ros' returned '0': AMENT_PREFIX_PATH=/root/ros2_ws/install/realsense_msgs:${AMENT_PREFIX_PATH} CMAKE_PREFIX_PATH=/root/ros2_ws/install/realsense_msgs:/opt/ros/dashing LD_LIBRARY_PATH=/root/ros2_ws/install/realsense_msgs/lib:${LD_LIBRARY_PATH} PYTHONPATH=/root/ros2_ws/install/realsense_msgs/lib/python3.6/site-packages:${PYTHONPATH} /usr/local/bin/cmake --build /root/ros2_ws/build/realsense_ros --target install -- -j16 -l16
