[0.008s] Invoking command in '/root/ros2_ws/build/grasp_ros2': AMENT_PREFIX_PATH=/root/ros2_ws/install/moveit_msgs:/root/ros2_ws/install/grasp_msgs:${AMENT_PREFIX_PATH} CMAKE_PREFIX_PATH=/root/ros2_ws/install/moveit_msgs:/root/ros2_ws/install/grasp_msgs:/opt/ros/dashing LD_LIBRARY_PATH=/root/ros2_ws/install/moveit_msgs/lib:/root/ros2_ws/install/grasp_msgs/lib:${LD_LIBRARY_PATH} PYTHONPATH=/root/ros2_ws/install/moveit_msgs/lib/python3.6/site-packages:/root/ros2_ws/install/grasp_msgs/lib/python3.6/site-packages:${PYTHONPATH} /usr/local/bin/cmake --build /root/ros2_ws/build/grasp_ros2 -- -j16 -l16
[0.032s] [ 11%] Built target gtest
[0.032s] [ 23%] Built target gtest_main
[0.042s] [ 47%] Built target grasp_plan
[0.051s] [ 70%] Built target grasp_detect
[0.054s] [ 88%] Built target tgrasp_ros2
[0.072s] [100%] Built target grasp_ros2
[0.077s] Invoked command in '/root/ros2_ws/build/grasp_ros2' returned '0': AMENT_PREFIX_PATH=/root/ros2_ws/install/moveit_msgs:/root/ros2_ws/install/grasp_msgs:${AMENT_PREFIX_PATH} CMAKE_PREFIX_PATH=/root/ros2_ws/install/moveit_msgs:/root/ros2_ws/install/grasp_msgs:/opt/ros/dashing LD_LIBRARY_PATH=/root/ros2_ws/install/moveit_msgs/lib:/root/ros2_ws/install/grasp_msgs/lib:${LD_LIBRARY_PATH} PYTHONPATH=/root/ros2_ws/install/moveit_msgs/lib/python3.6/site-packages:/root/ros2_ws/install/grasp_msgs/lib/python3.6/site-packages:${PYTHONPATH} /usr/local/bin/cmake --build /root/ros2_ws/build/grasp_ros2 -- -j16 -l16
[0.103s] Invoking command in '/root/ros2_ws/build/grasp_ros2': AMENT_PREFIX_PATH=/root/ros2_ws/install/moveit_msgs:/root/ros2_ws/install/grasp_msgs:${AMENT_PREFIX_PATH} CMAKE_PREFIX_PATH=/root/ros2_ws/install/moveit_msgs:/root/ros2_ws/install/grasp_msgs:/opt/ros/dashing LD_LIBRARY_PATH=/root/ros2_ws/install/moveit_msgs/lib:/root/ros2_ws/install/grasp_msgs/lib:${LD_LIBRARY_PATH} PYTHONPATH=/root/ros2_ws/install/moveit_msgs/lib/python3.6/site-packages:/root/ros2_ws/install/grasp_msgs/lib/python3.6/site-packages:${PYTHONPATH} /usr/local/bin/cmake --build /root/ros2_ws/build/grasp_ros2 --target install -- -j16 -l16
[0.126s] [ 11%] Built target gtest_main
[0.126s] [ 23%] Built target gtest
[0.136s] [ 47%] Built target grasp_plan
[0.143s] [ 70%] Built target grasp_detect
[0.146s] [ 88%] Built target tgrasp_ros2
[0.166s] [100%] Built target grasp_ros2
[0.171s] [36mInstall the project...[0m
[0.174s] -- Install configuration: ""
[0.175s] -- Execute custom install script
[0.175s] -- Up-to-date symlink: /root/ros2_ws/install/grasp_ros2/lib/libgrasp_detect.so
[0.176s] -- Up-to-date symlink: /root/ros2_ws/install/grasp_ros2/lib/libgrasp_plan.so
[0.176s] -- Up-to-date symlink: /root/ros2_ws/install/grasp_ros2/bin/grasp_ros2
[0.177s] -- Up-to-date symlink: /root/ros2_ws/install/grasp_ros2/lib/grasp_ros2/grasp_ros2
[0.178s] -- Up-to-date symlink: /root/ros2_ws/install/grasp_ros2/include/grasp_library/ros2/consts.hpp
[0.179s] -- Up-to-date symlink: /root/ros2_ws/install/grasp_ros2/include/grasp_library/ros2/grasp_detector_base.hpp
[0.179s] -- Up-to-date symlink: /root/ros2_ws/install/grasp_ros2/include/grasp_library/ros2/grasp_detector_gpd.hpp
[0.179s] -- Up-to-date symlink: /root/ros2_ws/install/grasp_ros2/include/grasp_library/ros2/grasp_planner.hpp
[0.179s] -- Up-to-date symlink: /root/ros2_ws/install/grasp_ros2/include/grasp_library/ros2/ros_params.hpp
[0.180s] -- Up-to-date symlink: /root/ros2_ws/install/grasp_ros2/bin/tgrasp_ros2
[0.181s] -- Up-to-date symlink: /root/ros2_ws/install/grasp_ros2/lib/grasp_ros2/tgrasp_ros2
[0.181s] -- Up-to-date symlink: /root/ros2_ws/install/grasp_ros2/share/ament_index/resource_index/package_run_dependencies/grasp_ros2
[0.182s] -- Up-to-date symlink: /root/ros2_ws/install/grasp_ros2/share/ament_index/resource_index/parent_prefix_path/grasp_ros2
[0.182s] -- Up-to-date symlink: /root/ros2_ws/install/grasp_ros2/share/grasp_ros2/environment/ament_prefix_path.sh
[0.183s] -- Up-to-date symlink: /root/ros2_ws/install/grasp_ros2/share/grasp_ros2/environment/path.sh
[0.184s] -- Up-to-date symlink: /root/ros2_ws/install/grasp_ros2/share/grasp_ros2/local_setup.bash
[0.184s] -- Up-to-date symlink: /root/ros2_ws/install/grasp_ros2/share/grasp_ros2/local_setup.sh
[0.184s] -- Up-to-date symlink: /root/ros2_ws/install/grasp_ros2/share/grasp_ros2/local_setup.zsh
[0.185s] -- Up-to-date symlink: /root/ros2_ws/install/grasp_ros2/share/ament_index/resource_index/packages/grasp_ros2
[0.186s] -- Up-to-date symlink: /root/ros2_ws/install/grasp_ros2/share/ament_index/resource_index/rclcpp_components/grasp_ros2
[0.186s] -- Up-to-date symlink: /root/ros2_ws/install/grasp_ros2/share/grasp_ros2/cmake/grasp_ros2Config.cmake
[0.186s] -- Up-to-date symlink: /root/ros2_ws/install/grasp_ros2/share/grasp_ros2/cmake/grasp_ros2Config-version.cmake
[0.187s] -- Up-to-date symlink: /root/ros2_ws/install/grasp_ros2/share/grasp_ros2/package.xml
[0.190s] Invoked command in '/root/ros2_ws/build/grasp_ros2' returned '0': AMENT_PREFIX_PATH=/root/ros2_ws/install/moveit_msgs:/root/ros2_ws/install/grasp_msgs:${AMENT_PREFIX_PATH} CMAKE_PREFIX_PATH=/root/ros2_ws/install/moveit_msgs:/root/ros2_ws/install/grasp_msgs:/opt/ros/dashing LD_LIBRARY_PATH=/root/ros2_ws/install/moveit_msgs/lib:/root/ros2_ws/install/grasp_msgs/lib:${LD_LIBRARY_PATH} PYTHONPATH=/root/ros2_ws/install/moveit_msgs/lib/python3.6/site-packages:/root/ros2_ws/install/grasp_msgs/lib/python3.6/site-packages:${PYTHONPATH} /usr/local/bin/cmake --build /root/ros2_ws/build/grasp_ros2 --target install -- -j16 -l16
