[  1%] Built target moveit_msgs__cpp
[ 12%] Built target moveit_msgs__rosidl_generator_c
[ 24%] Built target moveit_msgs__rosidl_typesupport_introspection_cpp
[ 36%] Built target moveit_msgs__rosidl_typesupport_fastrtps_cpp
[ 48%] Built target moveit_msgs__rosidl_typesupport_introspection_c
[ 59%] Built target moveit_msgs__rosidl_typesupport_cpp
[ 71%] Built target moveit_msgs__rosidl_typesupport_fastrtps_c
[ 83%] Built target moveit_msgs__rosidl_typesupport_c
[ 83%] Built target moveit_msgs
[ 84%] Built target moveit_msgs__py
[ 94%] Built target moveit_msgs__python
[ 97%] Built target moveit_msgs__rosidl_typesupport_fastrtps_c__pyext
[100%] Built target moveit_msgs__rosidl_typesupport_c__pyext
[  1%] Built target moveit_msgs__cpp
[ 12%] Built target moveit_msgs__rosidl_generator_c
[ 24%] Built target moveit_msgs__rosidl_typesupport_introspection_cpp
[ 36%] Built target moveit_msgs__rosidl_typesupport_fastrtps_cpp
[ 48%] Built target moveit_msgs__rosidl_typesupport_introspection_c
[ 71%] Built target moveit_msgs__rosidl_typesupport_cpp
[ 71%] Built target moveit_msgs__rosidl_typesupport_fastrtps_c
[ 83%] Built target moveit_msgs__rosidl_typesupport_c
[ 83%] Built target moveit_msgs
[ 84%] Built target moveit_msgs__py
[ 94%] Built target moveit_msgs__python
[100%] Built target moveit_msgs__rosidl_typesupport_fastrtps_c__pyext
[100%] Built target moveit_msgs__rosidl_typesupport_c__pyext
[36mInstall the project...[0m
-- Install configuration: ""
-- Execute custom install script
-- Up-to-date symlink: /root/ros2_ws/install/moveit_msgs/share/ament_index/resource_index/rosidl_interfaces/moveit_msgs
-- Up-to-date symlink: /root/ros2_ws/install/moveit_msgs/lib/libmoveit_msgs__rosidl_typesupport_c.so
-- Up-to-date symlink: /root/ros2_ws/install/moveit_msgs/share/moveit_msgs/environment/library_path.sh
-- Up-to-date symlink: /root/ros2_ws/install/moveit_msgs/lib/libmoveit_msgs__rosidl_typesupport_cpp.so
-- Up-to-date symlink: /root/ros2_ws/install/moveit_msgs/include/moveit_msgs/msg/collision_object__rosidl_typesupport_fastrtps_c.h
-- Up-to-date symlink: /root/ros2_ws/install/moveit_msgs/include/moveit_msgs/msg/grasp__rosidl_typesupport_fastrtps_c.h
-- Up-to-date symlink: /root/ros2_ws/install/moveit_msgs/include/moveit_msgs/msg/gripper_translation__rosidl_typesupport_fastrtps_c.h
-- Up-to-date symlink: /root/ros2_ws/install/moveit_msgs/include/moveit_msgs/msg/move_it_error_codes__rosidl_typesupport_fastrtps_c.h
-- Up-to-date symlink: /root/ros2_ws/install/moveit_msgs/include/moveit_msgs/msg/object_type__rosidl_typesupport_fastrtps_c.h
-- Up-to-date symlink: /root/ros2_ws/install/moveit_msgs/include/moveit_msgs/msg/place_location__rosidl_typesupport_fastrtps_c.h
-- Up-to-date symlink: /root/ros2_ws/install/moveit_msgs/include/moveit_msgs/msg/rosidl_typesupport_fastrtps_c__visibility_control.h
-- Up-to-date symlink: /root/ros2_ws/install/moveit_msgs/include/moveit_msgs/srv/grasp_planning__rosidl_typesupport_fastrtps_c.h
-- Up-to-date symlink: /root/ros2_ws/install/moveit_msgs/lib/libmoveit_msgs__rosidl_typesupport_fastrtps_c.so
-- Up-to-date symlink: /root/ros2_ws/install/moveit_msgs/include/moveit_msgs/msg/collision_object.h
-- Up-to-date symlink: /root/ros2_ws/install/moveit_msgs/include/moveit_msgs/msg/collision_object__functions.h
-- Up-to-date symlink: /root/ros2_ws/install/moveit_msgs/include/moveit_msgs/msg/collision_object__struct.h
-- Up-to-date symlink: /root/ros2_ws/install/moveit_msgs/include/moveit_msgs/msg/collision_object__type_support.h
-- Up-to-date symlink: /root/ros2_ws/install/moveit_msgs/include/moveit_msgs/msg/grasp.h
-- Up-to-date symlink: /root/ros2_ws/install/moveit_msgs/include/moveit_msgs/msg/grasp__functions.h
-- Up-to-date symlink: /root/ros2_ws/install/moveit_msgs/include/moveit_msgs/msg/grasp__struct.h
-- Up-to-date symlink: /root/ros2_ws/install/moveit_msgs/include/moveit_msgs/msg/grasp__type_support.h
-- Up-to-date symlink: /root/ros2_ws/install/moveit_msgs/include/moveit_msgs/msg/gripper_translation.h
-- Up-to-date symlink: /root/ros2_ws/install/moveit_msgs/include/moveit_msgs/msg/gripper_translation__functions.h
-- Up-to-date symlink: /root/ros2_ws/install/moveit_msgs/include/moveit_msgs/msg/gripper_translation__struct.h
-- Up-to-date symlink: /root/ros2_ws/install/moveit_msgs/include/moveit_msgs/msg/gripper_translation__type_support.h
-- Up-to-date symlink: /root/ros2_ws/install/moveit_msgs/include/moveit_msgs/msg/move_it_error_codes.h
-- Up-to-date symlink: /root/ros2_ws/install/moveit_msgs/include/moveit_msgs/msg/move_it_error_codes__functions.h
-- Up-to-date symlink: /root/ros2_ws/install/moveit_msgs/include/moveit_msgs/msg/move_it_error_codes__struct.h
-- Up-to-date symlink: /root/ros2_ws/install/moveit_msgs/include/moveit_msgs/msg/move_it_error_codes__type_support.h
-- Up-to-date symlink: /root/ros2_ws/install/moveit_msgs/include/moveit_msgs/msg/object_type.h
-- Up-to-date symlink: /root/ros2_ws/install/moveit_msgs/include/moveit_msgs/msg/object_type__functions.h
-- Up-to-date symlink: /root/ros2_ws/install/moveit_msgs/include/moveit_msgs/msg/object_type__struct.h
-- Up-to-date symlink: /root/ros2_ws/install/moveit_msgs/include/moveit_msgs/msg/object_type__type_support.h
-- Up-to-date symlink: /root/ros2_ws/install/moveit_msgs/include/moveit_msgs/msg/place_location.h
-- Up-to-date symlink: /root/ros2_ws/install/moveit_msgs/include/moveit_msgs/msg/place_location__functions.h
-- Up-to-date symlink: /root/ros2_ws/install/moveit_msgs/include/moveit_msgs/msg/place_location__struct.h
-- Up-to-date symlink: /root/ros2_ws/install/moveit_msgs/include/moveit_msgs/msg/place_location__type_support.h
-- Up-to-date symlink: /root/ros2_ws/install/moveit_msgs/include/moveit_msgs/msg/rosidl_generator_c__visibility_control.h
-- Up-to-date symlink: /root/ros2_ws/install/moveit_msgs/include/moveit_msgs/srv/grasp_planning.h
-- Up-to-date symlink: /root/ros2_ws/install/moveit_msgs/include/moveit_msgs/srv/grasp_planning__functions.h
-- Up-to-date symlink: /root/ros2_ws/install/moveit_msgs/include/moveit_msgs/srv/grasp_planning__struct.h
-- Up-to-date symlink: /root/ros2_ws/install/moveit_msgs/include/moveit_msgs/srv/grasp_planning__type_support.h
-- Up-to-date symlink: /root/ros2_ws/install/moveit_msgs/lib/libmoveit_msgs__rosidl_generator_c.so
-- Up-to-date symlink: /root/ros2_ws/install/moveit_msgs/include/moveit_msgs/msg/collision_object__rosidl_typesupport_fastrtps_cpp.hpp
-- Up-to-date symlink: /root/ros2_ws/install/moveit_msgs/include/moveit_msgs/msg/grasp__rosidl_typesupport_fastrtps_cpp.hpp
-- Up-to-date symlink: /root/ros2_ws/install/moveit_msgs/include/moveit_msgs/msg/gripper_translation__rosidl_typesupport_fastrtps_cpp.hpp
-- Up-to-date symlink: /root/ros2_ws/install/moveit_msgs/include/moveit_msgs/msg/move_it_error_codes__rosidl_typesupport_fastrtps_cpp.hpp
-- Up-to-date symlink: /root/ros2_ws/install/moveit_msgs/include/moveit_msgs/msg/object_type__rosidl_typesupport_fastrtps_cpp.hpp
-- Up-to-date symlink: /root/ros2_ws/install/moveit_msgs/include/moveit_msgs/msg/place_location__rosidl_typesupport_fastrtps_cpp.hpp
-- Up-to-date symlink: /root/ros2_ws/install/moveit_msgs/include/moveit_msgs/msg/rosidl_typesupport_fastrtps_cpp__visibility_control.h
-- Up-to-date symlink: /root/ros2_ws/install/moveit_msgs/include/moveit_msgs/srv/grasp_planning__rosidl_typesupport_fastrtps_cpp.hpp
-- Up-to-date symlink: /root/ros2_ws/install/moveit_msgs/lib/libmoveit_msgs__rosidl_typesupport_fastrtps_cpp.so
-- Up-to-date symlink: /root/ros2_ws/install/moveit_msgs/include/moveit_msgs/msg/collision_object.hpp
-- Up-to-date symlink: /root/ros2_ws/install/moveit_msgs/include/moveit_msgs/msg/collision_object__struct.hpp
-- Up-to-date symlink: /root/ros2_ws/install/moveit_msgs/include/moveit_msgs/msg/collision_object__traits.hpp
-- Up-to-date symlink: /root/ros2_ws/install/moveit_msgs/include/moveit_msgs/msg/grasp.hpp
-- Up-to-date symlink: /root/ros2_ws/install/moveit_msgs/include/moveit_msgs/msg/grasp__struct.hpp
-- Up-to-date symlink: /root/ros2_ws/install/moveit_msgs/include/moveit_msgs/msg/grasp__traits.hpp
-- Up-to-date symlink: /root/ros2_ws/install/moveit_msgs/include/moveit_msgs/msg/gripper_translation.hpp
-- Up-to-date symlink: /root/ros2_ws/install/moveit_msgs/include/moveit_msgs/msg/gripper_translation__struct.hpp
-- Up-to-date symlink: /root/ros2_ws/install/moveit_msgs/include/moveit_msgs/msg/gripper_translation__traits.hpp
-- Up-to-date symlink: /root/ros2_ws/install/moveit_msgs/include/moveit_msgs/msg/move_it_error_codes.hpp
-- Up-to-date symlink: /root/ros2_ws/install/moveit_msgs/include/moveit_msgs/msg/move_it_error_codes__struct.hpp
-- Up-to-date symlink: /root/ros2_ws/install/moveit_msgs/include/moveit_msgs/msg/move_it_error_codes__traits.hpp
-- Up-to-date symlink: /root/ros2_ws/install/moveit_msgs/include/moveit_msgs/msg/object_type.hpp
-- Up-to-date symlink: /root/ros2_ws/install/moveit_msgs/include/moveit_msgs/msg/object_type__struct.hpp
-- Up-to-date symlink: /root/ros2_ws/install/moveit_msgs/include/moveit_msgs/msg/object_type__traits.hpp
-- Up-to-date symlink: /root/ros2_ws/install/moveit_msgs/include/moveit_msgs/msg/place_location.hpp
-- Up-to-date symlink: /root/ros2_ws/install/moveit_msgs/include/moveit_msgs/msg/place_location__struct.hpp
-- Up-to-date symlink: /root/ros2_ws/install/moveit_msgs/include/moveit_msgs/msg/place_location__traits.hpp
-- Up-to-date symlink: /root/ros2_ws/install/moveit_msgs/include/moveit_msgs/srv/grasp_planning.hpp
-- Up-to-date symlink: /root/ros2_ws/install/moveit_msgs/include/moveit_msgs/srv/grasp_planning__struct.hpp
-- Up-to-date symlink: /root/ros2_ws/install/moveit_msgs/include/moveit_msgs/srv/grasp_planning__traits.hpp
-- Up-to-date symlink: /root/ros2_ws/install/moveit_msgs/include/moveit_msgs/msg/collision_object__rosidl_typesupport_introspection_c.h
-- Up-to-date symlink: /root/ros2_ws/install/moveit_msgs/include/moveit_msgs/msg/grasp__rosidl_typesupport_introspection_c.h
-- Up-to-date symlink: /root/ros2_ws/install/moveit_msgs/include/moveit_msgs/msg/gripper_translation__rosidl_typesupport_introspection_c.h
-- Up-to-date symlink: /root/ros2_ws/install/moveit_msgs/include/moveit_msgs/msg/move_it_error_codes__rosidl_typesupport_introspection_c.h
-- Up-to-date symlink: /root/ros2_ws/install/moveit_msgs/include/moveit_msgs/msg/object_type__rosidl_typesupport_introspection_c.h
-- Up-to-date symlink: /root/ros2_ws/install/moveit_msgs/include/moveit_msgs/msg/place_location__rosidl_typesupport_introspection_c.h
-- Up-to-date symlink: /root/ros2_ws/install/moveit_msgs/include/moveit_msgs/msg/rosidl_typesupport_introspection_c__visibility_control.h
-- Up-to-date symlink: /root/ros2_ws/install/moveit_msgs/include/moveit_msgs/srv/grasp_planning__rosidl_typesupport_introspection_c.h
-- Up-to-date symlink: /root/ros2_ws/install/moveit_msgs/lib/libmoveit_msgs__rosidl_typesupport_introspection_c.so
-- Up-to-date symlink: /root/ros2_ws/install/moveit_msgs/include/moveit_msgs/msg/collision_object__rosidl_typesupport_introspection_cpp.hpp
-- Up-to-date symlink: /root/ros2_ws/install/moveit_msgs/include/moveit_msgs/msg/grasp__rosidl_typesupport_introspection_cpp.hpp
-- Up-to-date symlink: /root/ros2_ws/install/moveit_msgs/include/moveit_msgs/msg/gripper_translation__rosidl_typesupport_introspection_cpp.hpp
-- Up-to-date symlink: /root/ros2_ws/install/moveit_msgs/include/moveit_msgs/msg/move_it_error_codes__rosidl_typesupport_introspection_cpp.hpp
-- Up-to-date symlink: /root/ros2_ws/install/moveit_msgs/include/moveit_msgs/msg/object_type__rosidl_typesupport_introspection_cpp.hpp
-- Up-to-date symlink: /root/ros2_ws/install/moveit_msgs/include/moveit_msgs/msg/place_location__rosidl_typesupport_introspection_cpp.hpp
-- Up-to-date symlink: /root/ros2_ws/install/moveit_msgs/include/moveit_msgs/srv/grasp_planning__rosidl_typesupport_introspection_cpp.hpp
-- Up-to-date symlink: /root/ros2_ws/install/moveit_msgs/lib/libmoveit_msgs__rosidl_typesupport_introspection_cpp.so
-- Up-to-date symlink: /root/ros2_ws/install/moveit_msgs/share/moveit_msgs/environment/pythonpath.sh
-- Up-to-date symlink: /root/ros2_ws/install/moveit_msgs/lib/python3.6/site-packages/moveit_msgs/__init__.py
-- Up-to-date symlink: /root/ros2_ws/install/moveit_msgs/lib/python3.6/site-packages/moveit_msgs/msg/__init__.py
-- Up-to-date symlink: /root/ros2_ws/install/moveit_msgs/lib/python3.6/site-packages/moveit_msgs/msg/_collision_object.py
-- Up-to-date symlink: /root/ros2_ws/install/moveit_msgs/lib/python3.6/site-packages/moveit_msgs/msg/_grasp.py
-- Up-to-date symlink: /root/ros2_ws/install/moveit_msgs/lib/python3.6/site-packages/moveit_msgs/msg/_gripper_translation.py
-- Up-to-date symlink: /root/ros2_ws/install/moveit_msgs/lib/python3.6/site-packages/moveit_msgs/msg/_move_it_error_codes.py
-- Up-to-date symlink: /root/ros2_ws/install/moveit_msgs/lib/python3.6/site-packages/moveit_msgs/msg/_object_type.py
-- Up-to-date symlink: /root/ros2_ws/install/moveit_msgs/lib/python3.6/site-packages/moveit_msgs/msg/_place_location.py
-- Up-to-date symlink: /root/ros2_ws/install/moveit_msgs/lib/python3.6/site-packages/moveit_msgs/srv/__init__.py
-- Up-to-date symlink: /root/ros2_ws/install/moveit_msgs/lib/python3.6/site-packages/moveit_msgs/srv/_grasp_planning.py
-- Up-to-date symlink: /root/ros2_ws/install/moveit_msgs/lib/python3.6/site-packages/moveit_msgs/moveit_msgs_s__rosidl_typesupport_c.cpython-36m-x86_64-linux-gnu.so
-- Up-to-date symlink: /root/ros2_ws/install/moveit_msgs/lib/python3.6/site-packages/moveit_msgs/moveit_msgs_s__rosidl_typesupport_fastrtps_c.cpython-36m-x86_64-linux-gnu.so
-- Up-to-date symlink: /root/ros2_ws/install/moveit_msgs/lib/libmoveit_msgs__python.so
-- Up-to-date symlink: /root/ros2_ws/install/moveit_msgs/share/moveit_msgs/msg/CollisionObject.idl
-- Up-to-date symlink: /root/ros2_ws/install/moveit_msgs/share/moveit_msgs/msg/Grasp.idl
-- Up-to-date symlink: /root/ros2_ws/install/moveit_msgs/share/moveit_msgs/msg/GripperTranslation.idl
-- Up-to-date symlink: /root/ros2_ws/install/moveit_msgs/share/moveit_msgs/msg/MoveItErrorCodes.idl
-- Up-to-date symlink: /root/ros2_ws/install/moveit_msgs/share/moveit_msgs/msg/ObjectType.idl
-- Up-to-date symlink: /root/ros2_ws/install/moveit_msgs/share/moveit_msgs/msg/PlaceLocation.idl
-- Up-to-date symlink: /root/ros2_ws/install/moveit_msgs/share/moveit_msgs/srv/GraspPlanning.idl
-- Up-to-date symlink: /root/ros2_ws/install/moveit_msgs/share/moveit_msgs/msg/CollisionObject.msg
-- Up-to-date symlink: /root/ros2_ws/install/moveit_msgs/share/moveit_msgs/msg/Grasp.msg
-- Up-to-date symlink: /root/ros2_ws/install/moveit_msgs/share/moveit_msgs/msg/GripperTranslation.msg
-- Up-to-date symlink: /root/ros2_ws/install/moveit_msgs/share/moveit_msgs/msg/MoveItErrorCodes.msg
-- Up-to-date symlink: /root/ros2_ws/install/moveit_msgs/share/moveit_msgs/msg/ObjectType.msg
-- Up-to-date symlink: /root/ros2_ws/install/moveit_msgs/share/moveit_msgs/msg/PlaceLocation.msg
-- Up-to-date symlink: /root/ros2_ws/install/moveit_msgs/share/moveit_msgs/srv/GraspPlanning.srv
-- Up-to-date symlink: /root/ros2_ws/install/moveit_msgs/share/moveit_msgs/srv/GraspPlanning_Request.msg
-- Up-to-date symlink: /root/ros2_ws/install/moveit_msgs/share/moveit_msgs/srv/GraspPlanning_Response.msg
-- Up-to-date symlink: /root/ros2_ws/install/moveit_msgs/share/ament_index/resource_index/package_run_dependencies/moveit_msgs
-- Up-to-date symlink: /root/ros2_ws/install/moveit_msgs/share/ament_index/resource_index/parent_prefix_path/moveit_msgs
-- Up-to-date symlink: /root/ros2_ws/install/moveit_msgs/share/moveit_msgs/environment/ament_prefix_path.sh
-- Up-to-date symlink: /root/ros2_ws/install/moveit_msgs/share/moveit_msgs/environment/path.sh
-- Up-to-date symlink: /root/ros2_ws/install/moveit_msgs/share/moveit_msgs/local_setup.bash
-- Up-to-date symlink: /root/ros2_ws/install/moveit_msgs/share/moveit_msgs/local_setup.sh
-- Up-to-date symlink: /root/ros2_ws/install/moveit_msgs/share/moveit_msgs/local_setup.zsh
-- Up-to-date symlink: /root/ros2_ws/install/moveit_msgs/share/ament_index/resource_index/packages/moveit_msgs
-- Up-to-date symlink: /root/ros2_ws/install/moveit_msgs/share/moveit_msgs/cmake/rosidl_cmake-extras.cmake
-- Up-to-date symlink: /root/ros2_ws/install/moveit_msgs/share/moveit_msgs/cmake/ament_cmake_export_dependencies-extras.cmake
-- Up-to-date symlink: /root/ros2_ws/install/moveit_msgs/share/moveit_msgs/cmake/ament_cmake_export_libraries-extras.cmake
-- Up-to-date symlink: /root/ros2_ws/install/moveit_msgs/share/moveit_msgs/cmake/ament_cmake_export_include_directories-extras.cmake
-- Up-to-date symlink: /root/ros2_ws/install/moveit_msgs/share/moveit_msgs/cmake/moveit_msgsConfig.cmake
-- Up-to-date symlink: /root/ros2_ws/install/moveit_msgs/share/moveit_msgs/cmake/moveit_msgsConfig-version.cmake
-- Up-to-date symlink: /root/ros2_ws/install/moveit_msgs/share/moveit_msgs/package.xml
