Determining if the pthread_create exist failed with the following output:
Change Dir: /root/ros2_ws/build/realsense_node/CMakeFiles/CMakeTmp

Run Build Command(s):/usr/bin/make cmTC_8a654/fast 
/usr/bin/make -f CMakeFiles/cmTC_8a654.dir/build.make CMakeFiles/cmTC_8a654.dir/build
make[1]: Entering directory '/root/ros2_ws/build/realsense_node/CMakeFiles/CMakeTmp'
Building C object CMakeFiles/cmTC_8a654.dir/CheckSymbolExists.c.o
/usr/bin/cc    -o CMakeFiles/cmTC_8a654.dir/CheckSymbolExists.c.o   -c /root/ros2_ws/build/realsense_node/CMakeFiles/CMakeTmp/CheckSymbolExists.c
Linking C executable cmTC_8a654
/usr/local/bin/cmake -E cmake_link_script CMakeFiles/cmTC_8a654.dir/link.txt --verbose=1
/usr/bin/cc     -z noexecstack -z relro -z now -pie  CMakeFiles/cmTC_8a654.dir/CheckSymbolExists.c.o  -o cmTC_8a654 
CMakeFiles/cmTC_8a654.dir/CheckSymbolExists.c.o: In function `main':
CheckSymbolExists.c:(.text+0x1b): undefined reference to `pthread_create'
collect2: error: ld returned 1 exit status
CMakeFiles/cmTC_8a654.dir/build.make:86: recipe for target 'cmTC_8a654' failed
make[1]: *** [cmTC_8a654] Error 1
make[1]: Leaving directory '/root/ros2_ws/build/realsense_node/CMakeFiles/CMakeTmp'
Makefile:121: recipe for target 'cmTC_8a654/fast' failed
make: *** [cmTC_8a654/fast] Error 2

File /root/ros2_ws/build/realsense_node/CMakeFiles/CMakeTmp/CheckSymbolExists.c:
/* */
#include <pthread.h>

int main(int argc, char** argv)
{
  (void)argv;
#ifndef pthread_create
  return ((int*)(&pthread_create))[argc];
#else
  (void)argc;
  return 0;
#endif
}

Determining if the function pthread_create exists in the pthreads failed with the following output:
Change Dir: /root/ros2_ws/build/realsense_node/CMakeFiles/CMakeTmp

Run Build Command(s):/usr/bin/make cmTC_68ef3/fast 
/usr/bin/make -f CMakeFiles/cmTC_68ef3.dir/build.make CMakeFiles/cmTC_68ef3.dir/build
make[1]: Entering directory '/root/ros2_ws/build/realsense_node/CMakeFiles/CMakeTmp'
Building C object CMakeFiles/cmTC_68ef3.dir/CheckFunctionExists.c.o
/usr/bin/cc   -DCHECK_FUNCTION_EXISTS=pthread_create   -o CMakeFiles/cmTC_68ef3.dir/CheckFunctionExists.c.o   -c /usr/local/share/cmake-3.14/Modules/CheckFunctionExists.c
Linking C executable cmTC_68ef3
/usr/local/bin/cmake -E cmake_link_script CMakeFiles/cmTC_68ef3.dir/link.txt --verbose=1
/usr/bin/cc  -DCHECK_FUNCTION_EXISTS=pthread_create   -z noexecstack -z relro -z now -pie  CMakeFiles/cmTC_68ef3.dir/CheckFunctionExists.c.o  -o cmTC_68ef3 -lpthreads 
/usr/bin/ld: cannot find -lpthreads
collect2: error: ld returned 1 exit status
CMakeFiles/cmTC_68ef3.dir/build.make:86: recipe for target 'cmTC_68ef3' failed
make[1]: *** [cmTC_68ef3] Error 1
make[1]: Leaving directory '/root/ros2_ws/build/realsense_node/CMakeFiles/CMakeTmp'
Makefile:121: recipe for target 'cmTC_68ef3/fast' failed
make: *** [cmTC_68ef3/fast] Error 2


