-- Found ament_cmake: 0.7.6 (/opt/ros/dashing/share/ament_cmake/cmake)
-- Found PythonInterp: /usr/bin/python3 (found suitable version "3.6.9", minimum required is "3") 
-- Using PYTHON_EXECUTABLE: /usr/bin/python3
-- Override CMake install command with custom implementation using symlinks instead of copying resources
-- Found rosidl_default_generators: 0.7.0 (/opt/ros/dashing/share/rosidl_default_generators/cmake)
-- Found OpenSSL: /usr/lib/x86_64-linux-gnu/libcrypto.so (found version "1.1.1")  
-- Found FastRTPS: /opt/ros/dashing/include  
-- Found rosidl_adapter: 0.7.10 (/opt/ros/dashing/share/rosidl_adapter/cmake)
-- Found builtin_interfaces: 0.7.4 (/opt/ros/dashing/share/builtin_interfaces/cmake)
-- Found std_msgs: 0.7.1 (/opt/ros/dashing/share/std_msgs/cmake)
-- Found geometry_msgs: 0.7.1 (/opt/ros/dashing/share/geometry_msgs/cmake)
-- Found shape_msgs: 0.7.1 (/opt/ros/dashing/share/shape_msgs/cmake)
-- Found trajectory_msgs: 0.7.1 (/opt/ros/dashing/share/trajectory_msgs/cmake)
-- Found PythonInterp: /usr/bin/python3 (found version "3.6.9") 
-- Using single matching rosidl_typesupport_c: rosidl_typesupport_fastrtps_c
-- Found ament_cmake_cppcheck: 0.7.12 (/opt/ros/dashing/share/ament_cmake_cppcheck/cmake)
-- Found ament_cmake_cpplint: 0.7.12 (/opt/ros/dashing/share/ament_cmake_cpplint/cmake)
-- Found ament_cmake_uncrustify: 0.7.12 (/opt/ros/dashing/share/ament_cmake_uncrustify/cmake)
-- Using single matching rosidl_typesupport_cpp: rosidl_typesupport_fastrtps_cpp
-- Found rmw_implementation_cmake: 0.7.2 (/opt/ros/dashing/share/rmw_implementation_cmake/cmake)
-- Found PythonInterp: /usr/bin/python3 (found suitable version "3.6.9", minimum required is "3.5") 
-- Found python_cmake_module: 0.7.11 (/opt/ros/dashing/share/python_cmake_module/cmake)
-- Found PythonLibs: /usr/lib/x86_64-linux-gnu/libpython3.6m.so (found suitable version "3.6.9", minimum required is "3.5") 
-- Using PYTHON_EXECUTABLE: /usr/bin/python3
-- Using PYTHON_INCLUDE_DIRS: /usr/include/python3.6m
-- Using PYTHON_LIBRARIES: /usr/lib/x86_64-linux-gnu/libpython3.6m.so
-- Found PythonExtra: .so  
-- Found ament_cmake_flake8: 0.7.12 (/opt/ros/dashing/share/ament_cmake_flake8/cmake)
-- Found ament_cmake_pep257: 0.7.12 (/opt/ros/dashing/share/ament_cmake_pep257/cmake)
-- Configuring done
-- Generating done
-- Build files have been written to: /root/ros2_ws/build/moveit_msgs
[  1%] [34m[1mGenerating C code for ROS interfaces[0m
[35m[1mScanning dependencies of target moveit_msgs__cpp[0m
[  2%] [34m[1mGenerating C++ code for ROS interfaces[0m
[  2%] Built target moveit_msgs__cpp
[  3%] [34m[1mGenerating C++ introspection for ROS interfaces[0m
[  5%] [34m[1mGenerating C++ type support for eProsima Fast-RTPS[0m
[35m[1mScanning dependencies of target moveit_msgs__rosidl_generator_c[0m
[  6%] [32mBuilding C object CMakeFiles/moveit_msgs__rosidl_generator_c.dir/rosidl_generator_c/moveit_msgs/msg/collision_object__functions.c.o[0m
[  7%] [32mBuilding C object CMakeFiles/moveit_msgs__rosidl_generator_c.dir/rosidl_generator_c/moveit_msgs/msg/grasp__functions.c.o[0m
[  9%] [32mBuilding C object CMakeFiles/moveit_msgs__rosidl_generator_c.dir/rosidl_generator_c/moveit_msgs/msg/gripper_translation__functions.c.o[0m
[ 10%] [32mBuilding C object CMakeFiles/moveit_msgs__rosidl_generator_c.dir/rosidl_generator_c/moveit_msgs/msg/move_it_error_codes__functions.c.o[0m
[ 11%] [32mBuilding C object CMakeFiles/moveit_msgs__rosidl_generator_c.dir/rosidl_generator_c/moveit_msgs/msg/place_location__functions.c.o[0m
[ 12%] [32mBuilding C object CMakeFiles/moveit_msgs__rosidl_generator_c.dir/rosidl_generator_c/moveit_msgs/msg/object_type__functions.c.o[0m
[ 14%] [32mBuilding C object CMakeFiles/moveit_msgs__rosidl_generator_c.dir/rosidl_generator_c/moveit_msgs/srv/grasp_planning__functions.c.o[0m
[ 15%] [32m[1mLinking C shared library libmoveit_msgs__rosidl_generator_c.so[0m
[ 15%] Built target moveit_msgs__rosidl_generator_c
[ 16%] [34m[1mGenerating C introspection for ROS interfaces[0m
[35m[1mScanning dependencies of target moveit_msgs__rosidl_typesupport_introspection_cpp[0m
[ 18%] [32mBuilding CXX object CMakeFiles/moveit_msgs__rosidl_typesupport_introspection_cpp.dir/rosidl_typesupport_introspection_cpp/moveit_msgs/msg/collision_object__type_support.cpp.o[0m
[ 19%] [32mBuilding CXX object CMakeFiles/moveit_msgs__rosidl_typesupport_introspection_cpp.dir/rosidl_typesupport_introspection_cpp/moveit_msgs/msg/grasp__type_support.cpp.o[0m
[ 20%] [32mBuilding CXX object CMakeFiles/moveit_msgs__rosidl_typesupport_introspection_cpp.dir/rosidl_typesupport_introspection_cpp/moveit_msgs/msg/object_type__type_support.cpp.o[0m
[ 22%] [32mBuilding CXX object CMakeFiles/moveit_msgs__rosidl_typesupport_introspection_cpp.dir/rosidl_typesupport_introspection_cpp/moveit_msgs/msg/gripper_translation__type_support.cpp.o[0m
[ 23%] [32mBuilding CXX object CMakeFiles/moveit_msgs__rosidl_typesupport_introspection_cpp.dir/rosidl_typesupport_introspection_cpp/moveit_msgs/msg/move_it_error_codes__type_support.cpp.o[0m
[ 24%] [32mBuilding CXX object CMakeFiles/moveit_msgs__rosidl_typesupport_introspection_cpp.dir/rosidl_typesupport_introspection_cpp/moveit_msgs/srv/grasp_planning__type_support.cpp.o[0m
[ 25%] [32mBuilding CXX object CMakeFiles/moveit_msgs__rosidl_typesupport_introspection_cpp.dir/rosidl_typesupport_introspection_cpp/moveit_msgs/msg/place_location__type_support.cpp.o[0m
[35m[1mScanning dependencies of target moveit_msgs__rosidl_typesupport_fastrtps_cpp[0m
[ 31%] [32mBuilding CXX object CMakeFiles/moveit_msgs__rosidl_typesupport_fastrtps_cpp.dir/rosidl_typesupport_fastrtps_cpp/moveit_msgs/msg/dds_fastrtps/gripper_translation__type_support.cpp.o[0m
[ 32%] [32mBuilding CXX object CMakeFiles/moveit_msgs__rosidl_typesupport_fastrtps_cpp.dir/rosidl_typesupport_fastrtps_cpp/moveit_msgs/msg/dds_fastrtps/object_type__type_support.cpp.o[0m
[ 31%] [32mBuilding CXX object CMakeFiles/moveit_msgs__rosidl_typesupport_fastrtps_cpp.dir/rosidl_typesupport_fastrtps_cpp/moveit_msgs/msg/dds_fastrtps/grasp__type_support.cpp.o[0m
[ 31%] [32mBuilding CXX object CMakeFiles/moveit_msgs__rosidl_typesupport_fastrtps_cpp.dir/rosidl_typesupport_fastrtps_cpp/moveit_msgs/msg/dds_fastrtps/move_it_error_codes__type_support.cpp.o[0m
[ 31%] [32mBuilding CXX object CMakeFiles/moveit_msgs__rosidl_typesupport_fastrtps_cpp.dir/rosidl_typesupport_fastrtps_cpp/moveit_msgs/msg/dds_fastrtps/collision_object__type_support.cpp.o[0m
[ 33%] [32mBuilding CXX object CMakeFiles/moveit_msgs__rosidl_typesupport_fastrtps_cpp.dir/rosidl_typesupport_fastrtps_cpp/moveit_msgs/msg/dds_fastrtps/place_location__type_support.cpp.o[0m
[ 35%] [32mBuilding CXX object CMakeFiles/moveit_msgs__rosidl_typesupport_fastrtps_cpp.dir/rosidl_typesupport_fastrtps_cpp/moveit_msgs/srv/dds_fastrtps/grasp_planning__type_support.cpp.o[0m
[35m[1mScanning dependencies of target moveit_msgs__rosidl_typesupport_introspection_c[0m
[ 36%] [32mBuilding C object CMakeFiles/moveit_msgs__rosidl_typesupport_introspection_c.dir/rosidl_typesupport_introspection_c/moveit_msgs/msg/collision_object__type_support.c.o[0m
[ 37%] [32mBuilding C object CMakeFiles/moveit_msgs__rosidl_typesupport_introspection_c.dir/rosidl_typesupport_introspection_c/moveit_msgs/msg/grasp__type_support.c.o[0m
[ 38%] [32mBuilding C object CMakeFiles/moveit_msgs__rosidl_typesupport_introspection_c.dir/rosidl_typesupport_introspection_c/moveit_msgs/msg/gripper_translation__type_support.c.o[0m
[ 40%] [32mBuilding C object CMakeFiles/moveit_msgs__rosidl_typesupport_introspection_c.dir/rosidl_typesupport_introspection_c/moveit_msgs/msg/move_it_error_codes__type_support.c.o[0m
[ 41%] [32mBuilding C object CMakeFiles/moveit_msgs__rosidl_typesupport_introspection_c.dir/rosidl_typesupport_introspection_c/moveit_msgs/msg/object_type__type_support.c.o[0m
[ 42%] [32mBuilding C object CMakeFiles/moveit_msgs__rosidl_typesupport_introspection_c.dir/rosidl_typesupport_introspection_c/moveit_msgs/msg/place_location__type_support.c.o[0m
[ 44%] [32mBuilding C object CMakeFiles/moveit_msgs__rosidl_typesupport_introspection_c.dir/rosidl_typesupport_introspection_c/moveit_msgs/srv/grasp_planning__type_support.c.o[0m
[ 45%] [32m[1mLinking C shared library libmoveit_msgs__rosidl_typesupport_introspection_c.so[0m
[ 45%] Built target moveit_msgs__rosidl_typesupport_introspection_c
[ 46%] [32m[1mLinking CXX shared library libmoveit_msgs__rosidl_typesupport_introspection_cpp.so[0m
[ 46%] Built target moveit_msgs__rosidl_typesupport_introspection_cpp
[ 48%] [32m[1mLinking CXX shared library libmoveit_msgs__rosidl_typesupport_fastrtps_cpp.so[0m
[ 48%] Built target moveit_msgs__rosidl_typesupport_fastrtps_cpp
[ 49%] [34m[1mGenerating C type support for eProsima Fast-RTPS[0m
[ 50%] [34m[1mGenerating C++ type support dispatch for ROS interfaces[0m
[35m[1mScanning dependencies of target moveit_msgs__rosidl_typesupport_cpp[0m
[ 51%] [32mBuilding CXX object CMakeFiles/moveit_msgs__rosidl_typesupport_cpp.dir/rosidl_typesupport_cpp/moveit_msgs/msg/collision_object__type_support.cpp.o[0m
[ 53%] [32mBuilding CXX object CMakeFiles/moveit_msgs__rosidl_typesupport_cpp.dir/rosidl_typesupport_cpp/moveit_msgs/msg/grasp__type_support.cpp.o[0m
[ 54%] [32mBuilding CXX object CMakeFiles/moveit_msgs__rosidl_typesupport_cpp.dir/rosidl_typesupport_cpp/moveit_msgs/msg/gripper_translation__type_support.cpp.o[0m
[ 55%] [32mBuilding CXX object CMakeFiles/moveit_msgs__rosidl_typesupport_cpp.dir/rosidl_typesupport_cpp/moveit_msgs/msg/move_it_error_codes__type_support.cpp.o[0m
[ 57%] [32mBuilding CXX object CMakeFiles/moveit_msgs__rosidl_typesupport_cpp.dir/rosidl_typesupport_cpp/moveit_msgs/msg/object_type__type_support.cpp.o[0m
[ 58%] [32mBuilding CXX object CMakeFiles/moveit_msgs__rosidl_typesupport_cpp.dir/rosidl_typesupport_cpp/moveit_msgs/msg/place_location__type_support.cpp.o[0m
[ 59%] [32mBuilding CXX object CMakeFiles/moveit_msgs__rosidl_typesupport_cpp.dir/rosidl_typesupport_cpp/moveit_msgs/srv/grasp_planning__type_support.cpp.o[0m
[35m[1mScanning dependencies of target moveit_msgs__rosidl_typesupport_fastrtps_c[0m
[ 66%] [32mBuilding CXX object CMakeFiles/moveit_msgs__rosidl_typesupport_fastrtps_c.dir/rosidl_typesupport_fastrtps_c/moveit_msgs/msg/object_type__type_support_c.cpp.o[0m
[ 66%] [32mBuilding CXX object CMakeFiles/moveit_msgs__rosidl_typesupport_fastrtps_c.dir/rosidl_typesupport_fastrtps_c/moveit_msgs/msg/gripper_translation__type_support_c.cpp.o[0m
[ 66%] [32mBuilding CXX object CMakeFiles/moveit_msgs__rosidl_typesupport_fastrtps_c.dir/rosidl_typesupport_fastrtps_c/moveit_msgs/msg/move_it_error_codes__type_support_c.cpp.o[0m
[ 66%] [32mBuilding CXX object CMakeFiles/moveit_msgs__rosidl_typesupport_fastrtps_c.dir/rosidl_typesupport_fastrtps_c/moveit_msgs/msg/grasp__type_support_c.cpp.o[0m
[ 66%] [32mBuilding CXX object CMakeFiles/moveit_msgs__rosidl_typesupport_fastrtps_c.dir/rosidl_typesupport_fastrtps_c/moveit_msgs/msg/collision_object__type_support_c.cpp.o[0m
[ 67%] [32mBuilding CXX object CMakeFiles/moveit_msgs__rosidl_typesupport_fastrtps_c.dir/rosidl_typesupport_fastrtps_c/moveit_msgs/msg/place_location__type_support_c.cpp.o[0m
[ 68%] [32mBuilding CXX object CMakeFiles/moveit_msgs__rosidl_typesupport_fastrtps_c.dir/rosidl_typesupport_fastrtps_c/moveit_msgs/srv/grasp_planning__type_support_c.cpp.o[0m
[ 70%] [32m[1mLinking CXX shared library libmoveit_msgs__rosidl_typesupport_cpp.so[0m
[ 70%] Built target moveit_msgs__rosidl_typesupport_cpp
[ 71%] [32m[1mLinking CXX shared library libmoveit_msgs__rosidl_typesupport_fastrtps_c.so[0m
[ 71%] Built target moveit_msgs__rosidl_typesupport_fastrtps_c
[ 72%] [34m[1mGenerating C type support dispatch for ROS interfaces[0m
[35m[1mScanning dependencies of target moveit_msgs__rosidl_typesupport_c[0m
[ 76%] [32mBuilding CXX object CMakeFiles/moveit_msgs__rosidl_typesupport_c.dir/rosidl_typesupport_c/moveit_msgs/msg/grasp__type_support.cpp.o[0m
[ 77%] [32mBuilding CXX object CMakeFiles/moveit_msgs__rosidl_typesupport_c.dir/rosidl_typesupport_c/moveit_msgs/msg/gripper_translation__type_support.cpp.o[0m
[ 76%] [32mBuilding CXX object CMakeFiles/moveit_msgs__rosidl_typesupport_c.dir/rosidl_typesupport_c/moveit_msgs/msg/collision_object__type_support.cpp.o[0m
[ 79%] [32mBuilding CXX object CMakeFiles/moveit_msgs__rosidl_typesupport_c.dir/rosidl_typesupport_c/moveit_msgs/msg/object_type__type_support.cpp.o[0m
[ 79%] [32mBuilding CXX object CMakeFiles/moveit_msgs__rosidl_typesupport_c.dir/rosidl_typesupport_c/moveit_msgs/msg/move_it_error_codes__type_support.cpp.o[0m
[ 80%] [32mBuilding CXX object CMakeFiles/moveit_msgs__rosidl_typesupport_c.dir/rosidl_typesupport_c/moveit_msgs/msg/place_location__type_support.cpp.o[0m
[ 81%] [32mBuilding CXX object CMakeFiles/moveit_msgs__rosidl_typesupport_c.dir/rosidl_typesupport_c/moveit_msgs/srv/grasp_planning__type_support.cpp.o[0m
[ 83%] [32m[1mLinking CXX shared library libmoveit_msgs__rosidl_typesupport_c.so[0m
[ 83%] Built target moveit_msgs__rosidl_typesupport_c
[35m[1mScanning dependencies of target moveit_msgs[0m
[ 83%] Built target moveit_msgs
[35m[1mScanning dependencies of target moveit_msgs__py[0m
[ 84%] [34m[1mGenerating Python code for ROS interfaces[0m
[ 84%] Built target moveit_msgs__py
[35m[1mScanning dependencies of target moveit_msgs__python[0m
[ 85%] [32mBuilding C object CMakeFiles/moveit_msgs__python.dir/rosidl_generator_py/moveit_msgs/msg/_grasp_s.c.o[0m
[ 87%] [32mBuilding C object CMakeFiles/moveit_msgs__python.dir/rosidl_generator_py/moveit_msgs/msg/_collision_object_s.c.o[0m
[ 88%] [32mBuilding C object CMakeFiles/moveit_msgs__python.dir/rosidl_generator_py/moveit_msgs/msg/_object_type_s.c.o[0m
[ 89%] [32mBuilding C object CMakeFiles/moveit_msgs__python.dir/rosidl_generator_py/moveit_msgs/msg/_gripper_translation_s.c.o[0m
[ 90%] [32mBuilding C object CMakeFiles/moveit_msgs__python.dir/rosidl_generator_py/moveit_msgs/msg/_move_it_error_codes_s.c.o[0m
[ 92%] [32mBuilding C object CMakeFiles/moveit_msgs__python.dir/rosidl_generator_py/moveit_msgs/msg/_place_location_s.c.o[0m
[ 93%] [32mBuilding C object CMakeFiles/moveit_msgs__python.dir/rosidl_generator_py/moveit_msgs/srv/_grasp_planning_s.c.o[0m
[ 94%] [32m[1mLinking C shared library rosidl_generator_py/moveit_msgs/libmoveit_msgs__python.so[0m
[ 94%] Built target moveit_msgs__python
[35m[1mScanning dependencies of target moveit_msgs__rosidl_typesupport_c__pyext[0m
[35m[1mScanning dependencies of target moveit_msgs__rosidl_typesupport_fastrtps_c__pyext[0m
[ 97%] [32mBuilding C object CMakeFiles/moveit_msgs__rosidl_typesupport_c__pyext.dir/rosidl_generator_py/moveit_msgs/_moveit_msgs_s.ep.rosidl_typesupport_c.c.o[0m
[ 97%] [32mBuilding C object CMakeFiles/moveit_msgs__rosidl_typesupport_fastrtps_c__pyext.dir/rosidl_generator_py/moveit_msgs/_moveit_msgs_s.ep.rosidl_typesupport_fastrtps_c.c.o[0m
[100%] [32m[1mLinking C shared library rosidl_generator_py/moveit_msgs/moveit_msgs_s__rosidl_typesupport_c.cpython-36m-x86_64-linux-gnu.so[0m
[100%] [32m[1mLinking C shared library rosidl_generator_py/moveit_msgs/moveit_msgs_s__rosidl_typesupport_fastrtps_c.cpython-36m-x86_64-linux-gnu.so[0m
[100%] Built target moveit_msgs__rosidl_typesupport_c__pyext
[100%] Built target moveit_msgs__rosidl_typesupport_fastrtps_c__pyext
[  1%] Built target moveit_msgs__cpp
[ 12%] Built target moveit_msgs__rosidl_generator_c
[ 24%] Built target moveit_msgs__rosidl_typesupport_introspection_cpp
[ 36%] Built target moveit_msgs__rosidl_typesupport_fastrtps_cpp
[ 48%] Built target moveit_msgs__rosidl_typesupport_introspection_c
[ 71%] Built target moveit_msgs__rosidl_typesupport_cpp
[ 71%] Built target moveit_msgs__rosidl_typesupport_fastrtps_c
[ 83%] Built target moveit_msgs__rosidl_typesupport_c
[ 83%] Built target moveit_msgs
[ 84%] Built target moveit_msgs__py
[ 94%] Built target moveit_msgs__python
[ 97%] Built target moveit_msgs__rosidl_typesupport_c__pyext
[100%] Built target moveit_msgs__rosidl_typesupport_fastrtps_c__pyext
[36mInstall the project...[0m
-- Install configuration: ""
-- Execute custom install script
-- Symlinking: /root/ros2_ws/install/moveit_msgs/share/ament_index/resource_index/rosidl_interfaces/moveit_msgs
-- Symlinking: /root/ros2_ws/install/moveit_msgs/lib/libmoveit_msgs__rosidl_typesupport_c.so
-- Symlinking: /root/ros2_ws/install/moveit_msgs/share/moveit_msgs/environment/library_path.sh
-- Symlinking: /root/ros2_ws/install/moveit_msgs/lib/libmoveit_msgs__rosidl_typesupport_cpp.so
-- Symlinking: /root/ros2_ws/install/moveit_msgs/include/moveit_msgs/msg/collision_object__rosidl_typesupport_fastrtps_c.h
-- Symlinking: /root/ros2_ws/install/moveit_msgs/include/moveit_msgs/msg/grasp__rosidl_typesupport_fastrtps_c.h
-- Symlinking: /root/ros2_ws/install/moveit_msgs/include/moveit_msgs/msg/gripper_translation__rosidl_typesupport_fastrtps_c.h
-- Symlinking: /root/ros2_ws/install/moveit_msgs/include/moveit_msgs/msg/move_it_error_codes__rosidl_typesupport_fastrtps_c.h
-- Symlinking: /root/ros2_ws/install/moveit_msgs/include/moveit_msgs/msg/object_type__rosidl_typesupport_fastrtps_c.h
-- Symlinking: /root/ros2_ws/install/moveit_msgs/include/moveit_msgs/msg/place_location__rosidl_typesupport_fastrtps_c.h
-- Symlinking: /root/ros2_ws/install/moveit_msgs/include/moveit_msgs/msg/rosidl_typesupport_fastrtps_c__visibility_control.h
-- Symlinking: /root/ros2_ws/install/moveit_msgs/include/moveit_msgs/srv/grasp_planning__rosidl_typesupport_fastrtps_c.h
-- Symlinking: /root/ros2_ws/install/moveit_msgs/lib/libmoveit_msgs__rosidl_typesupport_fastrtps_c.so
-- Symlinking: /root/ros2_ws/install/moveit_msgs/include/moveit_msgs/msg/collision_object.h
-- Symlinking: /root/ros2_ws/install/moveit_msgs/include/moveit_msgs/msg/collision_object__functions.h
-- Symlinking: /root/ros2_ws/install/moveit_msgs/include/moveit_msgs/msg/collision_object__struct.h
-- Symlinking: /root/ros2_ws/install/moveit_msgs/include/moveit_msgs/msg/collision_object__type_support.h
-- Symlinking: /root/ros2_ws/install/moveit_msgs/include/moveit_msgs/msg/grasp.h
-- Symlinking: /root/ros2_ws/install/moveit_msgs/include/moveit_msgs/msg/grasp__functions.h
-- Symlinking: /root/ros2_ws/install/moveit_msgs/include/moveit_msgs/msg/grasp__struct.h
-- Symlinking: /root/ros2_ws/install/moveit_msgs/include/moveit_msgs/msg/grasp__type_support.h
-- Symlinking: /root/ros2_ws/install/moveit_msgs/include/moveit_msgs/msg/gripper_translation.h
-- Symlinking: /root/ros2_ws/install/moveit_msgs/include/moveit_msgs/msg/gripper_translation__functions.h
-- Symlinking: /root/ros2_ws/install/moveit_msgs/include/moveit_msgs/msg/gripper_translation__struct.h
-- Symlinking: /root/ros2_ws/install/moveit_msgs/include/moveit_msgs/msg/gripper_translation__type_support.h
-- Symlinking: /root/ros2_ws/install/moveit_msgs/include/moveit_msgs/msg/move_it_error_codes.h
-- Symlinking: /root/ros2_ws/install/moveit_msgs/include/moveit_msgs/msg/move_it_error_codes__functions.h
-- Symlinking: /root/ros2_ws/install/moveit_msgs/include/moveit_msgs/msg/move_it_error_codes__struct.h
-- Symlinking: /root/ros2_ws/install/moveit_msgs/include/moveit_msgs/msg/move_it_error_codes__type_support.h
-- Symlinking: /root/ros2_ws/install/moveit_msgs/include/moveit_msgs/msg/object_type.h
-- Symlinking: /root/ros2_ws/install/moveit_msgs/include/moveit_msgs/msg/object_type__functions.h
-- Symlinking: /root/ros2_ws/install/moveit_msgs/include/moveit_msgs/msg/object_type__struct.h
-- Symlinking: /root/ros2_ws/install/moveit_msgs/include/moveit_msgs/msg/object_type__type_support.h
-- Symlinking: /root/ros2_ws/install/moveit_msgs/include/moveit_msgs/msg/place_location.h
-- Symlinking: /root/ros2_ws/install/moveit_msgs/include/moveit_msgs/msg/place_location__functions.h
-- Symlinking: /root/ros2_ws/install/moveit_msgs/include/moveit_msgs/msg/place_location__struct.h
-- Symlinking: /root/ros2_ws/install/moveit_msgs/include/moveit_msgs/msg/place_location__type_support.h
-- Symlinking: /root/ros2_ws/install/moveit_msgs/include/moveit_msgs/msg/rosidl_generator_c__visibility_control.h
-- Symlinking: /root/ros2_ws/install/moveit_msgs/include/moveit_msgs/srv/grasp_planning.h
-- Symlinking: /root/ros2_ws/install/moveit_msgs/include/moveit_msgs/srv/grasp_planning__functions.h
-- Symlinking: /root/ros2_ws/install/moveit_msgs/include/moveit_msgs/srv/grasp_planning__struct.h
-- Symlinking: /root/ros2_ws/install/moveit_msgs/include/moveit_msgs/srv/grasp_planning__type_support.h
-- Symlinking: /root/ros2_ws/install/moveit_msgs/lib/libmoveit_msgs__rosidl_generator_c.so
-- Symlinking: /root/ros2_ws/install/moveit_msgs/include/moveit_msgs/msg/collision_object__rosidl_typesupport_fastrtps_cpp.hpp
-- Symlinking: /root/ros2_ws/install/moveit_msgs/include/moveit_msgs/msg/grasp__rosidl_typesupport_fastrtps_cpp.hpp
-- Symlinking: /root/ros2_ws/install/moveit_msgs/include/moveit_msgs/msg/gripper_translation__rosidl_typesupport_fastrtps_cpp.hpp
-- Symlinking: /root/ros2_ws/install/moveit_msgs/include/moveit_msgs/msg/move_it_error_codes__rosidl_typesupport_fastrtps_cpp.hpp
-- Symlinking: /root/ros2_ws/install/moveit_msgs/include/moveit_msgs/msg/object_type__rosidl_typesupport_fastrtps_cpp.hpp
-- Symlinking: /root/ros2_ws/install/moveit_msgs/include/moveit_msgs/msg/place_location__rosidl_typesupport_fastrtps_cpp.hpp
-- Symlinking: /root/ros2_ws/install/moveit_msgs/include/moveit_msgs/msg/rosidl_typesupport_fastrtps_cpp__visibility_control.h
-- Symlinking: /root/ros2_ws/install/moveit_msgs/include/moveit_msgs/srv/grasp_planning__rosidl_typesupport_fastrtps_cpp.hpp
-- Symlinking: /root/ros2_ws/install/moveit_msgs/lib/libmoveit_msgs__rosidl_typesupport_fastrtps_cpp.so
-- Symlinking: /root/ros2_ws/install/moveit_msgs/include/moveit_msgs/msg/collision_object.hpp
-- Symlinking: /root/ros2_ws/install/moveit_msgs/include/moveit_msgs/msg/collision_object__struct.hpp
-- Symlinking: /root/ros2_ws/install/moveit_msgs/include/moveit_msgs/msg/collision_object__traits.hpp
-- Symlinking: /root/ros2_ws/install/moveit_msgs/include/moveit_msgs/msg/grasp.hpp
-- Symlinking: /root/ros2_ws/install/moveit_msgs/include/moveit_msgs/msg/grasp__struct.hpp
-- Symlinking: /root/ros2_ws/install/moveit_msgs/include/moveit_msgs/msg/grasp__traits.hpp
-- Symlinking: /root/ros2_ws/install/moveit_msgs/include/moveit_msgs/msg/gripper_translation.hpp
-- Symlinking: /root/ros2_ws/install/moveit_msgs/include/moveit_msgs/msg/gripper_translation__struct.hpp
-- Symlinking: /root/ros2_ws/install/moveit_msgs/include/moveit_msgs/msg/gripper_translation__traits.hpp
-- Symlinking: /root/ros2_ws/install/moveit_msgs/include/moveit_msgs/msg/move_it_error_codes.hpp
-- Symlinking: /root/ros2_ws/install/moveit_msgs/include/moveit_msgs/msg/move_it_error_codes__struct.hpp
-- Symlinking: /root/ros2_ws/install/moveit_msgs/include/moveit_msgs/msg/move_it_error_codes__traits.hpp
-- Symlinking: /root/ros2_ws/install/moveit_msgs/include/moveit_msgs/msg/object_type.hpp
-- Symlinking: /root/ros2_ws/install/moveit_msgs/include/moveit_msgs/msg/object_type__struct.hpp
-- Symlinking: /root/ros2_ws/install/moveit_msgs/include/moveit_msgs/msg/object_type__traits.hpp
-- Symlinking: /root/ros2_ws/install/moveit_msgs/include/moveit_msgs/msg/place_location.hpp
-- Symlinking: /root/ros2_ws/install/moveit_msgs/include/moveit_msgs/msg/place_location__struct.hpp
-- Symlinking: /root/ros2_ws/install/moveit_msgs/include/moveit_msgs/msg/place_location__traits.hpp
-- Symlinking: /root/ros2_ws/install/moveit_msgs/include/moveit_msgs/srv/grasp_planning.hpp
-- Symlinking: /root/ros2_ws/install/moveit_msgs/include/moveit_msgs/srv/grasp_planning__struct.hpp
-- Symlinking: /root/ros2_ws/install/moveit_msgs/include/moveit_msgs/srv/grasp_planning__traits.hpp
-- Symlinking: /root/ros2_ws/install/moveit_msgs/include/moveit_msgs/msg/collision_object__rosidl_typesupport_introspection_c.h
-- Symlinking: /root/ros2_ws/install/moveit_msgs/include/moveit_msgs/msg/grasp__rosidl_typesupport_introspection_c.h
-- Symlinking: /root/ros2_ws/install/moveit_msgs/include/moveit_msgs/msg/gripper_translation__rosidl_typesupport_introspection_c.h
-- Symlinking: /root/ros2_ws/install/moveit_msgs/include/moveit_msgs/msg/move_it_error_codes__rosidl_typesupport_introspection_c.h
-- Symlinking: /root/ros2_ws/install/moveit_msgs/include/moveit_msgs/msg/object_type__rosidl_typesupport_introspection_c.h
-- Symlinking: /root/ros2_ws/install/moveit_msgs/include/moveit_msgs/msg/place_location__rosidl_typesupport_introspection_c.h
-- Symlinking: /root/ros2_ws/install/moveit_msgs/include/moveit_msgs/msg/rosidl_typesupport_introspection_c__visibility_control.h
-- Symlinking: /root/ros2_ws/install/moveit_msgs/include/moveit_msgs/srv/grasp_planning__rosidl_typesupport_introspection_c.h
-- Symlinking: /root/ros2_ws/install/moveit_msgs/lib/libmoveit_msgs__rosidl_typesupport_introspection_c.so
-- Symlinking: /root/ros2_ws/install/moveit_msgs/include/moveit_msgs/msg/collision_object__rosidl_typesupport_introspection_cpp.hpp
-- Symlinking: /root/ros2_ws/install/moveit_msgs/include/moveit_msgs/msg/grasp__rosidl_typesupport_introspection_cpp.hpp
-- Symlinking: /root/ros2_ws/install/moveit_msgs/include/moveit_msgs/msg/gripper_translation__rosidl_typesupport_introspection_cpp.hpp
-- Symlinking: /root/ros2_ws/install/moveit_msgs/include/moveit_msgs/msg/move_it_error_codes__rosidl_typesupport_introspection_cpp.hpp
-- Symlinking: /root/ros2_ws/install/moveit_msgs/include/moveit_msgs/msg/object_type__rosidl_typesupport_introspection_cpp.hpp
-- Symlinking: /root/ros2_ws/install/moveit_msgs/include/moveit_msgs/msg/place_location__rosidl_typesupport_introspection_cpp.hpp
-- Symlinking: /root/ros2_ws/install/moveit_msgs/include/moveit_msgs/srv/grasp_planning__rosidl_typesupport_introspection_cpp.hpp
-- Symlinking: /root/ros2_ws/install/moveit_msgs/lib/libmoveit_msgs__rosidl_typesupport_introspection_cpp.so
-- Symlinking: /root/ros2_ws/install/moveit_msgs/share/moveit_msgs/environment/pythonpath.sh
-- Symlinking: /root/ros2_ws/install/moveit_msgs/lib/python3.6/site-packages/moveit_msgs/__init__.py
-- Symlinking: /root/ros2_ws/install/moveit_msgs/lib/python3.6/site-packages/moveit_msgs/msg/__init__.py
-- Symlinking: /root/ros2_ws/install/moveit_msgs/lib/python3.6/site-packages/moveit_msgs/msg/_collision_object.py
-- Symlinking: /root/ros2_ws/install/moveit_msgs/lib/python3.6/site-packages/moveit_msgs/msg/_grasp.py
-- Symlinking: /root/ros2_ws/install/moveit_msgs/lib/python3.6/site-packages/moveit_msgs/msg/_gripper_translation.py
-- Symlinking: /root/ros2_ws/install/moveit_msgs/lib/python3.6/site-packages/moveit_msgs/msg/_move_it_error_codes.py
-- Symlinking: /root/ros2_ws/install/moveit_msgs/lib/python3.6/site-packages/moveit_msgs/msg/_object_type.py
-- Symlinking: /root/ros2_ws/install/moveit_msgs/lib/python3.6/site-packages/moveit_msgs/msg/_place_location.py
-- Symlinking: /root/ros2_ws/install/moveit_msgs/lib/python3.6/site-packages/moveit_msgs/srv/__init__.py
-- Symlinking: /root/ros2_ws/install/moveit_msgs/lib/python3.6/site-packages/moveit_msgs/srv/_grasp_planning.py
-- Symlinking: /root/ros2_ws/install/moveit_msgs/lib/python3.6/site-packages/moveit_msgs/moveit_msgs_s__rosidl_typesupport_c.cpython-36m-x86_64-linux-gnu.so
-- Symlinking: /root/ros2_ws/install/moveit_msgs/lib/python3.6/site-packages/moveit_msgs/moveit_msgs_s__rosidl_typesupport_fastrtps_c.cpython-36m-x86_64-linux-gnu.so
-- Symlinking: /root/ros2_ws/install/moveit_msgs/lib/libmoveit_msgs__python.so
-- Symlinking: /root/ros2_ws/install/moveit_msgs/share/moveit_msgs/msg/CollisionObject.idl
-- Symlinking: /root/ros2_ws/install/moveit_msgs/share/moveit_msgs/msg/Grasp.idl
-- Symlinking: /root/ros2_ws/install/moveit_msgs/share/moveit_msgs/msg/GripperTranslation.idl
-- Symlinking: /root/ros2_ws/install/moveit_msgs/share/moveit_msgs/msg/MoveItErrorCodes.idl
-- Symlinking: /root/ros2_ws/install/moveit_msgs/share/moveit_msgs/msg/ObjectType.idl
-- Symlinking: /root/ros2_ws/install/moveit_msgs/share/moveit_msgs/msg/PlaceLocation.idl
-- Symlinking: /root/ros2_ws/install/moveit_msgs/share/moveit_msgs/srv/GraspPlanning.idl
-- Symlinking: /root/ros2_ws/install/moveit_msgs/share/moveit_msgs/msg/CollisionObject.msg
-- Symlinking: /root/ros2_ws/install/moveit_msgs/share/moveit_msgs/msg/Grasp.msg
-- Symlinking: /root/ros2_ws/install/moveit_msgs/share/moveit_msgs/msg/GripperTranslation.msg
-- Symlinking: /root/ros2_ws/install/moveit_msgs/share/moveit_msgs/msg/MoveItErrorCodes.msg
-- Symlinking: /root/ros2_ws/install/moveit_msgs/share/moveit_msgs/msg/ObjectType.msg
-- Symlinking: /root/ros2_ws/install/moveit_msgs/share/moveit_msgs/msg/PlaceLocation.msg
-- Symlinking: /root/ros2_ws/install/moveit_msgs/share/moveit_msgs/srv/GraspPlanning.srv
-- Symlinking: /root/ros2_ws/install/moveit_msgs/share/moveit_msgs/srv/GraspPlanning_Request.msg
-- Symlinking: /root/ros2_ws/install/moveit_msgs/share/moveit_msgs/srv/GraspPlanning_Response.msg
-- Symlinking: /root/ros2_ws/install/moveit_msgs/share/ament_index/resource_index/package_run_dependencies/moveit_msgs
-- Symlinking: /root/ros2_ws/install/moveit_msgs/share/ament_index/resource_index/parent_prefix_path/moveit_msgs
-- Symlinking: /root/ros2_ws/install/moveit_msgs/share/moveit_msgs/environment/ament_prefix_path.sh
-- Symlinking: /root/ros2_ws/install/moveit_msgs/share/moveit_msgs/environment/path.sh
-- Symlinking: /root/ros2_ws/install/moveit_msgs/share/moveit_msgs/local_setup.bash
-- Symlinking: /root/ros2_ws/install/moveit_msgs/share/moveit_msgs/local_setup.sh
-- Symlinking: /root/ros2_ws/install/moveit_msgs/share/moveit_msgs/local_setup.zsh
-- Symlinking: /root/ros2_ws/install/moveit_msgs/share/ament_index/resource_index/packages/moveit_msgs
-- Symlinking: /root/ros2_ws/install/moveit_msgs/share/moveit_msgs/cmake/rosidl_cmake-extras.cmake
-- Symlinking: /root/ros2_ws/install/moveit_msgs/share/moveit_msgs/cmake/ament_cmake_export_dependencies-extras.cmake
-- Symlinking: /root/ros2_ws/install/moveit_msgs/share/moveit_msgs/cmake/ament_cmake_export_libraries-extras.cmake
-- Symlinking: /root/ros2_ws/install/moveit_msgs/share/moveit_msgs/cmake/ament_cmake_export_include_directories-extras.cmake
-- Symlinking: /root/ros2_ws/install/moveit_msgs/share/moveit_msgs/cmake/moveit_msgsConfig.cmake
-- Symlinking: /root/ros2_ws/install/moveit_msgs/share/moveit_msgs/cmake/moveit_msgsConfig-version.cmake
-- Symlinking: /root/ros2_ws/install/moveit_msgs/share/moveit_msgs/package.xml
Compiling '/root/ros2_ws/install/moveit_msgs/lib/python3.6/site-packages/moveit_msgs/__init__.py'...
