Determining if the pthread_create exist failed with the following output:
Change Dir: /root/ros2_ws/build/grasp_ros2/CMakeFiles/CMakeTmp

Run Build Command(s):/usr/bin/make cmTC_6c56d/fast 
/usr/bin/make -f CMakeFiles/cmTC_6c56d.dir/build.make CMakeFiles/cmTC_6c56d.dir/build
make[1]: Entering directory '/root/ros2_ws/build/grasp_ros2/CMakeFiles/CMakeTmp'
Building C object CMakeFiles/cmTC_6c56d.dir/CheckSymbolExists.c.o
/usr/bin/cc    -o CMakeFiles/cmTC_6c56d.dir/CheckSymbolExists.c.o   -c /root/ros2_ws/build/grasp_ros2/CMakeFiles/CMakeTmp/CheckSymbolExists.c
Linking C executable cmTC_6c56d
/usr/local/bin/cmake -E cmake_link_script CMakeFiles/cmTC_6c56d.dir/link.txt --verbose=1
/usr/bin/cc      CMakeFiles/cmTC_6c56d.dir/CheckSymbolExists.c.o  -o cmTC_6c56d 
CMakeFiles/cmTC_6c56d.dir/CheckSymbolExists.c.o: In function `main':
CheckSymbolExists.c:(.text+0x1b): undefined reference to `pthread_create'
collect2: error: ld returned 1 exit status
CMakeFiles/cmTC_6c56d.dir/build.make:86: recipe for target 'cmTC_6c56d' failed
make[1]: *** [cmTC_6c56d] Error 1
make[1]: Leaving directory '/root/ros2_ws/build/grasp_ros2/CMakeFiles/CMakeTmp'
Makefile:121: recipe for target 'cmTC_6c56d/fast' failed
make: *** [cmTC_6c56d/fast] Error 2

File /root/ros2_ws/build/grasp_ros2/CMakeFiles/CMakeTmp/CheckSymbolExists.c:
/* */
#include <pthread.h>

int main(int argc, char** argv)
{
  (void)argv;
#ifndef pthread_create
  return ((int*)(&pthread_create))[argc];
#else
  (void)argc;
  return 0;
#endif
}

Determining if the function pthread_create exists in the pthreads failed with the following output:
Change Dir: /root/ros2_ws/build/grasp_ros2/CMakeFiles/CMakeTmp

Run Build Command(s):/usr/bin/make cmTC_141b6/fast 
/usr/bin/make -f CMakeFiles/cmTC_141b6.dir/build.make CMakeFiles/cmTC_141b6.dir/build
make[1]: Entering directory '/root/ros2_ws/build/grasp_ros2/CMakeFiles/CMakeTmp'
Building C object CMakeFiles/cmTC_141b6.dir/CheckFunctionExists.c.o
/usr/bin/cc   -DCHECK_FUNCTION_EXISTS=pthread_create   -o CMakeFiles/cmTC_141b6.dir/CheckFunctionExists.c.o   -c /usr/local/share/cmake-3.14/Modules/CheckFunctionExists.c
Linking C executable cmTC_141b6
/usr/local/bin/cmake -E cmake_link_script CMakeFiles/cmTC_141b6.dir/link.txt --verbose=1
/usr/bin/cc  -DCHECK_FUNCTION_EXISTS=pthread_create    CMakeFiles/cmTC_141b6.dir/CheckFunctionExists.c.o  -o cmTC_141b6 -lpthreads 
/usr/bin/ld: cannot find -lpthreads
collect2: error: ld returned 1 exit status
CMakeFiles/cmTC_141b6.dir/build.make:86: recipe for target 'cmTC_141b6' failed
make[1]: *** [cmTC_141b6] Error 1
make[1]: Leaving directory '/root/ros2_ws/build/grasp_ros2/CMakeFiles/CMakeTmp'
Makefile:121: recipe for target 'cmTC_141b6/fast' failed
make: *** [cmTC_141b6/fast] Error 2


