-- Found ament_cmake: 0.7.6 (/opt/ros/dashing/share/ament_cmake/cmake)
-- Found PythonInterp: /usr/bin/python3 (found suitable version "3.6.9", minimum required is "3") 
-- Using PYTHON_EXECUTABLE: /usr/bin/python3
-- Override CMake install command with custom implementation using symlinks instead of copying resources
-- Found rosidl_default_generators: 0.7.0 (/opt/ros/dashing/share/rosidl_default_generators/cmake)
-- Found OpenSSL: /usr/lib/x86_64-linux-gnu/libcrypto.so (found version "1.1.1")  
-- Found FastRTPS: /opt/ros/dashing/include  
-- Found rosidl_adapter: 0.7.10 (/opt/ros/dashing/share/rosidl_adapter/cmake)
-- Found builtin_interfaces: 0.7.4 (/opt/ros/dashing/share/builtin_interfaces/cmake)
-- Found std_msgs: 0.7.1 (/opt/ros/dashing/share/std_msgs/cmake)
-- Found geometry_msgs: 0.7.1 (/opt/ros/dashing/share/geometry_msgs/cmake)
-- Found PythonInterp: /usr/bin/python3 (found version "3.6.9") 
-- Using single matching rosidl_typesupport_c: rosidl_typesupport_fastrtps_c
-- Found ament_cmake_cppcheck: 0.7.12 (/opt/ros/dashing/share/ament_cmake_cppcheck/cmake)
-- Found ament_cmake_cpplint: 0.7.12 (/opt/ros/dashing/share/ament_cmake_cpplint/cmake)
-- Found ament_cmake_uncrustify: 0.7.12 (/opt/ros/dashing/share/ament_cmake_uncrustify/cmake)
-- Using single matching rosidl_typesupport_cpp: rosidl_typesupport_fastrtps_cpp
-- Found rmw_implementation_cmake: 0.7.2 (/opt/ros/dashing/share/rmw_implementation_cmake/cmake)
-- Found PythonInterp: /usr/bin/python3 (found suitable version "3.6.9", minimum required is "3.5") 
-- Found python_cmake_module: 0.7.11 (/opt/ros/dashing/share/python_cmake_module/cmake)
-- Found PythonLibs: /usr/lib/x86_64-linux-gnu/libpython3.6m.so (found suitable version "3.6.9", minimum required is "3.5") 
-- Using PYTHON_EXECUTABLE: /usr/bin/python3
-- Using PYTHON_INCLUDE_DIRS: /usr/include/python3.6m
-- Using PYTHON_LIBRARIES: /usr/lib/x86_64-linux-gnu/libpython3.6m.so
-- Found PythonExtra: .so  
-- Found ament_cmake_flake8: 0.7.12 (/opt/ros/dashing/share/ament_cmake_flake8/cmake)
-- Found ament_cmake_pep257: 0.7.12 (/opt/ros/dashing/share/ament_cmake_pep257/cmake)
-- Configuring done
-- Generating done
-- Build files have been written to: /root/ros2_ws/build/grasp_msgs
[35m[1mScanning dependencies of target grasp_msgs__cpp[0m
[  2%] [34m[1mGenerating C code for ROS interfaces[0m
[  4%] [34m[1mGenerating C++ code for ROS interfaces[0m
[  4%] Built target grasp_msgs__cpp
[  6%] [34m[1mGenerating C++ type support for eProsima Fast-RTPS[0m
[  8%] [34m[1mGenerating C++ introspection for ROS interfaces[0m
[35m[1mScanning dependencies of target grasp_msgs__rosidl_generator_c[0m
[ 11%] [32mBuilding C object CMakeFiles/grasp_msgs__rosidl_generator_c.dir/rosidl_generator_c/grasp_msgs/msg/grasp_config__functions.c.o[0m
[ 13%] [32mBuilding C object CMakeFiles/grasp_msgs__rosidl_generator_c.dir/rosidl_generator_c/grasp_msgs/msg/grasp_config_list__functions.c.o[0m
[ 15%] [32mBuilding C object CMakeFiles/grasp_msgs__rosidl_generator_c.dir/rosidl_generator_c/grasp_msgs/msg/samples_msg__functions.c.o[0m
[ 17%] [32m[1mLinking C shared library libgrasp_msgs__rosidl_generator_c.so[0m
[ 17%] Built target grasp_msgs__rosidl_generator_c
[ 20%] [34m[1mGenerating C introspection for ROS interfaces[0m
[35m[1mScanning dependencies of target grasp_msgs__rosidl_typesupport_introspection_cpp[0m
[ 22%] [32mBuilding CXX object CMakeFiles/grasp_msgs__rosidl_typesupport_introspection_cpp.dir/rosidl_typesupport_introspection_cpp/grasp_msgs/msg/grasp_config__type_support.cpp.o[0m
[ 24%] [32mBuilding CXX object CMakeFiles/grasp_msgs__rosidl_typesupport_introspection_cpp.dir/rosidl_typesupport_introspection_cpp/grasp_msgs/msg/grasp_config_list__type_support.cpp.o[0m
[ 26%] [32mBuilding CXX object CMakeFiles/grasp_msgs__rosidl_typesupport_introspection_cpp.dir/rosidl_typesupport_introspection_cpp/grasp_msgs/msg/samples_msg__type_support.cpp.o[0m
[35m[1mScanning dependencies of target grasp_msgs__rosidl_typesupport_fastrtps_cpp[0m
[ 28%] [32mBuilding CXX object CMakeFiles/grasp_msgs__rosidl_typesupport_fastrtps_cpp.dir/rosidl_typesupport_fastrtps_cpp/grasp_msgs/msg/dds_fastrtps/grasp_config__type_support.cpp.o[0m
[ 31%] [32mBuilding CXX object CMakeFiles/grasp_msgs__rosidl_typesupport_fastrtps_cpp.dir/rosidl_typesupport_fastrtps_cpp/grasp_msgs/msg/dds_fastrtps/grasp_config_list__type_support.cpp.o[0m
[ 33%] [32mBuilding CXX object CMakeFiles/grasp_msgs__rosidl_typesupport_fastrtps_cpp.dir/rosidl_typesupport_fastrtps_cpp/grasp_msgs/msg/dds_fastrtps/samples_msg__type_support.cpp.o[0m
[35m[1mScanning dependencies of target grasp_msgs__rosidl_typesupport_introspection_c[0m
[ 35%] [32mBuilding C object CMakeFiles/grasp_msgs__rosidl_typesupport_introspection_c.dir/rosidl_typesupport_introspection_c/grasp_msgs/msg/grasp_config__type_support.c.o[0m
[ 37%] [32mBuilding C object CMakeFiles/grasp_msgs__rosidl_typesupport_introspection_c.dir/rosidl_typesupport_introspection_c/grasp_msgs/msg/grasp_config_list__type_support.c.o[0m
[ 40%] [32mBuilding C object CMakeFiles/grasp_msgs__rosidl_typesupport_introspection_c.dir/rosidl_typesupport_introspection_c/grasp_msgs/msg/samples_msg__type_support.c.o[0m
[ 42%] [32m[1mLinking C shared library libgrasp_msgs__rosidl_typesupport_introspection_c.so[0m
[ 42%] Built target grasp_msgs__rosidl_typesupport_introspection_c
[ 44%] [32m[1mLinking CXX shared library libgrasp_msgs__rosidl_typesupport_introspection_cpp.so[0m
[ 44%] Built target grasp_msgs__rosidl_typesupport_introspection_cpp
[ 46%] [32m[1mLinking CXX shared library libgrasp_msgs__rosidl_typesupport_fastrtps_cpp.so[0m
[ 46%] Built target grasp_msgs__rosidl_typesupport_fastrtps_cpp
[ 48%] [34m[1mGenerating C type support for eProsima Fast-RTPS[0m
[ 51%] [34m[1mGenerating C++ type support dispatch for ROS interfaces[0m
[35m[1mScanning dependencies of target grasp_msgs__rosidl_typesupport_cpp[0m
[ 55%] [32mBuilding CXX object CMakeFiles/grasp_msgs__rosidl_typesupport_cpp.dir/rosidl_typesupport_cpp/grasp_msgs/msg/grasp_config_list__type_support.cpp.o[0m
[ 55%] [32mBuilding CXX object CMakeFiles/grasp_msgs__rosidl_typesupport_cpp.dir/rosidl_typesupport_cpp/grasp_msgs/msg/grasp_config__type_support.cpp.o[0m
[ 57%] [32mBuilding CXX object CMakeFiles/grasp_msgs__rosidl_typesupport_cpp.dir/rosidl_typesupport_cpp/grasp_msgs/msg/samples_msg__type_support.cpp.o[0m
[35m[1mScanning dependencies of target grasp_msgs__rosidl_typesupport_fastrtps_c[0m
[ 60%] [32mBuilding CXX object CMakeFiles/grasp_msgs__rosidl_typesupport_fastrtps_c.dir/rosidl_typesupport_fastrtps_c/grasp_msgs/msg/grasp_config__type_support_c.cpp.o[0m
[ 64%] [32mBuilding CXX object CMakeFiles/grasp_msgs__rosidl_typesupport_fastrtps_c.dir/rosidl_typesupport_fastrtps_c/grasp_msgs/msg/grasp_config_list__type_support_c.cpp.o[0m
[ 64%] [32mBuilding CXX object CMakeFiles/grasp_msgs__rosidl_typesupport_fastrtps_c.dir/rosidl_typesupport_fastrtps_c/grasp_msgs/msg/samples_msg__type_support_c.cpp.o[0m
[ 66%] [32m[1mLinking CXX shared library libgrasp_msgs__rosidl_typesupport_cpp.so[0m
[ 68%] [32m[1mLinking CXX shared library libgrasp_msgs__rosidl_typesupport_fastrtps_c.so[0m
[ 68%] Built target grasp_msgs__rosidl_typesupport_fastrtps_c
[ 68%] Built target grasp_msgs__rosidl_typesupport_cpp
[ 71%] [34m[1mGenerating C type support dispatch for ROS interfaces[0m
[35m[1mScanning dependencies of target grasp_msgs__rosidl_typesupport_c[0m
[ 73%] [32mBuilding CXX object CMakeFiles/grasp_msgs__rosidl_typesupport_c.dir/rosidl_typesupport_c/grasp_msgs/msg/grasp_config__type_support.cpp.o[0m
[ 75%] [32mBuilding CXX object CMakeFiles/grasp_msgs__rosidl_typesupport_c.dir/rosidl_typesupport_c/grasp_msgs/msg/grasp_config_list__type_support.cpp.o[0m
[ 77%] [32mBuilding CXX object CMakeFiles/grasp_msgs__rosidl_typesupport_c.dir/rosidl_typesupport_c/grasp_msgs/msg/samples_msg__type_support.cpp.o[0m
[ 80%] [32m[1mLinking CXX shared library libgrasp_msgs__rosidl_typesupport_c.so[0m
[ 80%] Built target grasp_msgs__rosidl_typesupport_c
[35m[1mScanning dependencies of target grasp_msgs[0m
[ 80%] Built target grasp_msgs
[35m[1mScanning dependencies of target grasp_msgs__py[0m
[ 82%] [34m[1mGenerating Python code for ROS interfaces[0m
[ 82%] Built target grasp_msgs__py
[35m[1mScanning dependencies of target grasp_msgs__python[0m
[ 84%] [32mBuilding C object CMakeFiles/grasp_msgs__python.dir/rosidl_generator_py/grasp_msgs/msg/_grasp_config_s.c.o[0m
[ 86%] [32mBuilding C object CMakeFiles/grasp_msgs__python.dir/rosidl_generator_py/grasp_msgs/msg/_grasp_config_list_s.c.o[0m
[ 88%] [32mBuilding C object CMakeFiles/grasp_msgs__python.dir/rosidl_generator_py/grasp_msgs/msg/_samples_msg_s.c.o[0m
[ 91%] [32m[1mLinking C shared library rosidl_generator_py/grasp_msgs/libgrasp_msgs__python.so[0m
[ 91%] Built target grasp_msgs__python
[35m[1mScanning dependencies of target grasp_msgs__rosidl_typesupport_c__pyext[0m
[35m[1mScanning dependencies of target grasp_msgs__rosidl_typesupport_fastrtps_c__pyext[0m
[ 93%] [32mBuilding C object CMakeFiles/grasp_msgs__rosidl_typesupport_c__pyext.dir/rosidl_generator_py/grasp_msgs/_grasp_msgs_s.ep.rosidl_typesupport_c.c.o[0m
[ 95%] [32mBuilding C object CMakeFiles/grasp_msgs__rosidl_typesupport_fastrtps_c__pyext.dir/rosidl_generator_py/grasp_msgs/_grasp_msgs_s.ep.rosidl_typesupport_fastrtps_c.c.o[0m
[100%] [32m[1mLinking C shared library rosidl_generator_py/grasp_msgs/grasp_msgs_s__rosidl_typesupport_c.cpython-36m-x86_64-linux-gnu.so[0m
[100%] [32m[1mLinking C shared library rosidl_generator_py/grasp_msgs/grasp_msgs_s__rosidl_typesupport_fastrtps_c.cpython-36m-x86_64-linux-gnu.so[0m
[100%] Built target grasp_msgs__rosidl_typesupport_fastrtps_c__pyext
[100%] Built target grasp_msgs__rosidl_typesupport_c__pyext
[  2%] Built target grasp_msgs__cpp
[ 13%] Built target grasp_msgs__rosidl_generator_c
[ 24%] Built target grasp_msgs__rosidl_typesupport_introspection_cpp
[ 35%] Built target grasp_msgs__rosidl_typesupport_fastrtps_cpp
[ 46%] Built target grasp_msgs__rosidl_typesupport_introspection_c
[ 64%] Built target grasp_msgs__rosidl_typesupport_fastrtps_c
[ 68%] Built target grasp_msgs__rosidl_typesupport_cpp
[ 80%] Built target grasp_msgs__rosidl_typesupport_c
[ 80%] Built target grasp_msgs
[ 82%] Built target grasp_msgs__py
[ 91%] Built target grasp_msgs__python
[100%] Built target grasp_msgs__rosidl_typesupport_fastrtps_c__pyext
[100%] Built target grasp_msgs__rosidl_typesupport_c__pyext
[36mInstall the project...[0m
-- Install configuration: ""
-- Execute custom install script
-- Symlinking: /root/ros2_ws/install/grasp_msgs/share/ament_index/resource_index/rosidl_interfaces/grasp_msgs
-- Symlinking: /root/ros2_ws/install/grasp_msgs/lib/libgrasp_msgs__rosidl_typesupport_c.so
-- Symlinking: /root/ros2_ws/install/grasp_msgs/share/grasp_msgs/environment/library_path.sh
-- Symlinking: /root/ros2_ws/install/grasp_msgs/lib/libgrasp_msgs__rosidl_typesupport_cpp.so
-- Symlinking: /root/ros2_ws/install/grasp_msgs/include/grasp_msgs/msg/grasp_config__rosidl_typesupport_fastrtps_c.h
-- Symlinking: /root/ros2_ws/install/grasp_msgs/include/grasp_msgs/msg/grasp_config_list__rosidl_typesupport_fastrtps_c.h
-- Symlinking: /root/ros2_ws/install/grasp_msgs/include/grasp_msgs/msg/rosidl_typesupport_fastrtps_c__visibility_control.h
-- Symlinking: /root/ros2_ws/install/grasp_msgs/include/grasp_msgs/msg/samples_msg__rosidl_typesupport_fastrtps_c.h
-- Symlinking: /root/ros2_ws/install/grasp_msgs/lib/libgrasp_msgs__rosidl_typesupport_fastrtps_c.so
-- Symlinking: /root/ros2_ws/install/grasp_msgs/include/grasp_msgs/msg/grasp_config.h
-- Symlinking: /root/ros2_ws/install/grasp_msgs/include/grasp_msgs/msg/grasp_config__functions.h
-- Symlinking: /root/ros2_ws/install/grasp_msgs/include/grasp_msgs/msg/grasp_config__struct.h
-- Symlinking: /root/ros2_ws/install/grasp_msgs/include/grasp_msgs/msg/grasp_config__type_support.h
-- Symlinking: /root/ros2_ws/install/grasp_msgs/include/grasp_msgs/msg/grasp_config_list.h
-- Symlinking: /root/ros2_ws/install/grasp_msgs/include/grasp_msgs/msg/grasp_config_list__functions.h
-- Symlinking: /root/ros2_ws/install/grasp_msgs/include/grasp_msgs/msg/grasp_config_list__struct.h
-- Symlinking: /root/ros2_ws/install/grasp_msgs/include/grasp_msgs/msg/grasp_config_list__type_support.h
-- Symlinking: /root/ros2_ws/install/grasp_msgs/include/grasp_msgs/msg/rosidl_generator_c__visibility_control.h
-- Symlinking: /root/ros2_ws/install/grasp_msgs/include/grasp_msgs/msg/samples_msg.h
-- Symlinking: /root/ros2_ws/install/grasp_msgs/include/grasp_msgs/msg/samples_msg__functions.h
-- Symlinking: /root/ros2_ws/install/grasp_msgs/include/grasp_msgs/msg/samples_msg__struct.h
-- Symlinking: /root/ros2_ws/install/grasp_msgs/include/grasp_msgs/msg/samples_msg__type_support.h
-- Symlinking: /root/ros2_ws/install/grasp_msgs/lib/libgrasp_msgs__rosidl_generator_c.so
-- Symlinking: /root/ros2_ws/install/grasp_msgs/include/grasp_msgs/msg/grasp_config__rosidl_typesupport_fastrtps_cpp.hpp
-- Symlinking: /root/ros2_ws/install/grasp_msgs/include/grasp_msgs/msg/grasp_config_list__rosidl_typesupport_fastrtps_cpp.hpp
-- Symlinking: /root/ros2_ws/install/grasp_msgs/include/grasp_msgs/msg/rosidl_typesupport_fastrtps_cpp__visibility_control.h
-- Symlinking: /root/ros2_ws/install/grasp_msgs/include/grasp_msgs/msg/samples_msg__rosidl_typesupport_fastrtps_cpp.hpp
-- Symlinking: /root/ros2_ws/install/grasp_msgs/lib/libgrasp_msgs__rosidl_typesupport_fastrtps_cpp.so
-- Symlinking: /root/ros2_ws/install/grasp_msgs/include/grasp_msgs/msg/grasp_config.hpp
-- Symlinking: /root/ros2_ws/install/grasp_msgs/include/grasp_msgs/msg/grasp_config__struct.hpp
-- Symlinking: /root/ros2_ws/install/grasp_msgs/include/grasp_msgs/msg/grasp_config__traits.hpp
-- Symlinking: /root/ros2_ws/install/grasp_msgs/include/grasp_msgs/msg/grasp_config_list.hpp
-- Symlinking: /root/ros2_ws/install/grasp_msgs/include/grasp_msgs/msg/grasp_config_list__struct.hpp
-- Symlinking: /root/ros2_ws/install/grasp_msgs/include/grasp_msgs/msg/grasp_config_list__traits.hpp
-- Symlinking: /root/ros2_ws/install/grasp_msgs/include/grasp_msgs/msg/samples_msg.hpp
-- Symlinking: /root/ros2_ws/install/grasp_msgs/include/grasp_msgs/msg/samples_msg__struct.hpp
-- Symlinking: /root/ros2_ws/install/grasp_msgs/include/grasp_msgs/msg/samples_msg__traits.hpp
-- Symlinking: /root/ros2_ws/install/grasp_msgs/include/grasp_msgs/msg/grasp_config__rosidl_typesupport_introspection_c.h
-- Symlinking: /root/ros2_ws/install/grasp_msgs/include/grasp_msgs/msg/grasp_config_list__rosidl_typesupport_introspection_c.h
-- Symlinking: /root/ros2_ws/install/grasp_msgs/include/grasp_msgs/msg/rosidl_typesupport_introspection_c__visibility_control.h
-- Symlinking: /root/ros2_ws/install/grasp_msgs/include/grasp_msgs/msg/samples_msg__rosidl_typesupport_introspection_c.h
-- Symlinking: /root/ros2_ws/install/grasp_msgs/lib/libgrasp_msgs__rosidl_typesupport_introspection_c.so
-- Symlinking: /root/ros2_ws/install/grasp_msgs/include/grasp_msgs/msg/grasp_config__rosidl_typesupport_introspection_cpp.hpp
-- Symlinking: /root/ros2_ws/install/grasp_msgs/include/grasp_msgs/msg/grasp_config_list__rosidl_typesupport_introspection_cpp.hpp
-- Symlinking: /root/ros2_ws/install/grasp_msgs/include/grasp_msgs/msg/samples_msg__rosidl_typesupport_introspection_cpp.hpp
-- Symlinking: /root/ros2_ws/install/grasp_msgs/lib/libgrasp_msgs__rosidl_typesupport_introspection_cpp.so
-- Symlinking: /root/ros2_ws/install/grasp_msgs/share/grasp_msgs/environment/pythonpath.sh
-- Symlinking: /root/ros2_ws/install/grasp_msgs/lib/python3.6/site-packages/grasp_msgs/__init__.py
-- Symlinking: /root/ros2_ws/install/grasp_msgs/lib/python3.6/site-packages/grasp_msgs/msg/__init__.py
-- Symlinking: /root/ros2_ws/install/grasp_msgs/lib/python3.6/site-packages/grasp_msgs/msg/_grasp_config.py
-- Symlinking: /root/ros2_ws/install/grasp_msgs/lib/python3.6/site-packages/grasp_msgs/msg/_grasp_config_list.py
-- Symlinking: /root/ros2_ws/install/grasp_msgs/lib/python3.6/site-packages/grasp_msgs/msg/_samples_msg.py
-- Symlinking: /root/ros2_ws/install/grasp_msgs/lib/python3.6/site-packages/grasp_msgs/grasp_msgs_s__rosidl_typesupport_c.cpython-36m-x86_64-linux-gnu.so
-- Symlinking: /root/ros2_ws/install/grasp_msgs/lib/python3.6/site-packages/grasp_msgs/grasp_msgs_s__rosidl_typesupport_fastrtps_c.cpython-36m-x86_64-linux-gnu.so
-- Symlinking: /root/ros2_ws/install/grasp_msgs/lib/libgrasp_msgs__python.so
-- Symlinking: /root/ros2_ws/install/grasp_msgs/share/grasp_msgs/msg/GraspConfig.idl
-- Symlinking: /root/ros2_ws/install/grasp_msgs/share/grasp_msgs/msg/GraspConfigList.idl
-- Symlinking: /root/ros2_ws/install/grasp_msgs/share/grasp_msgs/msg/SamplesMsg.idl
-- Symlinking: /root/ros2_ws/install/grasp_msgs/share/grasp_msgs/msg/GraspConfig.msg
-- Symlinking: /root/ros2_ws/install/grasp_msgs/share/grasp_msgs/msg/GraspConfigList.msg
-- Symlinking: /root/ros2_ws/install/grasp_msgs/share/grasp_msgs/msg/SamplesMsg.msg
-- Symlinking: /root/ros2_ws/install/grasp_msgs/share/ament_index/resource_index/package_run_dependencies/grasp_msgs
-- Symlinking: /root/ros2_ws/install/grasp_msgs/share/ament_index/resource_index/parent_prefix_path/grasp_msgs
-- Symlinking: /root/ros2_ws/install/grasp_msgs/share/grasp_msgs/environment/ament_prefix_path.sh
-- Symlinking: /root/ros2_ws/install/grasp_msgs/share/grasp_msgs/environment/path.sh
-- Symlinking: /root/ros2_ws/install/grasp_msgs/share/grasp_msgs/local_setup.bash
-- Symlinking: /root/ros2_ws/install/grasp_msgs/share/grasp_msgs/local_setup.sh
-- Symlinking: /root/ros2_ws/install/grasp_msgs/share/grasp_msgs/local_setup.zsh
-- Symlinking: /root/ros2_ws/install/grasp_msgs/share/ament_index/resource_index/packages/grasp_msgs
-- Symlinking: /root/ros2_ws/install/grasp_msgs/share/grasp_msgs/cmake/rosidl_cmake-extras.cmake
-- Symlinking: /root/ros2_ws/install/grasp_msgs/share/grasp_msgs/cmake/ament_cmake_export_dependencies-extras.cmake
-- Symlinking: /root/ros2_ws/install/grasp_msgs/share/grasp_msgs/cmake/ament_cmake_export_libraries-extras.cmake
-- Symlinking: /root/ros2_ws/install/grasp_msgs/share/grasp_msgs/cmake/ament_cmake_export_include_directories-extras.cmake
-- Symlinking: /root/ros2_ws/install/grasp_msgs/share/grasp_msgs/cmake/grasp_msgsConfig.cmake
-- Symlinking: /root/ros2_ws/install/grasp_msgs/share/grasp_msgs/cmake/grasp_msgsConfig-version.cmake
-- Symlinking: /root/ros2_ws/install/grasp_msgs/share/grasp_msgs/package.xml
Compiling '/root/ros2_ws/install/grasp_msgs/lib/python3.6/site-packages/grasp_msgs/__init__.py'...
