[0.009s] Invoking command in '/root/ros2_ws/build/moveit_msgs': /usr/local/bin/cmake /root/ros2_ws/src/ros2_grasp_library/moveit_msgs_light -DAMENT_CMAKE_SYMLINK_INSTALL=1 -DCMAKE_INSTALL_PREFIX=/root/ros2_ws/install/moveit_msgs
[0.101s] -- The C compiler identification is GNU 7.5.0
[0.178s] -- The CXX compiler identification is GNU 7.5.0
[0.192s] -- Check for working C compiler: /usr/bin/cc
[0.232s] -- Check for working C compiler: /usr/bin/cc -- works
[0.236s] -- Detecting C compiler ABI info
[0.276s] -- Detecting C compiler ABI info - done
[0.314s] -- Detecting C compile features
[0.438s] -- Detecting C compile features - done
[0.449s] -- Check for working CXX compiler: /usr/bin/c++
[0.503s] -- Check for working CXX compiler: /usr/bin/c++ -- works
[0.505s] -- Detecting CXX compiler ABI info
[0.551s] -- Detecting CXX compiler ABI info - done
[0.590s] -- Detecting CXX compile features
[0.808s] -- Detecting CXX compile features - done
[0.816s] CMake Error at CMakeLists.txt:13 (find_package):
[0.816s]   By not providing "Findament_cmake.cmake" in CMAKE_MODULE_PATH this project
[0.816s]   has asked CMake to find a package configuration file provided by
[0.816s]   "ament_cmake", but CMake did not find one.
[0.816s] 
[0.816s]   Could not find a package configuration file provided by "ament_cmake" with
[0.816s]   any of the following names:
[0.816s] 
[0.816s]     ament_cmakeConfig.cmake
[0.816s]     ament_cmake-config.cmake
[0.816s] 
[0.816s]   Add the installation prefix of "ament_cmake" to CMAKE_PREFIX_PATH or set
[0.816s]   "ament_cmake_DIR" to a directory containing one of the above files.  If
[0.816s]   "ament_cmake" provides a separate development package or SDK, be sure it
[0.816s]   has been installed.
[0.816s] 
[0.816s] 
[0.816s] -- Configuring incomplete, errors occurred!
[0.816s] See also "/root/ros2_ws/build/moveit_msgs/CMakeFiles/CMakeOutput.log".
