-- The C compiler identification is GNU 7.5.0
-- The CXX compiler identification is GNU 7.5.0
-- Check for working C compiler: /usr/bin/cc
-- Check for working C compiler: /usr/bin/cc -- works
-- Detecting C compiler ABI info
-- Detecting C compiler ABI info - done
-- Detecting C compile features
-- Detecting C compile features - done
-- Check for working CXX compiler: /usr/bin/c++
-- Check for working CXX compiler: /usr/bin/c++ -- works
-- Detecting CXX compiler ABI info
-- Detecting CXX compiler ABI info - done
-- Detecting CXX compile features
-- Detecting CXX compile features - done
-- Create Debug Build.
-- Found ament_cmake: 0.7.6 (/opt/ros/dashing/share/ament_cmake/cmake)
-- Found PythonInterp: /usr/bin/python3 (found suitable version "3.6.9", minimum required is "3") 
-- Using PYTHON_EXECUTABLE: /usr/bin/python3
-- Override CMake install command with custom implementation using symlinks instead of copying resources
-- Found rclcpp: 0.7.16 (/opt/ros/dashing/share/rclcpp/cmake)
-- Found rosidl_adapter: 0.7.10 (/opt/ros/dashing/share/rosidl_adapter/cmake)
-- Found rmw_implementation_cmake: 0.7.2 (/opt/ros/dashing/share/rmw_implementation_cmake/cmake)
-- Using RMW implementation 'rmw_fastrtps_cpp' as default
-- Looking for pthread.h
-- Looking for pthread.h - found
-- Looking for pthread_create
-- Looking for pthread_create - not found
-- Looking for pthread_create in pthreads
-- Looking for pthread_create in pthreads - not found
-- Looking for pthread_create in pthread
-- Looking for pthread_create in pthread - found
-- Found Threads: TRUE  
-- Found nav_msgs: 0.7.1 (/opt/ros/dashing/share/nav_msgs/cmake)
-- Found sensor_msgs: 0.7.1 (/opt/ros/dashing/share/sensor_msgs/cmake)
-- Found OpenCV: /usr (found version "3.2.0") 
-- Found tf2: 0.11.6 (/opt/ros/dashing/share/tf2/cmake)
-- Found tf2_ros: 0.11.6 (/opt/ros/dashing/share/tf2_ros/cmake)
-- Found realsense_ros: 2.0.8 (/root/ros2_ws/install/realsense_ros/share/realsense_ros/cmake)
-- Found realsense_msgs: 2.0.8 (/root/ros2_ws/install/realsense_msgs/share/realsense_msgs/cmake)
-- Found ament_lint_auto: 0.7.12 (/opt/ros/dashing/share/ament_lint_auto/cmake)
-- Added test 'copyright' to check for copyright in CMake / C / C++ / Python code
-- Added test 'cppcheck' to perform static code analysis on C / C++ code
-- Configured cppcheck include dirs: /root/ros2_ws/src/ros2_intel_realsense/realsense_node/include
-- Added test 'cpplint' to check C / C++ code against the Google style
-- Added test 'lint_cmake' to check CMake code style
-- Added test 'uncrustify' to check C / C++ code style
-- Added test 'xmllint' to check XML markup files
-- Configuring done
-- Generating done
-- Build files have been written to: /root/ros2_ws/build/realsense_node
[35m[1mScanning dependencies of target realsense_node[0m
[ 50%] [32mBuilding CXX object CMakeFiles/realsense_node.dir/src/realsense_node.cpp.o[0m
[100%] [32m[1mLinking CXX executable realsense_node[0m
[100%] Built target realsense_node
[100%] Built target realsense_node
[36mInstall the project...[0m
-- Install configuration: ""
-- Execute custom install script
-- Symlinking: /root/ros2_ws/install/realsense_node/lib/realsense_node/realsense_node
-- Symlinking: /root/ros2_ws/install/realsense_node/bin/realsense_node
-- Symlinking: /root/ros2_ws/install/realsense_node/share/ament_index/resource_index/package_run_dependencies/realsense_node
-- Symlinking: /root/ros2_ws/install/realsense_node/share/ament_index/resource_index/parent_prefix_path/realsense_node
-- Symlinking: /root/ros2_ws/install/realsense_node/share/realsense_node/environment/ament_prefix_path.sh
-- Symlinking: /root/ros2_ws/install/realsense_node/share/realsense_node/environment/path.sh
-- Symlinking: /root/ros2_ws/install/realsense_node/share/realsense_node/local_setup.bash
-- Symlinking: /root/ros2_ws/install/realsense_node/share/realsense_node/local_setup.sh
-- Symlinking: /root/ros2_ws/install/realsense_node/share/realsense_node/local_setup.zsh
-- Symlinking: /root/ros2_ws/install/realsense_node/share/ament_index/resource_index/packages/realsense_node
-- Symlinking: /root/ros2_ws/install/realsense_node/share/realsense_node/cmake/realsense_nodeConfig.cmake
-- Symlinking: /root/ros2_ws/install/realsense_node/share/realsense_node/cmake/realsense_nodeConfig-version.cmake
-- Symlinking: /root/ros2_ws/install/realsense_node/share/realsense_node/package.xml
