[0.011s] Invoking command in '/root/ros2_ws/build/realsense_node': AMENT_PREFIX_PATH=/root/ros2_ws/install/realsense_ros:/root/ros2_ws/install/realsense_msgs:${AMENT_PREFIX_PATH} CMAKE_PREFIX_PATH=/root/ros2_ws/install/realsense_ros:/root/ros2_ws/install/realsense_msgs:/opt/ros/dashing LD_LIBRARY_PATH=/root/ros2_ws/install/realsense_ros/lib:/root/ros2_ws/install/realsense_msgs/lib:${LD_LIBRARY_PATH} PYTHONPATH=/root/ros2_ws/install/realsense_msgs/lib/python3.6/site-packages:${PYTHONPATH} /usr/local/bin/cmake /root/ros2_ws/src/ros2_intel_realsense/realsense_node -DAMENT_CMAKE_SYMLINK_INSTALL=1 -DCMAKE_INSTALL_PREFIX=/root/ros2_ws/install/realsense_node
[0.090s] -- The C compiler identification is GNU 7.5.0
[0.174s] -- The CXX compiler identification is GNU 7.5.0
[0.196s] -- Check for working C compiler: /usr/bin/cc
[0.252s] -- Check for working C compiler: /usr/bin/cc -- works
[0.256s] -- Detecting C compiler ABI info
[0.312s] -- Detecting C compiler ABI info - done
[0.364s] -- Detecting C compile features
[0.505s] -- Detecting C compile features - done
[0.513s] -- Check for working CXX compiler: /usr/bin/c++
[0.565s] -- Check for working CXX compiler: /usr/bin/c++ -- works
[0.568s] -- Detecting CXX compiler ABI info
[0.621s] -- Detecting CXX compiler ABI info - done
[0.662s] -- Detecting CXX compile features
[0.914s] -- Detecting CXX compile features - done
[0.915s] -- Create Debug Build.
[0.917s] -- Found ament_cmake: 0.7.6 (/opt/ros/dashing/share/ament_cmake/cmake)
[0.943s] -- Found PythonInterp: /usr/bin/python3 (found suitable version "3.6.9", minimum required is "3") 
[0.943s] -- Using PYTHON_EXECUTABLE: /usr/bin/python3
[1.049s] -- Override CMake install command with custom implementation using symlinks instead of copying resources
[1.078s] -- Found rclcpp: 0.7.16 (/opt/ros/dashing/share/rclcpp/cmake)
[1.128s] -- Found rosidl_adapter: 0.7.10 (/opt/ros/dashing/share/rosidl_adapter/cmake)
[1.262s] -- Found rmw_implementation_cmake: 0.7.2 (/opt/ros/dashing/share/rmw_implementation_cmake/cmake)
[1.266s] -- Using RMW implementation 'rmw_fastrtps_cpp' as default
[1.269s] -- Looking for pthread.h
[1.319s] -- Looking for pthread.h - found
[1.320s] -- Looking for pthread_create
[1.370s] -- Looking for pthread_create - not found
[1.370s] -- Looking for pthread_create in pthreads
[1.411s] -- Looking for pthread_create in pthreads - not found
[1.411s] -- Looking for pthread_create in pthread
[1.459s] -- Looking for pthread_create in pthread - found
[1.461s] -- Found Threads: TRUE  
[1.548s] -- Found nav_msgs: 0.7.1 (/opt/ros/dashing/share/nav_msgs/cmake)
[1.625s] -- Found sensor_msgs: 0.7.1 (/opt/ros/dashing/share/sensor_msgs/cmake)
[1.694s] -- Found OpenCV: /usr (found version "3.2.0") 
[1.696s] -- Found tf2: 0.11.6 (/opt/ros/dashing/share/tf2/cmake)
[1.707s] -- Found tf2_ros: 0.11.6 (/opt/ros/dashing/share/tf2_ros/cmake)
[1.867s] -- Found realsense_ros: 2.0.8 (/root/ros2_ws/install/realsense_ros/share/realsense_ros/cmake)
[1.873s] -- Found realsense_msgs: 2.0.8 (/root/ros2_ws/install/realsense_msgs/share/realsense_msgs/cmake)
[2.086s] -- Found ament_lint_auto: 0.7.12 (/opt/ros/dashing/share/ament_lint_auto/cmake)
[2.165s] -- Added test 'copyright' to check for copyright in CMake / C / C++ / Python code
[2.167s] -- Added test 'cppcheck' to perform static code analysis on C / C++ code
[2.168s] -- Configured cppcheck include dirs: /root/ros2_ws/src/ros2_intel_realsense/realsense_node/include
[2.170s] -- Added test 'cpplint' to check C / C++ code against the Google style
[2.171s] -- Added test 'lint_cmake' to check CMake code style
[2.173s] -- Added test 'uncrustify' to check C / C++ code style
[2.174s] -- Added test 'xmllint' to check XML markup files
[2.179s] -- Configuring done
[2.232s] -- Generating done
[2.235s] -- Build files have been written to: /root/ros2_ws/build/realsense_node
[2.240s] Invoked command in '/root/ros2_ws/build/realsense_node' returned '0': AMENT_PREFIX_PATH=/root/ros2_ws/install/realsense_ros:/root/ros2_ws/install/realsense_msgs:${AMENT_PREFIX_PATH} CMAKE_PREFIX_PATH=/root/ros2_ws/install/realsense_ros:/root/ros2_ws/install/realsense_msgs:/opt/ros/dashing LD_LIBRARY_PATH=/root/ros2_ws/install/realsense_ros/lib:/root/ros2_ws/install/realsense_msgs/lib:${LD_LIBRARY_PATH} PYTHONPATH=/root/ros2_ws/install/realsense_msgs/lib/python3.6/site-packages:${PYTHONPATH} /usr/local/bin/cmake /root/ros2_ws/src/ros2_intel_realsense/realsense_node -DAMENT_CMAKE_SYMLINK_INSTALL=1 -DCMAKE_INSTALL_PREFIX=/root/ros2_ws/install/realsense_node
[2.243s] Invoking command in '/root/ros2_ws/build/realsense_node': AMENT_PREFIX_PATH=/root/ros2_ws/install/realsense_ros:/root/ros2_ws/install/realsense_msgs:${AMENT_PREFIX_PATH} CMAKE_PREFIX_PATH=/root/ros2_ws/install/realsense_ros:/root/ros2_ws/install/realsense_msgs:/opt/ros/dashing LD_LIBRARY_PATH=/root/ros2_ws/install/realsense_ros/lib:/root/ros2_ws/install/realsense_msgs/lib:${LD_LIBRARY_PATH} PYTHONPATH=/root/ros2_ws/install/realsense_msgs/lib/python3.6/site-packages:${PYTHONPATH} /usr/local/bin/cmake --build /root/ros2_ws/build/realsense_node -- -j16 -l16
[2.262s] [35m[1mScanning dependencies of target realsense_node[0m
[2.296s] [ 50%] [32mBuilding CXX object CMakeFiles/realsense_node.dir/src/realsense_node.cpp.o[0m
[4.076s] [100%] [32m[1mLinking CXX executable realsense_node[0m
[4.235s] [100%] Built target realsense_node
[4.239s] Invoked command in '/root/ros2_ws/build/realsense_node' returned '0': AMENT_PREFIX_PATH=/root/ros2_ws/install/realsense_ros:/root/ros2_ws/install/realsense_msgs:${AMENT_PREFIX_PATH} CMAKE_PREFIX_PATH=/root/ros2_ws/install/realsense_ros:/root/ros2_ws/install/realsense_msgs:/opt/ros/dashing LD_LIBRARY_PATH=/root/ros2_ws/install/realsense_ros/lib:/root/ros2_ws/install/realsense_msgs/lib:${LD_LIBRARY_PATH} PYTHONPATH=/root/ros2_ws/install/realsense_msgs/lib/python3.6/site-packages:${PYTHONPATH} /usr/local/bin/cmake --build /root/ros2_ws/build/realsense_node -- -j16 -l16
[4.255s] Invoking command in '/root/ros2_ws/build/realsense_node': AMENT_PREFIX_PATH=/root/ros2_ws/install/realsense_ros:/root/ros2_ws/install/realsense_msgs:${AMENT_PREFIX_PATH} CMAKE_PREFIX_PATH=/root/ros2_ws/install/realsense_ros:/root/ros2_ws/install/realsense_msgs:/opt/ros/dashing LD_LIBRARY_PATH=/root/ros2_ws/install/realsense_ros/lib:/root/ros2_ws/install/realsense_msgs/lib:${LD_LIBRARY_PATH} PYTHONPATH=/root/ros2_ws/install/realsense_msgs/lib/python3.6/site-packages:${PYTHONPATH} /usr/local/bin/cmake --build /root/ros2_ws/build/realsense_node --target install -- -j16 -l16
[4.287s] [100%] Built target realsense_node
[4.293s] [36mInstall the project...[0m
[4.295s] -- Install configuration: ""
[4.297s] -- Execute custom install script
[4.297s] -- Symlinking: /root/ros2_ws/install/realsense_node/lib/realsense_node/realsense_node
[4.301s] -- Symlinking: /root/ros2_ws/install/realsense_node/bin/realsense_node
[4.304s] -- Symlinking: /root/ros2_ws/install/realsense_node/share/ament_index/resource_index/package_run_dependencies/realsense_node
[4.306s] -- Symlinking: /root/ros2_ws/install/realsense_node/share/ament_index/resource_index/parent_prefix_path/realsense_node
[4.309s] -- Symlinking: /root/ros2_ws/install/realsense_node/share/realsense_node/environment/ament_prefix_path.sh
[4.312s] -- Symlinking: /root/ros2_ws/install/realsense_node/share/realsense_node/environment/path.sh
[4.315s] -- Symlinking: /root/ros2_ws/install/realsense_node/share/realsense_node/local_setup.bash
[4.317s] -- Symlinking: /root/ros2_ws/install/realsense_node/share/realsense_node/local_setup.sh
[4.319s] -- Symlinking: /root/ros2_ws/install/realsense_node/share/realsense_node/local_setup.zsh
[4.322s] -- Symlinking: /root/ros2_ws/install/realsense_node/share/ament_index/resource_index/packages/realsense_node
[4.325s] -- Symlinking: /root/ros2_ws/install/realsense_node/share/realsense_node/cmake/realsense_nodeConfig.cmake
[4.327s] -- Symlinking: /root/ros2_ws/install/realsense_node/share/realsense_node/cmake/realsense_nodeConfig-version.cmake
[4.330s] -- Symlinking: /root/ros2_ws/install/realsense_node/share/realsense_node/package.xml
[4.334s] Invoked command in '/root/ros2_ws/build/realsense_node' returned '0': AMENT_PREFIX_PATH=/root/ros2_ws/install/realsense_ros:/root/ros2_ws/install/realsense_msgs:${AMENT_PREFIX_PATH} CMAKE_PREFIX_PATH=/root/ros2_ws/install/realsense_ros:/root/ros2_ws/install/realsense_msgs:/opt/ros/dashing LD_LIBRARY_PATH=/root/ros2_ws/install/realsense_ros/lib:/root/ros2_ws/install/realsense_msgs/lib:${LD_LIBRARY_PATH} PYTHONPATH=/root/ros2_ws/install/realsense_msgs/lib/python3.6/site-packages:${PYTHONPATH} /usr/local/bin/cmake --build /root/ros2_ws/build/realsense_node --target install -- -j16 -l16
