[ 11%] Built target gtest_main
[ 23%] Built target gtest
[ 47%] Built target grasp_plan
[ 70%] Built target grasp_detect
[ 88%] Built target tgrasp_ros2
[100%] Built target grasp_ros2
[ 11%] Built target gtest_main
[ 23%] Built target gtest
[ 47%] Built target grasp_plan
[ 70%] Built target grasp_detect
[ 88%] Built target tgrasp_ros2
[100%] Built target grasp_ros2
[36mInstall the project...[0m
-- Install configuration: ""
-- Execute custom install script
-- Up-to-date symlink: /root/ros2_ws/install/grasp_ros2/lib/libgrasp_detect.so
-- Up-to-date symlink: /root/ros2_ws/install/grasp_ros2/lib/libgrasp_plan.so
-- Up-to-date symlink: /root/ros2_ws/install/grasp_ros2/bin/grasp_ros2
-- Up-to-date symlink: /root/ros2_ws/install/grasp_ros2/lib/grasp_ros2/grasp_ros2
-- Up-to-date symlink: /root/ros2_ws/install/grasp_ros2/include/grasp_library/ros2/consts.hpp
-- Up-to-date symlink: /root/ros2_ws/install/grasp_ros2/include/grasp_library/ros2/grasp_detector_base.hpp
-- Up-to-date symlink: /root/ros2_ws/install/grasp_ros2/include/grasp_library/ros2/grasp_detector_gpd.hpp
-- Up-to-date symlink: /root/ros2_ws/install/grasp_ros2/include/grasp_library/ros2/grasp_planner.hpp
-- Up-to-date symlink: /root/ros2_ws/install/grasp_ros2/include/grasp_library/ros2/ros_params.hpp
-- Up-to-date symlink: /root/ros2_ws/install/grasp_ros2/bin/tgrasp_ros2
-- Up-to-date symlink: /root/ros2_ws/install/grasp_ros2/lib/grasp_ros2/tgrasp_ros2
-- Up-to-date symlink: /root/ros2_ws/install/grasp_ros2/share/ament_index/resource_index/package_run_dependencies/grasp_ros2
-- Up-to-date symlink: /root/ros2_ws/install/grasp_ros2/share/ament_index/resource_index/parent_prefix_path/grasp_ros2
-- Up-to-date symlink: /root/ros2_ws/install/grasp_ros2/share/grasp_ros2/environment/ament_prefix_path.sh
-- Up-to-date symlink: /root/ros2_ws/install/grasp_ros2/share/grasp_ros2/environment/path.sh
-- Up-to-date symlink: /root/ros2_ws/install/grasp_ros2/share/grasp_ros2/local_setup.bash
-- Up-to-date symlink: /root/ros2_ws/install/grasp_ros2/share/grasp_ros2/local_setup.sh
-- Up-to-date symlink: /root/ros2_ws/install/grasp_ros2/share/grasp_ros2/local_setup.zsh
-- Up-to-date symlink: /root/ros2_ws/install/grasp_ros2/share/ament_index/resource_index/packages/grasp_ros2
-- Up-to-date symlink: /root/ros2_ws/install/grasp_ros2/share/ament_index/resource_index/rclcpp_components/grasp_ros2
-- Up-to-date symlink: /root/ros2_ws/install/grasp_ros2/share/grasp_ros2/cmake/grasp_ros2Config.cmake
-- Up-to-date symlink: /root/ros2_ws/install/grasp_ros2/share/grasp_ros2/cmake/grasp_ros2Config-version.cmake
-- Up-to-date symlink: /root/ros2_ws/install/grasp_ros2/share/grasp_ros2/package.xml
