[0.009s] Invoking command in '/root/ros2_ws/build/grasp_ros2': AMENT_PREFIX_PATH=/root/ros2_ws/install/moveit_msgs:/root/ros2_ws/install/grasp_msgs:${AMENT_PREFIX_PATH} CMAKE_PREFIX_PATH=/root/ros2_ws/install/moveit_msgs:/root/ros2_ws/install/grasp_msgs:/opt/ros/dashing LD_LIBRARY_PATH=/root/ros2_ws/install/moveit_msgs/lib:/root/ros2_ws/install/grasp_msgs/lib:${LD_LIBRARY_PATH} PYTHONPATH=/root/ros2_ws/install/moveit_msgs/lib/python3.6/site-packages:/root/ros2_ws/install/grasp_msgs/lib/python3.6/site-packages:${PYTHONPATH} /usr/local/bin/cmake --build /root/ros2_ws/build/grasp_ros2 -- -j16 -l16
[0.032s] [ 11%] Built target gtest_main
[0.032s] [ 23%] Built target gtest
[0.043s] [ 47%] Built target grasp_plan
[0.050s] [ 70%] Built target grasp_detect
[0.052s] [ 88%] Built target tgrasp_ros2
[0.072s] [100%] Built target grasp_ros2
[0.076s] Invoked command in '/root/ros2_ws/build/grasp_ros2' returned '0': AMENT_PREFIX_PATH=/root/ros2_ws/install/moveit_msgs:/root/ros2_ws/install/grasp_msgs:${AMENT_PREFIX_PATH} CMAKE_PREFIX_PATH=/root/ros2_ws/install/moveit_msgs:/root/ros2_ws/install/grasp_msgs:/opt/ros/dashing LD_LIBRARY_PATH=/root/ros2_ws/install/moveit_msgs/lib:/root/ros2_ws/install/grasp_msgs/lib:${LD_LIBRARY_PATH} PYTHONPATH=/root/ros2_ws/install/moveit_msgs/lib/python3.6/site-packages:/root/ros2_ws/install/grasp_msgs/lib/python3.6/site-packages:${PYTHONPATH} /usr/local/bin/cmake --build /root/ros2_ws/build/grasp_ros2 -- -j16 -l16
[0.105s] Invoking command in '/root/ros2_ws/build/grasp_ros2': AMENT_PREFIX_PATH=/root/ros2_ws/install/moveit_msgs:/root/ros2_ws/install/grasp_msgs:${AMENT_PREFIX_PATH} CMAKE_PREFIX_PATH=/root/ros2_ws/install/moveit_msgs:/root/ros2_ws/install/grasp_msgs:/opt/ros/dashing LD_LIBRARY_PATH=/root/ros2_ws/install/moveit_msgs/lib:/root/ros2_ws/install/grasp_msgs/lib:${LD_LIBRARY_PATH} PYTHONPATH=/root/ros2_ws/install/moveit_msgs/lib/python3.6/site-packages:/root/ros2_ws/install/grasp_msgs/lib/python3.6/site-packages:${PYTHONPATH} /usr/local/bin/cmake --build /root/ros2_ws/build/grasp_ros2 --target install -- -j16 -l16
[0.129s] [ 11%] Built target gtest_main
[0.129s] [ 23%] Built target gtest
[0.142s] [ 47%] Built target grasp_plan
[0.149s] [ 70%] Built target grasp_detect
[0.152s] [ 88%] Built target tgrasp_ros2
[0.173s] [100%] Built target grasp_ros2
[0.179s] [36mInstall the project...[0m
[0.182s] -- Install configuration: ""
[0.183s] -- Execute custom install script
[0.184s] -- Up-to-date symlink: /root/ros2_ws/install/grasp_ros2/lib/libgrasp_detect.so
[0.185s] -- Up-to-date symlink: /root/ros2_ws/install/grasp_ros2/lib/libgrasp_plan.so
[0.186s] -- Up-to-date symlink: /root/ros2_ws/install/grasp_ros2/bin/grasp_ros2
[0.187s] -- Up-to-date symlink: /root/ros2_ws/install/grasp_ros2/lib/grasp_ros2/grasp_ros2
[0.189s] -- Up-to-date symlink: /root/ros2_ws/install/grasp_ros2/include/grasp_library/ros2/consts.hpp
[0.189s] -- Up-to-date symlink: /root/ros2_ws/install/grasp_ros2/include/grasp_library/ros2/grasp_detector_base.hpp
[0.190s] -- Up-to-date symlink: /root/ros2_ws/install/grasp_ros2/include/grasp_library/ros2/grasp_detector_gpd.hpp
[0.190s] -- Up-to-date symlink: /root/ros2_ws/install/grasp_ros2/include/grasp_library/ros2/grasp_planner.hpp
[0.191s] -- Up-to-date symlink: /root/ros2_ws/install/grasp_ros2/include/grasp_library/ros2/ros_params.hpp
[0.192s] -- Up-to-date symlink: /root/ros2_ws/install/grasp_ros2/bin/tgrasp_ros2
[0.193s] -- Up-to-date symlink: /root/ros2_ws/install/grasp_ros2/lib/grasp_ros2/tgrasp_ros2
[0.193s] -- Up-to-date symlink: /root/ros2_ws/install/grasp_ros2/share/ament_index/resource_index/package_run_dependencies/grasp_ros2
[0.194s] -- Up-to-date symlink: /root/ros2_ws/install/grasp_ros2/share/ament_index/resource_index/parent_prefix_path/grasp_ros2
[0.194s] -- Up-to-date symlink: /root/ros2_ws/install/grasp_ros2/share/grasp_ros2/environment/ament_prefix_path.sh
[0.195s] -- Up-to-date symlink: /root/ros2_ws/install/grasp_ros2/share/grasp_ros2/environment/path.sh
[0.196s] -- Up-to-date symlink: /root/ros2_ws/install/grasp_ros2/share/grasp_ros2/local_setup.bash
[0.196s] -- Up-to-date symlink: /root/ros2_ws/install/grasp_ros2/share/grasp_ros2/local_setup.sh
[0.197s] -- Up-to-date symlink: /root/ros2_ws/install/grasp_ros2/share/grasp_ros2/local_setup.zsh
[0.197s] -- Up-to-date symlink: /root/ros2_ws/install/grasp_ros2/share/ament_index/resource_index/packages/grasp_ros2
[0.198s] -- Up-to-date symlink: /root/ros2_ws/install/grasp_ros2/share/ament_index/resource_index/rclcpp_components/grasp_ros2
[0.198s] -- Up-to-date symlink: /root/ros2_ws/install/grasp_ros2/share/grasp_ros2/cmake/grasp_ros2Config.cmake
[0.198s] -- Up-to-date symlink: /root/ros2_ws/install/grasp_ros2/share/grasp_ros2/cmake/grasp_ros2Config-version.cmake
[0.199s] -- Up-to-date symlink: /root/ros2_ws/install/grasp_ros2/share/grasp_ros2/package.xml
[0.202s] Invoked command in '/root/ros2_ws/build/grasp_ros2' returned '0': AMENT_PREFIX_PATH=/root/ros2_ws/install/moveit_msgs:/root/ros2_ws/install/grasp_msgs:${AMENT_PREFIX_PATH} CMAKE_PREFIX_PATH=/root/ros2_ws/install/moveit_msgs:/root/ros2_ws/install/grasp_msgs:/opt/ros/dashing LD_LIBRARY_PATH=/root/ros2_ws/install/moveit_msgs/lib:/root/ros2_ws/install/grasp_msgs/lib:${LD_LIBRARY_PATH} PYTHONPATH=/root/ros2_ws/install/moveit_msgs/lib/python3.6/site-packages:/root/ros2_ws/install/grasp_msgs/lib/python3.6/site-packages:${PYTHONPATH} /usr/local/bin/cmake --build /root/ros2_ws/build/grasp_ros2 --target install -- -j16 -l16
