-- The C compiler identification is GNU 7.5.0
-- The CXX compiler identification is GNU 7.5.0
-- Check for working C compiler: /usr/bin/cc
-- Check for working C compiler: /usr/bin/cc -- works
-- Detecting C compiler ABI info
-- Detecting C compiler ABI info - done
-- Detecting C compile features
-- Detecting C compile features - done
-- Check for working CXX compiler: /usr/bin/c++
-- Check for working CXX compiler: /usr/bin/c++ -- works
-- Detecting CXX compiler ABI info
-- Detecting CXX compiler ABI info - done
-- Detecting CXX compile features
-- Detecting CXX compile features - done
-- Create Debug Build.
-- Found ament_cmake: 0.7.6 (/opt/ros/dashing/share/ament_cmake/cmake)
-- Found PythonInterp: /usr/bin/python3 (found suitable version "3.6.9", minimum required is "3") 
-- Using PYTHON_EXECUTABLE: /usr/bin/python3
-- Override CMake install command with custom implementation using symlinks instead of copying resources
-- Found rclcpp: 0.7.16 (/opt/ros/dashing/share/rclcpp/cmake)
-- Found rosidl_adapter: 0.7.10 (/opt/ros/dashing/share/rosidl_adapter/cmake)
-- Found rmw_implementation_cmake: 0.7.2 (/opt/ros/dashing/share/rmw_implementation_cmake/cmake)
-- Using RMW implementation 'rmw_fastrtps_cpp' as default
-- Looking for pthread.h
-- Looking for pthread.h - found
-- Looking for pthread_create
-- Looking for pthread_create - not found
-- Looking for pthread_create in pthreads
-- Looking for pthread_create in pthreads - not found
-- Looking for pthread_create in pthread
-- Looking for pthread_create in pthread - found
-- Found Threads: TRUE  
-- Found rclcpp_components: 0.7.16 (/opt/ros/dashing/share/rclcpp_components/cmake)
-- Found poco_vendor:  (/opt/ros/dashing/share/poco_vendor/cmake)
-- Found nav_msgs: 0.7.1 (/opt/ros/dashing/share/nav_msgs/cmake)
-- Found sensor_msgs: 0.7.1 (/opt/ros/dashing/share/sensor_msgs/cmake)
-- Found OpenCV: /usr (found version "3.2.0") 
-- Found tf2: 0.11.6 (/opt/ros/dashing/share/tf2/cmake)
-- Found tf2_ros: 0.11.6 (/opt/ros/dashing/share/tf2_ros/cmake)
-- Found realsense_msgs: 2.0.8 (/root/ros2_ws/install/realsense_msgs/share/realsense_msgs/cmake)
-- Found ament_lint_auto: 0.7.12 (/opt/ros/dashing/share/ament_lint_auto/cmake)
-- Found gtest sources under '/opt/ros/dashing/src/gtest_vendor': C++ tests using 'Google Test' will be built
-- Check if compiler accepts -pthread
-- Check if compiler accepts -pthread - yes
-- Added test 'copyright' to check for copyright in CMake / C / C++ / Python code
-- Added test 'cppcheck' to perform static code analysis on C / C++ code
-- Configured cppcheck include dirs: /root/ros2_ws/src/ros2_intel_realsense/realsense_ros/include
-- Added test 'cpplint' to check C / C++ code against the Google style
-- Added test 'lint_cmake' to check CMake code style
-- Added test 'uncrustify' to check C / C++ code style
-- Added test 'xmllint' to check XML markup files
-- Configuring done
-- Generating done
-- Build files have been written to: /root/ros2_ws/build/realsense_ros
[35m[1mScanning dependencies of target gtest_main[0m
[35m[1mScanning dependencies of target gtest[0m
[35m[1mScanning dependencies of target realsense_ros[0m
[  8%] [32mBuilding CXX object gtest/CMakeFiles/gtest_main.dir/src/gtest_main.cc.o[0m
[ 16%] [32mBuilding CXX object gtest/CMakeFiles/gtest.dir/src/gtest-all.cc.o[0m
[ 50%] [32mBuilding CXX object CMakeFiles/realsense_ros.dir/src/rs_factory.cpp.o[0m
[ 50%] [32mBuilding CXX object CMakeFiles/realsense_ros.dir/src/rs_base.cpp.o[0m
[ 50%] [32mBuilding CXX object CMakeFiles/realsense_ros.dir/src/rs_d435.cpp.o[0m
[ 50%] [32mBuilding CXX object CMakeFiles/realsense_ros.dir/src/rs_d435i.cpp.o[0m
[ 58%] [32mBuilding CXX object CMakeFiles/realsense_ros.dir/src/rs_t265.cpp.o[0m
[ 66%] [32m[1mLinking CXX static library libgtest_main.a[0m
[ 66%] Built target gtest_main
[ 75%] [32m[1mLinking CXX static library libgtest.a[0m
[ 75%] Built target gtest
[ 83%] [32m[1mLinking CXX shared library librealsense_ros.so[0m
[ 83%] Built target realsense_ros
[35m[1mScanning dependencies of target camera_core[0m
[ 91%] [32mBuilding CXX object CMakeFiles/camera_core.dir/tests/camera_core.cpp.o[0m
[01m[K/root/ros2_ws/src/ros2_intel_realsense/realsense_ros/tests/camera_core.cpp:[m[K In function '[01m[Kvoid getMsgInfo(rs2_stream, const ConstSharedPtr&)[m[K':
[01m[K/root/ros2_ws/src/ros2_intel_realsense/realsense_ros/tests/camera_core.cpp:88:86:[m[K [01;35m[Kwarning: [m[Kformat not a string literal and no format arguments [[01;35m[K-Wformat-security[m[K]
 tf(g_encoding_recv[stream], msg->encoding.length() + 1, msg->encoding.c_str()[01;35m[K)[m[K;
                                                                              [01;35m[K^[m[K
[01m[K/root/ros2_ws/src/ros2_intel_realsense/realsense_ros/tests/camera_core.cpp:[m[K In function '[01m[Kvoid getCameraInfo(rs2_stream, sensor_msgs::msg::CameraInfo_<std::allocator<void> >::SharedPtr)[m[K':
[01m[K/root/ros2_ws/src/ros2_intel_realsense/realsense_ros/tests/camera_core.cpp:101:39:[m[K [01;35m[Kwarning: [m[Kformat not a string literal and no format arguments [[01;35m[K-Wformat-security[m[K]
     info_msg->distortion_model.c_str()[01;35m[K)[m[K;
                                       [01;35m[K^[m[K
[100%] [32m[1mLinking CXX executable camera_core[0m
[100%] Built target camera_core
[ 16%] Built target gtest
[ 33%] Built target gtest_main
[ 83%] Built target realsense_ros
[100%] Built target camera_core
[36mInstall the project...[0m
-- Install configuration: ""
-- Execute custom install script
-- Symlinking: /root/ros2_ws/install/realsense_ros/lib/librealsense_ros.so
-- Symlinking: /root/ros2_ws/install/realsense_ros/include/realsense/rs_base.hpp
-- Symlinking: /root/ros2_ws/install/realsense_ros/include/realsense/rs_constants.hpp
-- Symlinking: /root/ros2_ws/install/realsense_ros/include/realsense/rs_d435.hpp
-- Symlinking: /root/ros2_ws/install/realsense_ros/include/realsense/rs_d435i.hpp
-- Symlinking: /root/ros2_ws/install/realsense_ros/include/realsense/rs_factory.hpp
-- Symlinking: /root/ros2_ws/install/realsense_ros/include/realsense/rs_t265.hpp
-- Symlinking: /root/ros2_ws/install/realsense_ros/share/realsense_ros/environment/library_path.sh
-- Symlinking: /root/ros2_ws/install/realsense_ros/share/ament_index/resource_index/package_run_dependencies/realsense_ros
-- Symlinking: /root/ros2_ws/install/realsense_ros/share/ament_index/resource_index/parent_prefix_path/realsense_ros
-- Symlinking: /root/ros2_ws/install/realsense_ros/share/realsense_ros/environment/ament_prefix_path.sh
-- Symlinking: /root/ros2_ws/install/realsense_ros/share/realsense_ros/environment/path.sh
-- Symlinking: /root/ros2_ws/install/realsense_ros/share/realsense_ros/local_setup.bash
-- Symlinking: /root/ros2_ws/install/realsense_ros/share/realsense_ros/local_setup.sh
-- Symlinking: /root/ros2_ws/install/realsense_ros/share/realsense_ros/local_setup.zsh
-- Symlinking: /root/ros2_ws/install/realsense_ros/share/ament_index/resource_index/packages/realsense_ros
-- Symlinking: /root/ros2_ws/install/realsense_ros/share/ament_index/resource_index/rclcpp_components/realsense_ros
-- Symlinking: /root/ros2_ws/install/realsense_ros/share/realsense_ros/cmake/ament_cmake_export_include_directories-extras.cmake
-- Symlinking: /root/ros2_ws/install/realsense_ros/share/realsense_ros/cmake/ament_cmake_export_libraries-extras.cmake
-- Symlinking: /root/ros2_ws/install/realsense_ros/share/realsense_ros/cmake/realsense_rosConfig.cmake
-- Symlinking: /root/ros2_ws/install/realsense_ros/share/realsense_ros/cmake/realsense_rosConfig-version.cmake
-- Symlinking: /root/ros2_ws/install/realsense_ros/share/realsense_ros/package.xml
