[0.006s] Invoking command in '/root/ros2_ws/build/realsense_ros': AMENT_PREFIX_PATH=/root/ros2_ws/install/realsense_msgs:${AMENT_PREFIX_PATH} CMAKE_PREFIX_PATH=/root/ros2_ws/install/realsense_msgs:/opt/ros/dashing LD_LIBRARY_PATH=/root/ros2_ws/install/realsense_msgs/lib:${LD_LIBRARY_PATH} PYTHONPATH=/root/ros2_ws/install/realsense_msgs/lib/python3.6/site-packages:${PYTHONPATH} /usr/local/bin/cmake /root/ros2_ws/src/ros2_intel_realsense/realsense_ros -DAMENT_CMAKE_SYMLINK_INSTALL=1 -DCMAKE_INSTALL_PREFIX=/root/ros2_ws/install/realsense_ros
[0.062s] -- The C compiler identification is GNU 7.5.0
[0.121s] -- The CXX compiler identification is GNU 7.5.0
[0.134s] -- Check for working C compiler: /usr/bin/cc
[0.179s] -- Check for working C compiler: /usr/bin/cc -- works
[0.184s] -- Detecting C compiler ABI info
[0.242s] -- Detecting C compiler ABI info - done
[0.316s] -- Detecting C compile features
[0.473s] -- Detecting C compile features - done
[0.481s] -- Check for working CXX compiler: /usr/bin/c++
[0.531s] -- Check for working CXX compiler: /usr/bin/c++ -- works
[0.534s] -- Detecting CXX compiler ABI info
[0.585s] -- Detecting CXX compiler ABI info - done
[0.627s] -- Detecting CXX compile features
[0.870s] -- Detecting CXX compile features - done
[0.872s] -- Create Debug Build.
[0.874s] -- Found ament_cmake: 0.7.6 (/opt/ros/dashing/share/ament_cmake/cmake)
[0.897s] -- Found PythonInterp: /usr/bin/python3 (found suitable version "3.6.9", minimum required is "3") 
[0.897s] -- Using PYTHON_EXECUTABLE: /usr/bin/python3
[0.998s] -- Override CMake install command with custom implementation using symlinks instead of copying resources
[1.032s] -- Found rclcpp: 0.7.16 (/opt/ros/dashing/share/rclcpp/cmake)
[1.091s] -- Found rosidl_adapter: 0.7.10 (/opt/ros/dashing/share/rosidl_adapter/cmake)
[1.279s] -- Found rmw_implementation_cmake: 0.7.2 (/opt/ros/dashing/share/rmw_implementation_cmake/cmake)
[1.287s] -- Using RMW implementation 'rmw_fastrtps_cpp' as default
[1.292s] -- Looking for pthread.h
[1.392s] -- Looking for pthread.h - found
[1.393s] -- Looking for pthread_create
[1.515s] -- Looking for pthread_create - not found
[1.515s] -- Looking for pthread_create in pthreads
[1.566s] -- Looking for pthread_create in pthreads - not found
[1.567s] -- Looking for pthread_create in pthread
[1.624s] -- Looking for pthread_create in pthread - found
[1.628s] -- Found Threads: TRUE  
[1.739s] -- Found rclcpp_components: 0.7.16 (/opt/ros/dashing/share/rclcpp_components/cmake)
[1.748s] -- Found poco_vendor:  (/opt/ros/dashing/share/poco_vendor/cmake)
[1.811s] -- Found nav_msgs: 0.7.1 (/opt/ros/dashing/share/nav_msgs/cmake)
[1.883s] -- Found sensor_msgs: 0.7.1 (/opt/ros/dashing/share/sensor_msgs/cmake)
[1.950s] -- Found OpenCV: /usr (found version "3.2.0") 
[1.952s] -- Found tf2: 0.11.6 (/opt/ros/dashing/share/tf2/cmake)
[1.960s] -- Found tf2_ros: 0.11.6 (/opt/ros/dashing/share/tf2_ros/cmake)
[2.116s] -- Found realsense_msgs: 2.0.8 (/root/ros2_ws/install/realsense_msgs/share/realsense_msgs/cmake)
[2.373s] -- Found ament_lint_auto: 0.7.12 (/opt/ros/dashing/share/ament_lint_auto/cmake)
[2.446s] -- Found gtest sources under '/opt/ros/dashing/src/gtest_vendor': C++ tests using 'Google Test' will be built
[2.451s] -- Check if compiler accepts -pthread
[2.496s] -- Check if compiler accepts -pthread - yes
[2.755s] -- Added test 'copyright' to check for copyright in CMake / C / C++ / Python code
[2.760s] -- Added test 'cppcheck' to perform static code analysis on C / C++ code
[2.762s] -- Configured cppcheck include dirs: /root/ros2_ws/src/ros2_intel_realsense/realsense_ros/include
[2.766s] -- Added test 'cpplint' to check C / C++ code against the Google style
[2.770s] -- Added test 'lint_cmake' to check CMake code style
[2.775s] -- Added test 'uncrustify' to check C / C++ code style
[2.778s] -- Added test 'xmllint' to check XML markup files
[2.795s] -- Configuring done
[2.975s] -- Generating done
[2.978s] -- Build files have been written to: /root/ros2_ws/build/realsense_ros
[2.984s] Invoked command in '/root/ros2_ws/build/realsense_ros' returned '0': AMENT_PREFIX_PATH=/root/ros2_ws/install/realsense_msgs:${AMENT_PREFIX_PATH} CMAKE_PREFIX_PATH=/root/ros2_ws/install/realsense_msgs:/opt/ros/dashing LD_LIBRARY_PATH=/root/ros2_ws/install/realsense_msgs/lib:${LD_LIBRARY_PATH} PYTHONPATH=/root/ros2_ws/install/realsense_msgs/lib/python3.6/site-packages:${PYTHONPATH} /usr/local/bin/cmake /root/ros2_ws/src/ros2_intel_realsense/realsense_ros -DAMENT_CMAKE_SYMLINK_INSTALL=1 -DCMAKE_INSTALL_PREFIX=/root/ros2_ws/install/realsense_ros
[2.985s] Invoking command in '/root/ros2_ws/build/realsense_ros': AMENT_PREFIX_PATH=/root/ros2_ws/install/realsense_msgs:${AMENT_PREFIX_PATH} CMAKE_PREFIX_PATH=/root/ros2_ws/install/realsense_msgs:/opt/ros/dashing LD_LIBRARY_PATH=/root/ros2_ws/install/realsense_msgs/lib:${LD_LIBRARY_PATH} PYTHONPATH=/root/ros2_ws/install/realsense_msgs/lib/python3.6/site-packages:${PYTHONPATH} /usr/local/bin/cmake --build /root/ros2_ws/build/realsense_ros -- -j16 -l16
[3.006s] [35m[1mScanning dependencies of target gtest_main[0m
[3.006s] [35m[1mScanning dependencies of target gtest[0m
[3.006s] [35m[1mScanning dependencies of target realsense_ros[0m
[3.018s] [  8%] [32mBuilding CXX object gtest/CMakeFiles/gtest_main.dir/src/gtest_main.cc.o[0m
[3.021s] [ 16%] [32mBuilding CXX object gtest/CMakeFiles/gtest.dir/src/gtest-all.cc.o[0m
[3.083s] [ 50%] [32mBuilding CXX object CMakeFiles/realsense_ros.dir/src/rs_factory.cpp.o[0m
[3.083s] [ 50%] [32mBuilding CXX object CMakeFiles/realsense_ros.dir/src/rs_base.cpp.o[0m
[3.084s] [ 50%] [32mBuilding CXX object CMakeFiles/realsense_ros.dir/src/rs_d435.cpp.o[0m
[3.084s] [ 50%] [32mBuilding CXX object CMakeFiles/realsense_ros.dir/src/rs_d435i.cpp.o[0m
[3.084s] [ 58%] [32mBuilding CXX object CMakeFiles/realsense_ros.dir/src/rs_t265.cpp.o[0m
[3.403s] [ 66%] [32m[1mLinking CXX static library libgtest_main.a[0m
[3.413s] [ 66%] Built target gtest_main
[4.903s] [ 75%] [32m[1mLinking CXX static library libgtest.a[0m
[4.928s] [ 75%] Built target gtest
[7.438s] [ 83%] [32m[1mLinking CXX shared library librealsense_ros.so[0m
[7.941s] [ 83%] Built target realsense_ros
[7.946s] [35m[1mScanning dependencies of target camera_core[0m
[7.985s] [ 91%] [32mBuilding CXX object CMakeFiles/camera_core.dir/tests/camera_core.cpp.o[0m
[9.391s] [01m[K/root/ros2_ws/src/ros2_intel_realsense/realsense_ros/tests/camera_core.cpp:[m[K In function '[01m[Kvoid getMsgInfo(rs2_stream, const ConstSharedPtr&)[m[K':
[9.391s] [01m[K/root/ros2_ws/src/ros2_intel_realsense/realsense_ros/tests/camera_core.cpp:88:86:[m[K [01;35m[Kwarning: [m[Kformat not a string literal and no format arguments [[01;35m[K-Wformat-security[m[K]
[9.391s]  tf(g_encoding_recv[stream], msg->encoding.length() + 1, msg->encoding.c_str()[01;35m[K)[m[K;
[9.391s]                                                                               [01;35m[K^[m[K
[9.392s] [01m[K/root/ros2_ws/src/ros2_intel_realsense/realsense_ros/tests/camera_core.cpp:[m[K In function '[01m[Kvoid getCameraInfo(rs2_stream, sensor_msgs::msg::CameraInfo_<std::allocator<void> >::SharedPtr)[m[K':
[9.392s] [01m[K/root/ros2_ws/src/ros2_intel_realsense/realsense_ros/tests/camera_core.cpp:101:39:[m[K [01;35m[Kwarning: [m[Kformat not a string literal and no format arguments [[01;35m[K-Wformat-security[m[K]
[9.392s]      info_msg->distortion_model.c_str()[01;35m[K)[m[K;
[9.392s]                                        [01;35m[K^[m[K
[11.847s] [100%] [32m[1mLinking CXX executable camera_core[0m
[12.490s] [100%] Built target camera_core
[12.496s] Invoked command in '/root/ros2_ws/build/realsense_ros' returned '0': AMENT_PREFIX_PATH=/root/ros2_ws/install/realsense_msgs:${AMENT_PREFIX_PATH} CMAKE_PREFIX_PATH=/root/ros2_ws/install/realsense_msgs:/opt/ros/dashing LD_LIBRARY_PATH=/root/ros2_ws/install/realsense_msgs/lib:${LD_LIBRARY_PATH} PYTHONPATH=/root/ros2_ws/install/realsense_msgs/lib/python3.6/site-packages:${PYTHONPATH} /usr/local/bin/cmake --build /root/ros2_ws/build/realsense_ros -- -j16 -l16
[12.517s] Invoking command in '/root/ros2_ws/build/realsense_ros': AMENT_PREFIX_PATH=/root/ros2_ws/install/realsense_msgs:${AMENT_PREFIX_PATH} CMAKE_PREFIX_PATH=/root/ros2_ws/install/realsense_msgs:/opt/ros/dashing LD_LIBRARY_PATH=/root/ros2_ws/install/realsense_msgs/lib:${LD_LIBRARY_PATH} PYTHONPATH=/root/ros2_ws/install/realsense_msgs/lib/python3.6/site-packages:${PYTHONPATH} /usr/local/bin/cmake --build /root/ros2_ws/build/realsense_ros --target install -- -j16 -l16
[12.539s] [ 16%] Built target gtest
[12.539s] [ 33%] Built target gtest_main
[12.555s] [ 83%] Built target realsense_ros
[12.573s] [100%] Built target camera_core
[12.578s] [36mInstall the project...[0m
[12.581s] -- Install configuration: ""
[12.582s] -- Execute custom install script
[12.583s] -- Symlinking: /root/ros2_ws/install/realsense_ros/lib/librealsense_ros.so
[12.587s] -- Symlinking: /root/ros2_ws/install/realsense_ros/include/realsense/rs_base.hpp
[12.590s] -- Symlinking: /root/ros2_ws/install/realsense_ros/include/realsense/rs_constants.hpp
[12.592s] -- Symlinking: /root/ros2_ws/install/realsense_ros/include/realsense/rs_d435.hpp
[12.594s] -- Symlinking: /root/ros2_ws/install/realsense_ros/include/realsense/rs_d435i.hpp
[12.596s] -- Symlinking: /root/ros2_ws/install/realsense_ros/include/realsense/rs_factory.hpp
[12.599s] -- Symlinking: /root/ros2_ws/install/realsense_ros/include/realsense/rs_t265.hpp
[12.601s] -- Symlinking: /root/ros2_ws/install/realsense_ros/share/realsense_ros/environment/library_path.sh
[12.604s] -- Symlinking: /root/ros2_ws/install/realsense_ros/share/ament_index/resource_index/package_run_dependencies/realsense_ros
[12.606s] -- Symlinking: /root/ros2_ws/install/realsense_ros/share/ament_index/resource_index/parent_prefix_path/realsense_ros
[12.608s] -- Symlinking: /root/ros2_ws/install/realsense_ros/share/realsense_ros/environment/ament_prefix_path.sh
[12.611s] -- Symlinking: /root/ros2_ws/install/realsense_ros/share/realsense_ros/environment/path.sh
[12.613s] -- Symlinking: /root/ros2_ws/install/realsense_ros/share/realsense_ros/local_setup.bash
[12.615s] -- Symlinking: /root/ros2_ws/install/realsense_ros/share/realsense_ros/local_setup.sh
[12.618s] -- Symlinking: /root/ros2_ws/install/realsense_ros/share/realsense_ros/local_setup.zsh
[12.620s] -- Symlinking: /root/ros2_ws/install/realsense_ros/share/ament_index/resource_index/packages/realsense_ros
[12.623s] -- Symlinking: /root/ros2_ws/install/realsense_ros/share/ament_index/resource_index/rclcpp_components/realsense_ros
[12.626s] -- Symlinking: /root/ros2_ws/install/realsense_ros/share/realsense_ros/cmake/ament_cmake_export_include_directories-extras.cmake
[12.628s] -- Symlinking: /root/ros2_ws/install/realsense_ros/share/realsense_ros/cmake/ament_cmake_export_libraries-extras.cmake
[12.631s] -- Symlinking: /root/ros2_ws/install/realsense_ros/share/realsense_ros/cmake/realsense_rosConfig.cmake
[12.633s] -- Symlinking: /root/ros2_ws/install/realsense_ros/share/realsense_ros/cmake/realsense_rosConfig-version.cmake
[12.636s] -- Symlinking: /root/ros2_ws/install/realsense_ros/share/realsense_ros/package.xml
[12.641s] Invoked command in '/root/ros2_ws/build/realsense_ros' returned '0': AMENT_PREFIX_PATH=/root/ros2_ws/install/realsense_msgs:${AMENT_PREFIX_PATH} CMAKE_PREFIX_PATH=/root/ros2_ws/install/realsense_msgs:/opt/ros/dashing LD_LIBRARY_PATH=/root/ros2_ws/install/realsense_msgs/lib:${LD_LIBRARY_PATH} PYTHONPATH=/root/ros2_ws/install/realsense_msgs/lib/python3.6/site-packages:${PYTHONPATH} /usr/local/bin/cmake --build /root/ros2_ws/build/realsense_ros --target install -- -j16 -l16
