[0.012s] Invoking command in '/root/ros2_ws/build/grasp_ros2': AMENT_PREFIX_PATH=/root/ros2_ws/install/moveit_msgs:/root/ros2_ws/install/grasp_msgs:${AMENT_PREFIX_PATH} CMAKE_PREFIX_PATH=/root/ros2_ws/install/moveit_msgs:/root/ros2_ws/install/grasp_msgs:/opt/ros/dashing LD_LIBRARY_PATH=/root/ros2_ws/install/moveit_msgs/lib:/root/ros2_ws/install/grasp_msgs/lib:${LD_LIBRARY_PATH} PYTHONPATH=/root/ros2_ws/install/moveit_msgs/lib/python3.6/site-packages:/root/ros2_ws/install/grasp_msgs/lib/python3.6/site-packages:${PYTHONPATH} /usr/local/bin/cmake --build /root/ros2_ws/build/grasp_ros2 -- -j16 -l16
[0.041s] [ 11%] Built target gtest
[0.041s] [ 23%] Built target gtest_main
[0.052s] [ 47%] Built target grasp_plan
[0.059s] [ 70%] Built target grasp_detect
[0.063s] [ 88%] Built target tgrasp_ros2
[0.081s] [ 94%] [32m[1mLinking CXX executable grasp_ros2[0m
[1.372s] [100%] Built target grasp_ros2
[1.376s] Invoked command in '/root/ros2_ws/build/grasp_ros2' returned '0': AMENT_PREFIX_PATH=/root/ros2_ws/install/moveit_msgs:/root/ros2_ws/install/grasp_msgs:${AMENT_PREFIX_PATH} CMAKE_PREFIX_PATH=/root/ros2_ws/install/moveit_msgs:/root/ros2_ws/install/grasp_msgs:/opt/ros/dashing LD_LIBRARY_PATH=/root/ros2_ws/install/moveit_msgs/lib:/root/ros2_ws/install/grasp_msgs/lib:${LD_LIBRARY_PATH} PYTHONPATH=/root/ros2_ws/install/moveit_msgs/lib/python3.6/site-packages:/root/ros2_ws/install/grasp_msgs/lib/python3.6/site-packages:${PYTHONPATH} /usr/local/bin/cmake --build /root/ros2_ws/build/grasp_ros2 -- -j16 -l16
[1.421s] Invoking command in '/root/ros2_ws/build/grasp_ros2': AMENT_PREFIX_PATH=/root/ros2_ws/install/moveit_msgs:/root/ros2_ws/install/grasp_msgs:${AMENT_PREFIX_PATH} CMAKE_PREFIX_PATH=/root/ros2_ws/install/moveit_msgs:/root/ros2_ws/install/grasp_msgs:/opt/ros/dashing LD_LIBRARY_PATH=/root/ros2_ws/install/moveit_msgs/lib:/root/ros2_ws/install/grasp_msgs/lib:${LD_LIBRARY_PATH} PYTHONPATH=/root/ros2_ws/install/moveit_msgs/lib/python3.6/site-packages:/root/ros2_ws/install/grasp_msgs/lib/python3.6/site-packages:${PYTHONPATH} /usr/local/bin/cmake --build /root/ros2_ws/build/grasp_ros2 --target install -- -j16 -l16
[1.451s] [ 11%] Built target gtest
[1.451s] [ 23%] Built target gtest_main
[1.461s] [ 47%] Built target grasp_plan
[1.468s] [ 70%] Built target grasp_detect
[1.470s] [ 88%] Built target tgrasp_ros2
[1.490s] [100%] Built target grasp_ros2
[1.496s] [36mInstall the project...[0m
[1.500s] -- Install configuration: ""
[1.503s] -- Execute custom install script
[1.504s] -- Symlinking: /root/ros2_ws/install/grasp_ros2/lib/libgrasp_detect.so
[1.508s] -- Symlinking: /root/ros2_ws/install/grasp_ros2/lib/libgrasp_plan.so
[1.511s] -- Symlinking: /root/ros2_ws/install/grasp_ros2/bin/grasp_ros2
[1.514s] -- Symlinking: /root/ros2_ws/install/grasp_ros2/lib/grasp_ros2/grasp_ros2
[1.517s] -- Symlinking: /root/ros2_ws/install/grasp_ros2/include/grasp_library/ros2/consts.hpp
[1.519s] -- Symlinking: /root/ros2_ws/install/grasp_ros2/include/grasp_library/ros2/grasp_detector_base.hpp
[1.521s] -- Symlinking: /root/ros2_ws/install/grasp_ros2/include/grasp_library/ros2/grasp_detector_gpd.hpp
[1.523s] -- Symlinking: /root/ros2_ws/install/grasp_ros2/include/grasp_library/ros2/grasp_planner.hpp
[1.525s] -- Symlinking: /root/ros2_ws/install/grasp_ros2/include/grasp_library/ros2/ros_params.hpp
[1.528s] -- Symlinking: /root/ros2_ws/install/grasp_ros2/bin/tgrasp_ros2
[1.530s] -- Symlinking: /root/ros2_ws/install/grasp_ros2/lib/grasp_ros2/tgrasp_ros2
[1.532s] -- Symlinking: /root/ros2_ws/install/grasp_ros2/share/ament_index/resource_index/package_run_dependencies/grasp_ros2
[1.535s] -- Symlinking: /root/ros2_ws/install/grasp_ros2/share/ament_index/resource_index/parent_prefix_path/grasp_ros2
[1.537s] -- Symlinking: /root/ros2_ws/install/grasp_ros2/share/grasp_ros2/environment/ament_prefix_path.sh
[1.540s] -- Symlinking: /root/ros2_ws/install/grasp_ros2/share/grasp_ros2/environment/path.sh
[1.542s] -- Symlinking: /root/ros2_ws/install/grasp_ros2/share/grasp_ros2/local_setup.bash
[1.545s] -- Symlinking: /root/ros2_ws/install/grasp_ros2/share/grasp_ros2/local_setup.sh
[1.547s] -- Symlinking: /root/ros2_ws/install/grasp_ros2/share/grasp_ros2/local_setup.zsh
[1.550s] -- Symlinking: /root/ros2_ws/install/grasp_ros2/share/ament_index/resource_index/packages/grasp_ros2
[1.552s] -- Symlinking: /root/ros2_ws/install/grasp_ros2/share/ament_index/resource_index/rclcpp_components/grasp_ros2
[1.556s] -- Symlinking: /root/ros2_ws/install/grasp_ros2/share/grasp_ros2/cmake/grasp_ros2Config.cmake
[1.559s] -- Symlinking: /root/ros2_ws/install/grasp_ros2/share/grasp_ros2/cmake/grasp_ros2Config-version.cmake
[1.563s] -- Symlinking: /root/ros2_ws/install/grasp_ros2/share/grasp_ros2/package.xml
[1.571s] Invoked command in '/root/ros2_ws/build/grasp_ros2' returned '0': AMENT_PREFIX_PATH=/root/ros2_ws/install/moveit_msgs:/root/ros2_ws/install/grasp_msgs:${AMENT_PREFIX_PATH} CMAKE_PREFIX_PATH=/root/ros2_ws/install/moveit_msgs:/root/ros2_ws/install/grasp_msgs:/opt/ros/dashing LD_LIBRARY_PATH=/root/ros2_ws/install/moveit_msgs/lib:/root/ros2_ws/install/grasp_msgs/lib:${LD_LIBRARY_PATH} PYTHONPATH=/root/ros2_ws/install/moveit_msgs/lib/python3.6/site-packages:/root/ros2_ws/install/grasp_msgs/lib/python3.6/site-packages:${PYTHONPATH} /usr/local/bin/cmake --build /root/ros2_ws/build/grasp_ros2 --target install -- -j16 -l16
