[0.012s] Invoking command in '/root/ros2_ws/build/moveit_msgs': CMAKE_PREFIX_PATH=/opt/ros/dashing /usr/local/bin/cmake --build /root/ros2_ws/build/moveit_msgs -- -j16 -l16
[0.032s] [  1%] Built target moveit_msgs__cpp
[0.036s] [ 12%] Built target moveit_msgs__rosidl_generator_c
[0.044s] [ 24%] Built target moveit_msgs__rosidl_typesupport_introspection_cpp
[0.047s] [ 36%] Built target moveit_msgs__rosidl_typesupport_fastrtps_cpp
[0.049s] [ 48%] Built target moveit_msgs__rosidl_typesupport_introspection_c
[0.061s] [ 59%] Built target moveit_msgs__rosidl_typesupport_cpp
[0.061s] [ 71%] Built target moveit_msgs__rosidl_typesupport_fastrtps_c
[0.074s] [ 83%] Built target moveit_msgs__rosidl_typesupport_c
[0.080s] [ 83%] Built target moveit_msgs
[0.087s] [ 84%] Built target moveit_msgs__py
[0.103s] [ 94%] Built target moveit_msgs__python
[0.115s] [ 97%] Built target moveit_msgs__rosidl_typesupport_c__pyext
[0.115s] [100%] Built target moveit_msgs__rosidl_typesupport_fastrtps_c__pyext
[0.119s] Invoked command in '/root/ros2_ws/build/moveit_msgs' returned '0': CMAKE_PREFIX_PATH=/opt/ros/dashing /usr/local/bin/cmake --build /root/ros2_ws/build/moveit_msgs -- -j16 -l16
[0.207s] Invoking command in '/root/ros2_ws/build/moveit_msgs': CMAKE_PREFIX_PATH=/opt/ros/dashing /usr/local/bin/cmake --build /root/ros2_ws/build/moveit_msgs --target install -- -j16 -l16
[0.228s] [  1%] Built target moveit_msgs__cpp
[0.232s] [ 12%] Built target moveit_msgs__rosidl_generator_c
[0.240s] [ 24%] Built target moveit_msgs__rosidl_typesupport_introspection_cpp
[0.243s] [ 36%] Built target moveit_msgs__rosidl_typesupport_fastrtps_cpp
[0.245s] [ 48%] Built target moveit_msgs__rosidl_typesupport_introspection_c
[0.257s] [ 59%] Built target moveit_msgs__rosidl_typesupport_cpp
[0.257s] [ 71%] Built target moveit_msgs__rosidl_typesupport_fastrtps_c
[0.270s] [ 83%] Built target moveit_msgs__rosidl_typesupport_c
[0.277s] [ 83%] Built target moveit_msgs
[0.283s] [ 84%] Built target moveit_msgs__py
[0.298s] [ 94%] Built target moveit_msgs__python
[0.311s] [ 98%] Built target moveit_msgs__rosidl_typesupport_c__pyext
[0.311s] [100%] Built target moveit_msgs__rosidl_typesupport_fastrtps_c__pyext
[0.317s] [36mInstall the project...[0m
[0.319s] -- Install configuration: ""
[0.320s] -- Execute custom install script
[0.321s] -- Up-to-date symlink: /root/ros2_ws/install/moveit_msgs/share/ament_index/resource_index/rosidl_interfaces/moveit_msgs
[0.322s] -- Up-to-date symlink: /root/ros2_ws/install/moveit_msgs/lib/libmoveit_msgs__rosidl_typesupport_c.so
[0.322s] -- Up-to-date symlink: /root/ros2_ws/install/moveit_msgs/share/moveit_msgs/environment/library_path.sh
[0.323s] -- Up-to-date symlink: /root/ros2_ws/install/moveit_msgs/lib/libmoveit_msgs__rosidl_typesupport_cpp.so
[0.324s] -- Up-to-date symlink: /root/ros2_ws/install/moveit_msgs/include/moveit_msgs/msg/collision_object__rosidl_typesupport_fastrtps_c.h
[0.325s] -- Up-to-date symlink: /root/ros2_ws/install/moveit_msgs/include/moveit_msgs/msg/grasp__rosidl_typesupport_fastrtps_c.h
[0.325s] -- Up-to-date symlink: /root/ros2_ws/install/moveit_msgs/include/moveit_msgs/msg/gripper_translation__rosidl_typesupport_fastrtps_c.h
[0.326s] -- Up-to-date symlink: /root/ros2_ws/install/moveit_msgs/include/moveit_msgs/msg/move_it_error_codes__rosidl_typesupport_fastrtps_c.h
[0.326s] -- Up-to-date symlink: /root/ros2_ws/install/moveit_msgs/include/moveit_msgs/msg/object_type__rosidl_typesupport_fastrtps_c.h
[0.326s] -- Up-to-date symlink: /root/ros2_ws/install/moveit_msgs/include/moveit_msgs/msg/place_location__rosidl_typesupport_fastrtps_c.h
[0.326s] -- Up-to-date symlink: /root/ros2_ws/install/moveit_msgs/include/moveit_msgs/msg/rosidl_typesupport_fastrtps_c__visibility_control.h
[0.327s] -- Up-to-date symlink: /root/ros2_ws/install/moveit_msgs/include/moveit_msgs/srv/grasp_planning__rosidl_typesupport_fastrtps_c.h
[0.327s] -- Up-to-date symlink: /root/ros2_ws/install/moveit_msgs/lib/libmoveit_msgs__rosidl_typesupport_fastrtps_c.so
[0.330s] -- Up-to-date symlink: /root/ros2_ws/install/moveit_msgs/include/moveit_msgs/msg/collision_object.h
[0.330s] -- Up-to-date symlink: /root/ros2_ws/install/moveit_msgs/include/moveit_msgs/msg/collision_object__functions.h
[0.330s] -- Up-to-date symlink: /root/ros2_ws/install/moveit_msgs/include/moveit_msgs/msg/collision_object__struct.h
[0.330s] -- Up-to-date symlink: /root/ros2_ws/install/moveit_msgs/include/moveit_msgs/msg/collision_object__type_support.h
[0.330s] -- Up-to-date symlink: /root/ros2_ws/install/moveit_msgs/include/moveit_msgs/msg/grasp.h
[0.330s] -- Up-to-date symlink: /root/ros2_ws/install/moveit_msgs/include/moveit_msgs/msg/grasp__functions.h
[0.331s] -- Up-to-date symlink: /root/ros2_ws/install/moveit_msgs/include/moveit_msgs/msg/grasp__struct.h
[0.331s] -- Up-to-date symlink: /root/ros2_ws/install/moveit_msgs/include/moveit_msgs/msg/grasp__type_support.h
[0.331s] -- Up-to-date symlink: /root/ros2_ws/install/moveit_msgs/include/moveit_msgs/msg/gripper_translation.h
[0.332s] -- Up-to-date symlink: /root/ros2_ws/install/moveit_msgs/include/moveit_msgs/msg/gripper_translation__functions.h
[0.332s] -- Up-to-date symlink: /root/ros2_ws/install/moveit_msgs/include/moveit_msgs/msg/gripper_translation__struct.h
[0.332s] -- Up-to-date symlink: /root/ros2_ws/install/moveit_msgs/include/moveit_msgs/msg/gripper_translation__type_support.h
[0.332s] -- Up-to-date symlink: /root/ros2_ws/install/moveit_msgs/include/moveit_msgs/msg/move_it_error_codes.h
[0.333s] -- Up-to-date symlink: /root/ros2_ws/install/moveit_msgs/include/moveit_msgs/msg/move_it_error_codes__functions.h
[0.333s] -- Up-to-date symlink: /root/ros2_ws/install/moveit_msgs/include/moveit_msgs/msg/move_it_error_codes__struct.h
[0.333s] -- Up-to-date symlink: /root/ros2_ws/install/moveit_msgs/include/moveit_msgs/msg/move_it_error_codes__type_support.h
[0.334s] -- Up-to-date symlink: /root/ros2_ws/install/moveit_msgs/include/moveit_msgs/msg/object_type.h
[0.334s] -- Up-to-date symlink: /root/ros2_ws/install/moveit_msgs/include/moveit_msgs/msg/object_type__functions.h
[0.334s] -- Up-to-date symlink: /root/ros2_ws/install/moveit_msgs/include/moveit_msgs/msg/object_type__struct.h
[0.335s] -- Up-to-date symlink: /root/ros2_ws/install/moveit_msgs/include/moveit_msgs/msg/object_type__type_support.h
[0.335s] -- Up-to-date symlink: /root/ros2_ws/install/moveit_msgs/include/moveit_msgs/msg/place_location.h
[0.335s] -- Up-to-date symlink: /root/ros2_ws/install/moveit_msgs/include/moveit_msgs/msg/place_location__functions.h
[0.336s] -- Up-to-date symlink: /root/ros2_ws/install/moveit_msgs/include/moveit_msgs/msg/place_location__struct.h
[0.336s] -- Up-to-date symlink: /root/ros2_ws/install/moveit_msgs/include/moveit_msgs/msg/place_location__type_support.h
[0.336s] -- Up-to-date symlink: /root/ros2_ws/install/moveit_msgs/include/moveit_msgs/msg/rosidl_generator_c__visibility_control.h
[0.336s] -- Up-to-date symlink: /root/ros2_ws/install/moveit_msgs/include/moveit_msgs/srv/grasp_planning.h
[0.337s] -- Up-to-date symlink: /root/ros2_ws/install/moveit_msgs/include/moveit_msgs/srv/grasp_planning__functions.h
[0.337s] -- Up-to-date symlink: /root/ros2_ws/install/moveit_msgs/include/moveit_msgs/srv/grasp_planning__struct.h
[0.337s] -- Up-to-date symlink: /root/ros2_ws/install/moveit_msgs/include/moveit_msgs/srv/grasp_planning__type_support.h
[0.338s] -- Up-to-date symlink: /root/ros2_ws/install/moveit_msgs/lib/libmoveit_msgs__rosidl_generator_c.so
[0.340s] -- Up-to-date symlink: /root/ros2_ws/install/moveit_msgs/include/moveit_msgs/msg/collision_object__rosidl_typesupport_fastrtps_cpp.hpp
[0.340s] -- Up-to-date symlink: /root/ros2_ws/install/moveit_msgs/include/moveit_msgs/msg/grasp__rosidl_typesupport_fastrtps_cpp.hpp
[0.340s] -- Up-to-date symlink: /root/ros2_ws/install/moveit_msgs/include/moveit_msgs/msg/gripper_translation__rosidl_typesupport_fastrtps_cpp.hpp
[0.341s] -- Up-to-date symlink: /root/ros2_ws/install/moveit_msgs/include/moveit_msgs/msg/move_it_error_codes__rosidl_typesupport_fastrtps_cpp.hpp
[0.341s] -- Up-to-date symlink: /root/ros2_ws/install/moveit_msgs/include/moveit_msgs/msg/object_type__rosidl_typesupport_fastrtps_cpp.hpp
[0.341s] -- Up-to-date symlink: /root/ros2_ws/install/moveit_msgs/include/moveit_msgs/msg/place_location__rosidl_typesupport_fastrtps_cpp.hpp
[0.342s] -- Up-to-date symlink: /root/ros2_ws/install/moveit_msgs/include/moveit_msgs/msg/rosidl_typesupport_fastrtps_cpp__visibility_control.h
[0.342s] -- Up-to-date symlink: /root/ros2_ws/install/moveit_msgs/include/moveit_msgs/srv/grasp_planning__rosidl_typesupport_fastrtps_cpp.hpp
[0.343s] -- Up-to-date symlink: /root/ros2_ws/install/moveit_msgs/lib/libmoveit_msgs__rosidl_typesupport_fastrtps_cpp.so
[0.344s] -- Up-to-date symlink: /root/ros2_ws/install/moveit_msgs/include/moveit_msgs/msg/collision_object.hpp
[0.345s] -- Up-to-date symlink: /root/ros2_ws/install/moveit_msgs/include/moveit_msgs/msg/collision_object__struct.hpp
[0.345s] -- Up-to-date symlink: /root/ros2_ws/install/moveit_msgs/include/moveit_msgs/msg/collision_object__traits.hpp
[0.345s] -- Up-to-date symlink: /root/ros2_ws/install/moveit_msgs/include/moveit_msgs/msg/grasp.hpp
[0.345s] -- Up-to-date symlink: /root/ros2_ws/install/moveit_msgs/include/moveit_msgs/msg/grasp__struct.hpp
[0.346s] -- Up-to-date symlink: /root/ros2_ws/install/moveit_msgs/include/moveit_msgs/msg/grasp__traits.hpp
[0.346s] -- Up-to-date symlink: /root/ros2_ws/install/moveit_msgs/include/moveit_msgs/msg/gripper_translation.hpp
[0.346s] -- Up-to-date symlink: /root/ros2_ws/install/moveit_msgs/include/moveit_msgs/msg/gripper_translation__struct.hpp
[0.347s] -- Up-to-date symlink: /root/ros2_ws/install/moveit_msgs/include/moveit_msgs/msg/gripper_translation__traits.hpp
[0.347s] -- Up-to-date symlink: /root/ros2_ws/install/moveit_msgs/include/moveit_msgs/msg/move_it_error_codes.hpp
[0.347s] -- Up-to-date symlink: /root/ros2_ws/install/moveit_msgs/include/moveit_msgs/msg/move_it_error_codes__struct.hpp
[0.348s] -- Up-to-date symlink: /root/ros2_ws/install/moveit_msgs/include/moveit_msgs/msg/move_it_error_codes__traits.hpp
[0.348s] -- Up-to-date symlink: /root/ros2_ws/install/moveit_msgs/include/moveit_msgs/msg/object_type.hpp
[0.348s] -- Up-to-date symlink: /root/ros2_ws/install/moveit_msgs/include/moveit_msgs/msg/object_type__struct.hpp
[0.349s] -- Up-to-date symlink: /root/ros2_ws/install/moveit_msgs/include/moveit_msgs/msg/object_type__traits.hpp
[0.349s] -- Up-to-date symlink: /root/ros2_ws/install/moveit_msgs/include/moveit_msgs/msg/place_location.hpp
[0.349s] -- Up-to-date symlink: /root/ros2_ws/install/moveit_msgs/include/moveit_msgs/msg/place_location__struct.hpp
[0.349s] -- Up-to-date symlink: /root/ros2_ws/install/moveit_msgs/include/moveit_msgs/msg/place_location__traits.hpp
[0.350s] -- Up-to-date symlink: /root/ros2_ws/install/moveit_msgs/include/moveit_msgs/srv/grasp_planning.hpp
[0.350s] -- Up-to-date symlink: /root/ros2_ws/install/moveit_msgs/include/moveit_msgs/srv/grasp_planning__struct.hpp
[0.350s] -- Up-to-date symlink: /root/ros2_ws/install/moveit_msgs/include/moveit_msgs/srv/grasp_planning__traits.hpp
[0.352s] -- Up-to-date symlink: /root/ros2_ws/install/moveit_msgs/include/moveit_msgs/msg/collision_object__rosidl_typesupport_introspection_c.h
[0.352s] -- Up-to-date symlink: /root/ros2_ws/install/moveit_msgs/include/moveit_msgs/msg/grasp__rosidl_typesupport_introspection_c.h
[0.352s] -- Up-to-date symlink: /root/ros2_ws/install/moveit_msgs/include/moveit_msgs/msg/gripper_translation__rosidl_typesupport_introspection_c.h
[0.353s] -- Up-to-date symlink: /root/ros2_ws/install/moveit_msgs/include/moveit_msgs/msg/move_it_error_codes__rosidl_typesupport_introspection_c.h
[0.353s] -- Up-to-date symlink: /root/ros2_ws/install/moveit_msgs/include/moveit_msgs/msg/object_type__rosidl_typesupport_introspection_c.h
[0.353s] -- Up-to-date symlink: /root/ros2_ws/install/moveit_msgs/include/moveit_msgs/msg/place_location__rosidl_typesupport_introspection_c.h
[0.353s] -- Up-to-date symlink: /root/ros2_ws/install/moveit_msgs/include/moveit_msgs/msg/rosidl_typesupport_introspection_c__visibility_control.h
[0.354s] -- Up-to-date symlink: /root/ros2_ws/install/moveit_msgs/include/moveit_msgs/srv/grasp_planning__rosidl_typesupport_introspection_c.h
[0.355s] -- Up-to-date symlink: /root/ros2_ws/install/moveit_msgs/lib/libmoveit_msgs__rosidl_typesupport_introspection_c.so
[0.356s] -- Up-to-date symlink: /root/ros2_ws/install/moveit_msgs/include/moveit_msgs/msg/collision_object__rosidl_typesupport_introspection_cpp.hpp
[0.356s] -- Up-to-date symlink: /root/ros2_ws/install/moveit_msgs/include/moveit_msgs/msg/grasp__rosidl_typesupport_introspection_cpp.hpp
[0.356s] -- Up-to-date symlink: /root/ros2_ws/install/moveit_msgs/include/moveit_msgs/msg/gripper_translation__rosidl_typesupport_introspection_cpp.hpp
[0.357s] -- Up-to-date symlink: /root/ros2_ws/install/moveit_msgs/include/moveit_msgs/msg/move_it_error_codes__rosidl_typesupport_introspection_cpp.hpp
[0.357s] -- Up-to-date symlink: /root/ros2_ws/install/moveit_msgs/include/moveit_msgs/msg/object_type__rosidl_typesupport_introspection_cpp.hpp
[0.357s] -- Up-to-date symlink: /root/ros2_ws/install/moveit_msgs/include/moveit_msgs/msg/place_location__rosidl_typesupport_introspection_cpp.hpp
[0.358s] -- Up-to-date symlink: /root/ros2_ws/install/moveit_msgs/include/moveit_msgs/srv/grasp_planning__rosidl_typesupport_introspection_cpp.hpp
[0.358s] -- Up-to-date symlink: /root/ros2_ws/install/moveit_msgs/lib/libmoveit_msgs__rosidl_typesupport_introspection_cpp.so
[0.359s] -- Up-to-date symlink: /root/ros2_ws/install/moveit_msgs/share/moveit_msgs/environment/pythonpath.sh
[0.359s] -- Up-to-date symlink: /root/ros2_ws/install/moveit_msgs/lib/python3.6/site-packages/moveit_msgs/__init__.py
[0.361s] -- Up-to-date symlink: /root/ros2_ws/install/moveit_msgs/lib/python3.6/site-packages/moveit_msgs/msg/__init__.py
[0.361s] -- Up-to-date symlink: /root/ros2_ws/install/moveit_msgs/lib/python3.6/site-packages/moveit_msgs/msg/_collision_object.py
[0.361s] -- Up-to-date symlink: /root/ros2_ws/install/moveit_msgs/lib/python3.6/site-packages/moveit_msgs/msg/_grasp.py
[0.361s] -- Up-to-date symlink: /root/ros2_ws/install/moveit_msgs/lib/python3.6/site-packages/moveit_msgs/msg/_gripper_translation.py
[0.362s] -- Up-to-date symlink: /root/ros2_ws/install/moveit_msgs/lib/python3.6/site-packages/moveit_msgs/msg/_move_it_error_codes.py
[0.362s] -- Up-to-date symlink: /root/ros2_ws/install/moveit_msgs/lib/python3.6/site-packages/moveit_msgs/msg/_object_type.py
[0.362s] -- Up-to-date symlink: /root/ros2_ws/install/moveit_msgs/lib/python3.6/site-packages/moveit_msgs/msg/_place_location.py
[0.363s] -- Up-to-date symlink: /root/ros2_ws/install/moveit_msgs/lib/python3.6/site-packages/moveit_msgs/srv/__init__.py
[0.364s] -- Up-to-date symlink: /root/ros2_ws/install/moveit_msgs/lib/python3.6/site-packages/moveit_msgs/srv/_grasp_planning.py
[0.365s] -- Up-to-date symlink: /root/ros2_ws/install/moveit_msgs/lib/python3.6/site-packages/moveit_msgs/moveit_msgs_s__rosidl_typesupport_c.cpython-36m-x86_64-linux-gnu.so
[0.365s] -- Up-to-date symlink: /root/ros2_ws/install/moveit_msgs/lib/python3.6/site-packages/moveit_msgs/moveit_msgs_s__rosidl_typesupport_fastrtps_c.cpython-36m-x86_64-linux-gnu.so
[0.366s] -- Up-to-date symlink: /root/ros2_ws/install/moveit_msgs/lib/libmoveit_msgs__python.so
[0.367s] -- Up-to-date symlink: /root/ros2_ws/install/moveit_msgs/share/moveit_msgs/msg/CollisionObject.idl
[0.367s] -- Up-to-date symlink: /root/ros2_ws/install/moveit_msgs/share/moveit_msgs/msg/Grasp.idl
[0.368s] -- Up-to-date symlink: /root/ros2_ws/install/moveit_msgs/share/moveit_msgs/msg/GripperTranslation.idl
[0.368s] -- Up-to-date symlink: /root/ros2_ws/install/moveit_msgs/share/moveit_msgs/msg/MoveItErrorCodes.idl
[0.369s] -- Up-to-date symlink: /root/ros2_ws/install/moveit_msgs/share/moveit_msgs/msg/ObjectType.idl
[0.370s] -- Up-to-date symlink: /root/ros2_ws/install/moveit_msgs/share/moveit_msgs/msg/PlaceLocation.idl
[0.370s] -- Up-to-date symlink: /root/ros2_ws/install/moveit_msgs/share/moveit_msgs/srv/GraspPlanning.idl
[0.371s] -- Up-to-date symlink: /root/ros2_ws/install/moveit_msgs/share/moveit_msgs/msg/CollisionObject.msg
[0.372s] -- Up-to-date symlink: /root/ros2_ws/install/moveit_msgs/share/moveit_msgs/msg/Grasp.msg
[0.372s] -- Up-to-date symlink: /root/ros2_ws/install/moveit_msgs/share/moveit_msgs/msg/GripperTranslation.msg
[0.373s] -- Up-to-date symlink: /root/ros2_ws/install/moveit_msgs/share/moveit_msgs/msg/MoveItErrorCodes.msg
[0.373s] -- Up-to-date symlink: /root/ros2_ws/install/moveit_msgs/share/moveit_msgs/msg/ObjectType.msg
[0.373s] -- Up-to-date symlink: /root/ros2_ws/install/moveit_msgs/share/moveit_msgs/msg/PlaceLocation.msg
[0.374s] -- Up-to-date symlink: /root/ros2_ws/install/moveit_msgs/share/moveit_msgs/srv/GraspPlanning.srv
[0.374s] -- Up-to-date symlink: /root/ros2_ws/install/moveit_msgs/share/moveit_msgs/srv/GraspPlanning_Request.msg
[0.375s] -- Up-to-date symlink: /root/ros2_ws/install/moveit_msgs/share/moveit_msgs/srv/GraspPlanning_Response.msg
[0.376s] -- Up-to-date symlink: /root/ros2_ws/install/moveit_msgs/share/ament_index/resource_index/package_run_dependencies/moveit_msgs
[0.376s] -- Up-to-date symlink: /root/ros2_ws/install/moveit_msgs/share/ament_index/resource_index/parent_prefix_path/moveit_msgs
[0.377s] -- Up-to-date symlink: /root/ros2_ws/install/moveit_msgs/share/moveit_msgs/environment/ament_prefix_path.sh
[0.377s] -- Up-to-date symlink: /root/ros2_ws/install/moveit_msgs/share/moveit_msgs/environment/path.sh
[0.378s] -- Up-to-date symlink: /root/ros2_ws/install/moveit_msgs/share/moveit_msgs/local_setup.bash
[0.378s] -- Up-to-date symlink: /root/ros2_ws/install/moveit_msgs/share/moveit_msgs/local_setup.sh
[0.379s] -- Up-to-date symlink: /root/ros2_ws/install/moveit_msgs/share/moveit_msgs/local_setup.zsh
[0.379s] -- Up-to-date symlink: /root/ros2_ws/install/moveit_msgs/share/ament_index/resource_index/packages/moveit_msgs
[0.380s] -- Up-to-date symlink: /root/ros2_ws/install/moveit_msgs/share/moveit_msgs/cmake/rosidl_cmake-extras.cmake
[0.381s] -- Up-to-date symlink: /root/ros2_ws/install/moveit_msgs/share/moveit_msgs/cmake/ament_cmake_export_dependencies-extras.cmake
[0.381s] -- Up-to-date symlink: /root/ros2_ws/install/moveit_msgs/share/moveit_msgs/cmake/ament_cmake_export_libraries-extras.cmake
[0.382s] -- Up-to-date symlink: /root/ros2_ws/install/moveit_msgs/share/moveit_msgs/cmake/ament_cmake_export_include_directories-extras.cmake
[0.382s] -- Up-to-date symlink: /root/ros2_ws/install/moveit_msgs/share/moveit_msgs/cmake/moveit_msgsConfig.cmake
[0.382s] -- Up-to-date symlink: /root/ros2_ws/install/moveit_msgs/share/moveit_msgs/cmake/moveit_msgsConfig-version.cmake
[0.383s] -- Up-to-date symlink: /root/ros2_ws/install/moveit_msgs/share/moveit_msgs/package.xml
[0.406s] Invoked command in '/root/ros2_ws/build/moveit_msgs' returned '0': CMAKE_PREFIX_PATH=/opt/ros/dashing /usr/local/bin/cmake --build /root/ros2_ws/build/moveit_msgs --target install -- -j16 -l16
